../Core/Src/main.c:102:5:main	72	static
../Core/Src/main.c:182:6:SystemClock_Config	88	static
../Core/Src/main.c:228:13:MX_ADC1_Init	56	static
../Core/Src/main.c:305:13:MX_TIM2_Init	40	static
../Core/Src/main.c:350:13:MX_TIM3_Init	40	static
../Core/Src/main.c:395:13:MX_TIM4_Init	48	static
../Core/Src/main.c:444:13:MX_TIM5_Init	56	static
../Core/Src/main.c:493:13:MX_USART2_UART_Init	8	static
../Core/Src/main.c:539:13:MX_DMA_Init	16	static
../Core/Src/main.c:558:13:MX_GPIO_Init	48	static
../Core/Src/main.c:630:6:HAL_TIM_PeriodElapsedCallback	24	static
../Core/Src/main.c:643:6:HAL_GPIO_EXTI_Callback	16	static
../Core/Src/main.c:651:10:micros	12	static
../Core/Src/main.c:662:6:Error_Handler	4	static,ignoring_inline_asm
