20:06:03 **** Incremental Build of configuration Debug for project FRA262_Studio3 ****
make -j16 all 
arm-none-eabi-gcc "../Core/Src/Encoder.c" -mcpu=cortex-m4 -std=gnu11 -g3 -DDEBUG -DUSE_HAL_DRIVER -DSTM32G474xx -c -I../Core/Inc -I../Drivers/STM32G4xx_HAL_Driver/Inc -I../Drivers/STM32G4xx_HAL_Driver/Inc/Legacy -I../Drivers/CMSIS/Device/ST/STM32G4xx/Include -I../Drivers/CMSIS/Include -O0 -ffunction-sections -fdata-sections -Wall -fstack-usage -fcyclomatic-complexity -MMD -MP -MF"Core/Src/Encoder.d" -MT"Core/Src/Encoder.o" --specs=nano.specs -mfpu=fpv4-sp-d16 -mfloat-abi=hard -mthumb -o "Core/Src/Encoder.o"
arm-none-eabi-gcc -o "FRA262_Studio3.elf" @"objects.list"   -mcpu=cortex-m4 -T"C:\Users\emper\STM32CubeIDE\workspace_1.14.1\FRA262_1DOF_ASRS\FRA262_Studio3\STM32G474RETX_FLASH.ld" --specs=nosys.specs -Wl,-Map="FRA262_Studio3.map" -Wl,--gc-sections -static --specs=nano.specs -mfpu=fpv4-sp-d16 -mfloat-abi=hard -mthumb -Wl,--start-group -lc -lm -Wl,--end-group
Finished building target: FRA262_Studio3.elf
 
arm-none-eabi-size  FRA262_Studio3.elf 
arm-none-eabi-objdump -h -S FRA262_Studio3.elf  > "FRA262_Studio3.list"
   text	   data	    bss	    dec	    hex	filename
  19168	     24	   1944	  21136	   5290	FRA262_Studio3.elf
Finished building: default.size.stdout
 
Finished building: FRA262_Studio3.list
 
20:06:27 **** Incremental Build of configuration Debug for project FRA262_Studio3 ****
make -j16 all 
arm-none-eabi-gcc "../Core/Src/Encoder.c" -mcpu=cortex-m4 -std=gnu11 -g3 -DDEBUG -DUSE_HAL_DRIVER -DSTM32G474xx -c -I../Core/Inc -I../Drivers/STM32G4xx_HAL_Driver/Inc -I../Drivers/STM32G4xx_HAL_Driver/Inc/Legacy -I../Drivers/CMSIS/Device/ST/STM32G4xx/Include -I../Drivers/CMSIS/Include -O0 -ffunction-sections -fdata-sections -Wall -fstack-usage -fcyclomatic-complexity -MMD -MP -MF"Core/Src/Encoder.d" -MT"Core/Src/Encoder.o" --specs=nano.specs -mfpu=fpv4-sp-d16 -mfloat-abi=hard -mthumb -o "Core/Src/Encoder.o"
arm-none-eabi-gcc -o "FRA262_Studio3.elf" @"objects.list"   -mcpu=cortex-m4 -T"C:\Users\emper\STM32CubeIDE\workspace_1.14.1\FRA262_1DOF_ASRS\FRA262_Studio3\STM32G474RETX_FLASH.ld" --specs=nosys.specs -Wl,-Map="FRA262_Studio3.map" -Wl,--gc-sections -static --specs=nano.specs -mfpu=fpv4-sp-d16 -mfloat-abi=hard -mthumb -Wl,--start-group -lc -lm -Wl,--end-group
Finished building target: FRA262_Studio3.elf
 
arm-none-eabi-size  FRA262_Studio3.elf 
arm-none-eabi-objdump -h -S FRA262_Studio3.elf  > "FRA262_Studio3.list"
   text	   data	    bss	    dec	    hex	filename
  19168	     24	   1944	  21136	   5290	FRA262_Studio3.elf
Finished building: default.size.stdout
 
Finished building: FRA262_Studio3.list
 
20:07:28 **** Incremental Build of configuration Debug for project FRA262_Studio3 ****
make -j16 all 
arm-none-eabi-gcc "../Core/Src/Encoder.c" -mcpu=cortex-m4 -std=gnu11 -g3 -DDEBUG -DUSE_HAL_DRIVER -DSTM32G474xx -c -I../Core/Inc -I../Drivers/STM32G4xx_HAL_Driver/Inc -I../Drivers/STM32G4xx_HAL_Driver/Inc/Legacy -I../Drivers/CMSIS/Device/ST/STM32G4xx/Include -I../Drivers/CMSIS/Include -O0 -ffunction-sections -fdata-sections -Wall -fstack-usage -fcyclomatic-complexity -MMD -MP -MF"Core/Src/Encoder.d" -MT"Core/Src/Encoder.o" --specs=nano.specs -mfpu=fpv4-sp-d16 -mfloat-abi=hard -mthumb -o "Core/Src/Encoder.o"
arm-none-eabi-gcc -o "FRA262_Studio3.elf" @"objects.list"   -mcpu=cortex-m4 -T"C:\Users\emper\STM32CubeIDE\workspace_1.14.1\FRA262_1DOF_ASRS\FRA262_Studio3\STM32G474RETX_FLASH.ld" --specs=nosys.specs -Wl,-Map="FRA262_Studio3.map" -Wl,--gc-sections -static --specs=nano.specs -mfpu=fpv4-sp-d16 -mfloat-abi=hard -mthumb -Wl,--start-group -lc -lm -Wl,--end-group
Finished building target: FRA262_Studio3.elf
 
arm-none-eabi-size  FRA262_Studio3.elf 
arm-none-eabi-objdump -h -S FRA262_Studio3.elf  > "FRA262_Studio3.list"
   text	   data	    bss	    dec	    hex	filename
  19172	     24	   1952	  21148	   529c	FRA262_Studio3.elf
Finished building: default.size.stdout
 
Finished building: FRA262_Studio3.list
 
20:13:53 **** Incremental Build of configuration Debug for project FRA262_Studio3 ****
make -j16 all 
arm-none-eabi-size  FRA262_Studio3.elf 
   text	   data	    bss	    dec	    hex	filename
  19172	     24	   1952	  21148	   529c	FRA262_Studio3.elf
Finished building: default.size.stdout
 
20:18:21 **** Incremental Build of configuration Debug for project FRA262_Studio3 ****
make -j16 all 
arm-none-eabi-gcc "../Core/Src/Encoder.c" -mcpu=cortex-m4 -std=gnu11 -g3 -DDEBUG -DUSE_HAL_DRIVER -DSTM32G474xx -c -I../Core/Inc -I../Drivers/STM32G4xx_HAL_Driver/Inc -I../Drivers/STM32G4xx_HAL_Driver/Inc/Legacy -I../Drivers/CMSIS/Device/ST/STM32G4xx/Include -I../Drivers/CMSIS/Include -O0 -ffunction-sections -fdata-sections -Wall -fstack-usage -fcyclomatic-complexity -MMD -MP -MF"Core/Src/Encoder.d" -MT"Core/Src/Encoder.o" --specs=nano.specs -mfpu=fpv4-sp-d16 -mfloat-abi=hard -mthumb -o "Core/Src/Encoder.o"
arm-none-eabi-gcc -o "FRA262_Studio3.elf" @"objects.list"   -mcpu=cortex-m4 -T"C:\Users\emper\STM32CubeIDE\workspace_1.14.1\FRA262_1DOF_ASRS\FRA262_Studio3\STM32G474RETX_FLASH.ld" --specs=nosys.specs -Wl,-Map="FRA262_Studio3.map" -Wl,--gc-sections -static --specs=nano.specs -mfpu=fpv4-sp-d16 -mfloat-abi=hard -mthumb -Wl,--start-group -lc -lm -Wl,--end-group
Finished building target: FRA262_Studio3.elf
 
arm-none-eabi-size  FRA262_Studio3.elf 
arm-none-eabi-objdump -h -S FRA262_Studio3.elf  > "FRA262_Studio3.list"
   text	   data	    bss	    dec	    hex	filename
  19172	     24	   1952	  21148	   529c	FRA262_Studio3.elf
Finished building: default.size.stdout
 
Finished building: FRA262_Studio3.list
 
20:26:34 **** Incremental Build of configuration Debug for project FRA262_Studio3 ****
make -j16 all 
arm-none-eabi-size  FRA262_Studio3.elf 
   text	   data	    bss	    dec	    hex	filename
  19172	     24	   1952	  21148	   529c	FRA262_Studio3.elf
Finished building: default.size.stdout
 
