02:43:12 **** Incremental Build of configuration Debug for project FRA262_Studio3 ****
make -j16 all 
arm-none-eabi-gcc "../Core/Src/Controller.c" -mcpu=cortex-m4 -std=gnu11 -g3 -DDEBUG -DUSE_HAL_DRIVER -DSTM32G474xx -c -I../Core/Inc -I../Drivers/STM32G4xx_HAL_Driver/Inc -I../Drivers/STM32G4xx_HAL_Driver/Inc/Legacy -I../Drivers/CMSIS/Device/ST/STM32G4xx/Include -I../Drivers/CMSIS/Include -O0 -ffunction-sections -fdata-sections -Wall -fstack-usage -fcyclomatic-complexity -MMD -MP -MF"Core/Src/Controller.d" -MT"Core/Src/Controller.o" --specs=nano.specs -mfpu=fpv4-sp-d16 -mfloat-abi=hard -mthumb -o "Core/Src/Controller.o"
../Core/Src/Controller.c: In function 'PIDController_Command':
../Core/Src/Controller.c:28:20: error: assignment to expression with array type
   28 |         PID->Error = setpoint - Feedback->LinearPosition;
      |                    ^
make: *** [Core/Src/subdir.mk:40: Core/Src/Controller.o] Error 1
"make -j16 all" terminated with exit code 2. Build might be incomplete.
18:03:32 **** Incremental Build of configuration Debug for project FRA262_Studio3 ****
make -j16 all 
arm-none-eabi-gcc "../Core/Src/Controller.c" -mcpu=cortex-m4 -std=gnu11 -g3 -DDEBUG -DUSE_HAL_DRIVER -DSTM32G474xx -c -I../Core/Inc -I../Drivers/STM32G4xx_HAL_Driver/Inc -I../Drivers/STM32G4xx_HAL_Driver/Inc/Legacy -I../Drivers/CMSIS/Device/ST/STM32G4xx/Include -I../Drivers/CMSIS/Include -O0 -ffunction-sections -fdata-sections -Wall -fstack-usage -fcyclomatic-complexity -MMD -MP -MF"Core/Src/Controller.d" -MT"Core/Src/Controller.o" --specs=nano.specs -mfpu=fpv4-sp-d16 -mfloat-abi=hard -mthumb -o "Core/Src/Controller.o"
../Core/Src/Controller.c: In function 'PIDController_Command':
../Core/Src/Controller.c:28:20: error: assignment to expression with array type
   28 |         PID->Error = setpoint - Feedback->LinearPosition;
      |                    ^
make: *** [Core/Src/subdir.mk:40: Core/Src/Controller.o] Error 1
"make -j16 all" terminated with exit code 2. Build might be incomplete.
18:03:39 **** Incremental Build of configuration Debug for project FRA262_Studio3 ****
make -j16 all 
arm-none-eabi-gcc "../Core/Src/Controller.c" -mcpu=cortex-m4 -std=gnu11 -g3 -DDEBUG -DUSE_HAL_DRIVER -DSTM32G474xx -c -I../Core/Inc -I../Drivers/STM32G4xx_HAL_Driver/Inc -I../Drivers/STM32G4xx_HAL_Driver/Inc/Legacy -I../Drivers/CMSIS/Device/ST/STM32G4xx/Include -I../Drivers/CMSIS/Include -O0 -ffunction-sections -fdata-sections -Wall -fstack-usage -fcyclomatic-complexity -MMD -MP -MF"Core/Src/Controller.d" -MT"Core/Src/Controller.o" --specs=nano.specs -mfpu=fpv4-sp-d16 -mfloat-abi=hard -mthumb -o "Core/Src/Controller.o"
../Core/Src/Controller.c: In function 'PIDController_Command':
../Core/Src/Controller.c:28:20: error: assignment to expression with array type
   28 |         PID->Error = setpoint - Feedback->LinearPosition;
      |                    ^
make: *** [Core/Src/subdir.mk:40: Core/Src/Controller.o] Error 1
"make -j16 all" terminated with exit code 2. Build might be incomplete.
18:04:44 **** Incremental Build of configuration Debug for project FRA262_Studio3 ****
make -j16 all 
arm-none-eabi-gcc "../Core/Src/Controller.c" -mcpu=cortex-m4 -std=gnu11 -g3 -DDEBUG -DUSE_HAL_DRIVER -DSTM32G474xx -c -I../Core/Inc -I../Drivers/STM32G4xx_HAL_Driver/Inc -I../Drivers/STM32G4xx_HAL_Driver/Inc/Legacy -I../Drivers/CMSIS/Device/ST/STM32G4xx/Include -I../Drivers/CMSIS/Include -O0 -ffunction-sections -fdata-sections -Wall -fstack-usage -fcyclomatic-complexity -MMD -MP -MF"Core/Src/Controller.d" -MT"Core/Src/Controller.o" --specs=nano.specs -mfpu=fpv4-sp-d16 -mfloat-abi=hard -mthumb -o "Core/Src/Controller.o"
arm-none-eabi-gcc -o "FRA262_Studio3.elf" @"objects.list"   -mcpu=cortex-m4 -T"C:\Users\emper\STM32CubeIDE\workspace_1.14.1\FRA262_1DOF_ASRS\FRA262_Studio3\STM32G474RETX_FLASH.ld" --specs=nosys.specs -Wl,-Map="FRA262_Studio3.map" -Wl,--gc-sections -static --specs=nano.specs -mfpu=fpv4-sp-d16 -mfloat-abi=hard -mthumb -Wl,--start-group -lc -lm -Wl,--end-group
Finished building target: FRA262_Studio3.elf
 
arm-none-eabi-size  FRA262_Studio3.elf 
arm-none-eabi-objdump -h -S FRA262_Studio3.elf  > "FRA262_Studio3.list"
   text	   data	    bss	    dec	    hex	filename
  19192	     24	   1952	  21168	   52b0	FRA262_Studio3.elf
Finished building: default.size.stdout
 
Finished building: FRA262_Studio3.list
 
18:05:05 **** Incremental Build of configuration Debug for project FRA262_Studio3 ****
make -j16 all 
arm-none-eabi-size  FRA262_Studio3.elf 
   text	   data	    bss	    dec	    hex	filename
  19192	     24	   1952	  21168	   52b0	FRA262_Studio3.elf
Finished building: default.size.stdout
 
18:05:16 **** Incremental Build of configuration Debug for project FRA262_Studio3 ****
make -j16 all 
arm-none-eabi-size  FRA262_Studio3.elf 
   text	   data	    bss	    dec	    hex	filename
  19192	     24	   1952	  21168	   52b0	FRA262_Studio3.elf
Finished building: default.size.stdout
 
18:06:18 **** Incremental Build of configuration Debug for project FRA262_Studio3 ****
make -j16 all 
arm-none-eabi-size  FRA262_Studio3.elf 
   text	   data	    bss	    dec	    hex	filename
  19192	     24	   1952	  21168	   52b0	FRA262_Studio3.elf
Finished building: default.size.stdout
 
18:07:51 **** Incremental Build of configuration Debug for project FRA262_Studio3 ****
make -j16 all 
arm-none-eabi-gcc "../Core/Src/main.c" -mcpu=cortex-m4 -std=gnu11 -g3 -DDEBUG -DUSE_HAL_DRIVER -DSTM32G474xx -c -I../Core/Inc -I../Drivers/STM32G4xx_HAL_Driver/Inc -I../Drivers/STM32G4xx_HAL_Driver/Inc/Legacy -I../Drivers/CMSIS/Device/ST/STM32G4xx/Include -I../Drivers/CMSIS/Include -O0 -ffunction-sections -fdata-sections -Wall -fstack-usage -fcyclomatic-complexity -MMD -MP -MF"Core/Src/main.d" -MT"Core/Src/main.o" --specs=nano.specs -mfpu=fpv4-sp-d16 -mfloat-abi=hard -mthumb -o "Core/Src/main.o"
arm-none-eabi-gcc -o "FRA262_Studio3.elf" @"objects.list"   -mcpu=cortex-m4 -T"C:\Users\emper\STM32CubeIDE\workspace_1.14.1\FRA262_1DOF_ASRS\FRA262_Studio3\STM32G474RETX_FLASH.ld" --specs=nosys.specs -Wl,-Map="FRA262_Studio3.map" -Wl,--gc-sections -static --specs=nano.specs -mfpu=fpv4-sp-d16 -mfloat-abi=hard -mthumb -Wl,--start-group -lc -lm -Wl,--end-group
Finished building target: FRA262_Studio3.elf
 
arm-none-eabi-size  FRA262_Studio3.elf 
arm-none-eabi-objdump -h -S FRA262_Studio3.elf  > "FRA262_Studio3.list"
   text	   data	    bss	    dec	    hex	filename
  15952	     20	   1944	  17916	   45fc	FRA262_Studio3.elf
Finished building: default.size.stdout
 
Finished building: FRA262_Studio3.list
 
18:08:17 **** Incremental Build of configuration Debug for project FRA262_Studio3 ****
make -j16 all 
arm-none-eabi-gcc "../Core/Src/main.c" -mcpu=cortex-m4 -std=gnu11 -g3 -DDEBUG -DUSE_HAL_DRIVER -DSTM32G474xx -c -I../Core/Inc -I../Drivers/STM32G4xx_HAL_Driver/Inc -I../Drivers/STM32G4xx_HAL_Driver/Inc/Legacy -I../Drivers/CMSIS/Device/ST/STM32G4xx/Include -I../Drivers/CMSIS/Include -O0 -ffunction-sections -fdata-sections -Wall -fstack-usage -fcyclomatic-complexity -MMD -MP -MF"Core/Src/main.d" -MT"Core/Src/main.o" --specs=nano.specs -mfpu=fpv4-sp-d16 -mfloat-abi=hard -mthumb -o "Core/Src/main.o"
arm-none-eabi-gcc -o "FRA262_Studio3.elf" @"objects.list"   -mcpu=cortex-m4 -T"C:\Users\emper\STM32CubeIDE\workspace_1.14.1\FRA262_1DOF_ASRS\FRA262_Studio3\STM32G474RETX_FLASH.ld" --specs=nosys.specs -Wl,-Map="FRA262_Studio3.map" -Wl,--gc-sections -static --specs=nano.specs -mfpu=fpv4-sp-d16 -mfloat-abi=hard -mthumb -Wl,--start-group -lc -lm -Wl,--end-group
Finished building target: FRA262_Studio3.elf
 
arm-none-eabi-size  FRA262_Studio3.elf 
arm-none-eabi-objdump -h -S FRA262_Studio3.elf  > "FRA262_Studio3.list"
   text	   data	    bss	    dec	    hex	filename
  19192	     24	   1952	  21168	   52b0	FRA262_Studio3.elf
Finished building: default.size.stdout
 
Finished building: FRA262_Studio3.list
 
18:10:15 **** Incremental Build of configuration Debug for project FRA262_Studio3 ****
make -j16 all 
arm-none-eabi-gcc "../Core/Src/Encoder.c" -mcpu=cortex-m4 -std=gnu11 -g3 -DDEBUG -DUSE_HAL_DRIVER -DSTM32G474xx -c -I../Core/Inc -I../Drivers/STM32G4xx_HAL_Driver/Inc -I../Drivers/STM32G4xx_HAL_Driver/Inc/Legacy -I../Drivers/CMSIS/Device/ST/STM32G4xx/Include -I../Drivers/CMSIS/Include -O0 -ffunction-sections -fdata-sections -Wall -fstack-usage -fcyclomatic-complexity -MMD -MP -MF"Core/Src/Encoder.d" -MT"Core/Src/Encoder.o" --specs=nano.specs -mfpu=fpv4-sp-d16 -mfloat-abi=hard -mthumb -o "Core/Src/Encoder.o"
arm-none-eabi-gcc -o "FRA262_Studio3.elf" @"objects.list"   -mcpu=cortex-m4 -T"C:\Users\emper\STM32CubeIDE\workspace_1.14.1\FRA262_1DOF_ASRS\FRA262_Studio3\STM32G474RETX_FLASH.ld" --specs=nosys.specs -Wl,-Map="FRA262_Studio3.map" -Wl,--gc-sections -static --specs=nano.specs -mfpu=fpv4-sp-d16 -mfloat-abi=hard -mthumb -Wl,--start-group -lc -lm -Wl,--end-group
Finished building target: FRA262_Studio3.elf
 
arm-none-eabi-size  FRA262_Studio3.elf 
arm-none-eabi-objdump -h -S FRA262_Studio3.elf  > "FRA262_Studio3.list"
   text	   data	    bss	    dec	    hex	filename
  19192	     24	   1952	  21168	   52b0	FRA262_Studio3.elf
Finished building: default.size.stdout
 
Finished building: FRA262_Studio3.list
 
18:12:14 **** Incremental Build of configuration Debug for project FRA262_Studio3 ****
make -j16 all 
arm-none-eabi-gcc "../Core/Src/Encoder.c" -mcpu=cortex-m4 -std=gnu11 -g3 -DDEBUG -DUSE_HAL_DRIVER -DSTM32G474xx -c -I../Core/Inc -I../Drivers/STM32G4xx_HAL_Driver/Inc -I../Drivers/STM32G4xx_HAL_Driver/Inc/Legacy -I../Drivers/CMSIS/Device/ST/STM32G4xx/Include -I../Drivers/CMSIS/Include -O0 -ffunction-sections -fdata-sections -Wall -fstack-usage -fcyclomatic-complexity -MMD -MP -MF"Core/Src/Encoder.d" -MT"Core/Src/Encoder.o" --specs=nano.specs -mfpu=fpv4-sp-d16 -mfloat-abi=hard -mthumb -o "Core/Src/Encoder.o"
arm-none-eabi-gcc "../Core/Src/main.c" -mcpu=cortex-m4 -std=gnu11 -g3 -DDEBUG -DUSE_HAL_DRIVER -DSTM32G474xx -c -I../Core/Inc -I../Drivers/STM32G4xx_HAL_Driver/Inc -I../Drivers/STM32G4xx_HAL_Driver/Inc/Legacy -I../Drivers/CMSIS/Device/ST/STM32G4xx/Include -I../Drivers/CMSIS/Include -O0 -ffunction-sections -fdata-sections -Wall -fstack-usage -fcyclomatic-complexity -MMD -MP -MF"Core/Src/main.d" -MT"Core/Src/main.o" --specs=nano.specs -mfpu=fpv4-sp-d16 -mfloat-abi=hard -mthumb -o "Core/Src/main.o"
arm-none-eabi-gcc -o "FRA262_Studio3.elf" @"objects.list"   -mcpu=cortex-m4 -T"C:\Users\emper\STM32CubeIDE\workspace_1.14.1\FRA262_1DOF_ASRS\FRA262_Studio3\STM32G474RETX_FLASH.ld" --specs=nosys.specs -Wl,-Map="FRA262_Studio3.map" -Wl,--gc-sections -static --specs=nano.specs -mfpu=fpv4-sp-d16 -mfloat-abi=hard -mthumb -Wl,--start-group -lc -lm -Wl,--end-group
Finished building target: FRA262_Studio3.elf
 
arm-none-eabi-size  FRA262_Studio3.elf 
arm-none-eabi-objdump -h -S FRA262_Studio3.elf  > "FRA262_Studio3.list"
   text	   data	    bss	    dec	    hex	filename
  19200	     24	   1952	  21176	   52b8	FRA262_Studio3.elf
Finished building: default.size.stdout
 
Finished building: FRA262_Studio3.list
 
18:13:21 **** Incremental Build of configuration Debug for project FRA262_Studio3 ****
make -j16 all 
arm-none-eabi-gcc "../Core/Src/main.c" -mcpu=cortex-m4 -std=gnu11 -g3 -DDEBUG -DUSE_HAL_DRIVER -DSTM32G474xx -c -I../Core/Inc -I../Drivers/STM32G4xx_HAL_Driver/Inc -I../Drivers/STM32G4xx_HAL_Driver/Inc/Legacy -I../Drivers/CMSIS/Device/ST/STM32G4xx/Include -I../Drivers/CMSIS/Include -O0 -ffunction-sections -fdata-sections -Wall -fstack-usage -fcyclomatic-complexity -MMD -MP -MF"Core/Src/main.d" -MT"Core/Src/main.o" --specs=nano.specs -mfpu=fpv4-sp-d16 -mfloat-abi=hard -mthumb -o "Core/Src/main.o"
arm-none-eabi-gcc -o "FRA262_Studio3.elf" @"objects.list"   -mcpu=cortex-m4 -T"C:\Users\emper\STM32CubeIDE\workspace_1.14.1\FRA262_1DOF_ASRS\FRA262_Studio3\STM32G474RETX_FLASH.ld" --specs=nosys.specs -Wl,-Map="FRA262_Studio3.map" -Wl,--gc-sections -static --specs=nano.specs -mfpu=fpv4-sp-d16 -mfloat-abi=hard -mthumb -Wl,--start-group -lc -lm -Wl,--end-group
Finished building target: FRA262_Studio3.elf
 
arm-none-eabi-size  FRA262_Studio3.elf 
arm-none-eabi-objdump -h -S FRA262_Studio3.elf  > "FRA262_Studio3.list"
   text	   data	    bss	    dec	    hex	filename
  19188	     24	   1952	  21164	   52ac	FRA262_Studio3.elf
Finished building: default.size.stdout
 
Finished building: FRA262_Studio3.list
 
18:15:36 **** Incremental Build of configuration Debug for project FRA262_Studio3 ****
make -j16 all 
arm-none-eabi-gcc "../Core/Src/Controller.c" -mcpu=cortex-m4 -std=gnu11 -g3 -DDEBUG -DUSE_HAL_DRIVER -DSTM32G474xx -c -I../Core/Inc -I../Drivers/STM32G4xx_HAL_Driver/Inc -I../Drivers/STM32G4xx_HAL_Driver/Inc/Legacy -I../Drivers/CMSIS/Device/ST/STM32G4xx/Include -I../Drivers/CMSIS/Include -O0 -ffunction-sections -fdata-sections -Wall -fstack-usage -fcyclomatic-complexity -MMD -MP -MF"Core/Src/Controller.d" -MT"Core/Src/Controller.o" --specs=nano.specs -mfpu=fpv4-sp-d16 -mfloat-abi=hard -mthumb -o "Core/Src/Controller.o"
arm-none-eabi-gcc "../Core/Src/Encoder.c" -mcpu=cortex-m4 -std=gnu11 -g3 -DDEBUG -DUSE_HAL_DRIVER -DSTM32G474xx -c -I../Core/Inc -I../Drivers/STM32G4xx_HAL_Driver/Inc -I../Drivers/STM32G4xx_HAL_Driver/Inc/Legacy -I../Drivers/CMSIS/Device/ST/STM32G4xx/Include -I../Drivers/CMSIS/Include -O0 -ffunction-sections -fdata-sections -Wall -fstack-usage -fcyclomatic-complexity -MMD -MP -MF"Core/Src/Encoder.d" -MT"Core/Src/Encoder.o" --specs=nano.specs -mfpu=fpv4-sp-d16 -mfloat-abi=hard -mthumb -o "Core/Src/Encoder.o"
arm-none-eabi-gcc "../Core/Src/main.c" -mcpu=cortex-m4 -std=gnu11 -g3 -DDEBUG -DUSE_HAL_DRIVER -DSTM32G474xx -c -I../Core/Inc -I../Drivers/STM32G4xx_HAL_Driver/Inc -I../Drivers/STM32G4xx_HAL_Driver/Inc/Legacy -I../Drivers/CMSIS/Device/ST/STM32G4xx/Include -I../Drivers/CMSIS/Include -O0 -ffunction-sections -fdata-sections -Wall -fstack-usage -fcyclomatic-complexity -MMD -MP -MF"Core/Src/main.d" -MT"Core/Src/main.o" --specs=nano.specs -mfpu=fpv4-sp-d16 -mfloat-abi=hard -mthumb -o "Core/Src/main.o"
arm-none-eabi-gcc -o "FRA262_Studio3.elf" @"objects.list"   -mcpu=cortex-m4 -T"C:\Users\emper\STM32CubeIDE\workspace_1.14.1\FRA262_1DOF_ASRS\FRA262_Studio3\STM32G474RETX_FLASH.ld" --specs=nosys.specs -Wl,-Map="FRA262_Studio3.map" -Wl,--gc-sections -static --specs=nano.specs -mfpu=fpv4-sp-d16 -mfloat-abi=hard -mthumb -Wl,--start-group -lc -lm -Wl,--end-group
Finished building target: FRA262_Studio3.elf
 
arm-none-eabi-size  FRA262_Studio3.elf 
arm-none-eabi-objdump -h -S FRA262_Studio3.elf  > "FRA262_Studio3.list"
   text	   data	    bss	    dec	    hex	filename
  19188	     24	   1952	  21164	   52ac	FRA262_Studio3.elf
Finished building: default.size.stdout
 
Finished building: FRA262_Studio3.list
 
18:17:09 **** Incremental Build of configuration Debug for project FRA262_Studio3 ****
make -j16 all 
arm-none-eabi-size  FRA262_Studio3.elf 
   text	   data	    bss	    dec	    hex	filename
  19188	     24	   1952	  21164	   52ac	FRA262_Studio3.elf
Finished building: default.size.stdout
 
18:20:00 **** Incremental Build of configuration Debug for project FRA262_Studio3 ****
make -j16 all 
arm-none-eabi-gcc "../Core/Src/Encoder.c" -mcpu=cortex-m4 -std=gnu11 -g3 -DDEBUG -DUSE_HAL_DRIVER -DSTM32G474xx -c -I../Core/Inc -I../Drivers/STM32G4xx_HAL_Driver/Inc -I../Drivers/STM32G4xx_HAL_Driver/Inc/Legacy -I../Drivers/CMSIS/Device/ST/STM32G4xx/Include -I../Drivers/CMSIS/Include -O0 -ffunction-sections -fdata-sections -Wall -fstack-usage -fcyclomatic-complexity -MMD -MP -MF"Core/Src/Encoder.d" -MT"Core/Src/Encoder.o" --specs=nano.specs -mfpu=fpv4-sp-d16 -mfloat-abi=hard -mthumb -o "Core/Src/Encoder.o"
arm-none-eabi-gcc "../Core/Src/main.c" -mcpu=cortex-m4 -std=gnu11 -g3 -DDEBUG -DUSE_HAL_DRIVER -DSTM32G474xx -c -I../Core/Inc -I../Drivers/STM32G4xx_HAL_Driver/Inc -I../Drivers/STM32G4xx_HAL_Driver/Inc/Legacy -I../Drivers/CMSIS/Device/ST/STM32G4xx/Include -I../Drivers/CMSIS/Include -O0 -ffunction-sections -fdata-sections -Wall -fstack-usage -fcyclomatic-complexity -MMD -MP -MF"Core/Src/main.d" -MT"Core/Src/main.o" --specs=nano.specs -mfpu=fpv4-sp-d16 -mfloat-abi=hard -mthumb -o "Core/Src/main.o"
arm-none-eabi-gcc -o "FRA262_Studio3.elf" @"objects.list"   -mcpu=cortex-m4 -T"C:\Users\emper\STM32CubeIDE\workspace_1.14.1\FRA262_1DOF_ASRS\FRA262_Studio3\STM32G474RETX_FLASH.ld" --specs=nosys.specs -Wl,-Map="FRA262_Studio3.map" -Wl,--gc-sections -static --specs=nano.specs -mfpu=fpv4-sp-d16 -mfloat-abi=hard -mthumb -Wl,--start-group -lc -lm -Wl,--end-group
Finished building target: FRA262_Studio3.elf
 
arm-none-eabi-size  FRA262_Studio3.elf 
arm-none-eabi-objdump -h -S FRA262_Studio3.elf  > "FRA262_Studio3.list"
   text	   data	    bss	    dec	    hex	filename
  19188	     24	   1952	  21164	   52ac	FRA262_Studio3.elf
Finished building: default.size.stdout
 
Finished building: FRA262_Studio3.list
 
18:21:01 **** Incremental Build of configuration Debug for project FRA262_Studio3 ****
make -j16 all 
arm-none-eabi-gcc "../Core/Src/main.c" -mcpu=cortex-m4 -std=gnu11 -g3 -DDEBUG -DUSE_HAL_DRIVER -DSTM32G474xx -c -I../Core/Inc -I../Drivers/STM32G4xx_HAL_Driver/Inc -I../Drivers/STM32G4xx_HAL_Driver/Inc/Legacy -I../Drivers/CMSIS/Device/ST/STM32G4xx/Include -I../Drivers/CMSIS/Include -O0 -ffunction-sections -fdata-sections -Wall -fstack-usage -fcyclomatic-complexity -MMD -MP -MF"Core/Src/main.d" -MT"Core/Src/main.o" --specs=nano.specs -mfpu=fpv4-sp-d16 -mfloat-abi=hard -mthumb -o "Core/Src/main.o"
arm-none-eabi-gcc -o "FRA262_Studio3.elf" @"objects.list"   -mcpu=cortex-m4 -T"C:\Users\emper\STM32CubeIDE\workspace_1.14.1\FRA262_1DOF_ASRS\FRA262_Studio3\STM32G474RETX_FLASH.ld" --specs=nosys.specs -Wl,-Map="FRA262_Studio3.map" -Wl,--gc-sections -static --specs=nano.specs -mfpu=fpv4-sp-d16 -mfloat-abi=hard -mthumb -Wl,--start-group -lc -lm -Wl,--end-group
Finished building target: FRA262_Studio3.elf
 
arm-none-eabi-size  FRA262_Studio3.elf 
arm-none-eabi-objdump -h -S FRA262_Studio3.elf  > "FRA262_Studio3.list"
   text	   data	    bss	    dec	    hex	filename
  19192	     24	   1952	  21168	   52b0	FRA262_Studio3.elf
Finished building: default.size.stdout
 
Finished building: FRA262_Studio3.list
 
18:22:02 **** Incremental Build of configuration Debug for project FRA262_Studio3 ****
make -j16 all 
arm-none-eabi-gcc "../Core/Src/main.c" -mcpu=cortex-m4 -std=gnu11 -g3 -DDEBUG -DUSE_HAL_DRIVER -DSTM32G474xx -c -I../Core/Inc -I../Drivers/STM32G4xx_HAL_Driver/Inc -I../Drivers/STM32G4xx_HAL_Driver/Inc/Legacy -I../Drivers/CMSIS/Device/ST/STM32G4xx/Include -I../Drivers/CMSIS/Include -O0 -ffunction-sections -fdata-sections -Wall -fstack-usage -fcyclomatic-complexity -MMD -MP -MF"Core/Src/main.d" -MT"Core/Src/main.o" --specs=nano.specs -mfpu=fpv4-sp-d16 -mfloat-abi=hard -mthumb -o "Core/Src/main.o"
arm-none-eabi-gcc -o "FRA262_Studio3.elf" @"objects.list"   -mcpu=cortex-m4 -T"C:\Users\emper\STM32CubeIDE\workspace_1.14.1\FRA262_1DOF_ASRS\FRA262_Studio3\STM32G474RETX_FLASH.ld" --specs=nosys.specs -Wl,-Map="FRA262_Studio3.map" -Wl,--gc-sections -static --specs=nano.specs -mfpu=fpv4-sp-d16 -mfloat-abi=hard -mthumb -Wl,--start-group -lc -lm -Wl,--end-group
Finished building target: FRA262_Studio3.elf
 
arm-none-eabi-size  FRA262_Studio3.elf 
arm-none-eabi-objdump -h -S FRA262_Studio3.elf  > "FRA262_Studio3.list"
   text	   data	    bss	    dec	    hex	filename
  15952	     20	   1944	  17916	   45fc	FRA262_Studio3.elf
Finished building: default.size.stdout
 
Finished building: FRA262_Studio3.list
 
18:23:32 **** Incremental Build of configuration Debug for project FRA262_Studio3 ****
make -j16 all 
arm-none-eabi-gcc "../Core/Src/Controller.c" -mcpu=cortex-m4 -std=gnu11 -g3 -DDEBUG -DUSE_HAL_DRIVER -DSTM32G474xx -c -I../Core/Inc -I../Drivers/STM32G4xx_HAL_Driver/Inc -I../Drivers/STM32G4xx_HAL_Driver/Inc/Legacy -I../Drivers/CMSIS/Device/ST/STM32G4xx/Include -I../Drivers/CMSIS/Include -O0 -ffunction-sections -fdata-sections -Wall -fstack-usage -fcyclomatic-complexity -MMD -MP -MF"Core/Src/Controller.d" -MT"Core/Src/Controller.o" --specs=nano.specs -mfpu=fpv4-sp-d16 -mfloat-abi=hard -mthumb -o "Core/Src/Controller.o"
arm-none-eabi-gcc "../Core/Src/Encoder.c" -mcpu=cortex-m4 -std=gnu11 -g3 -DDEBUG -DUSE_HAL_DRIVER -DSTM32G474xx -c -I../Core/Inc -I../Drivers/STM32G4xx_HAL_Driver/Inc -I../Drivers/STM32G4xx_HAL_Driver/Inc/Legacy -I../Drivers/CMSIS/Device/ST/STM32G4xx/Include -I../Drivers/CMSIS/Include -O0 -ffunction-sections -fdata-sections -Wall -fstack-usage -fcyclomatic-complexity -MMD -MP -MF"Core/Src/Encoder.d" -MT"Core/Src/Encoder.o" --specs=nano.specs -mfpu=fpv4-sp-d16 -mfloat-abi=hard -mthumb -o "Core/Src/Encoder.o"
arm-none-eabi-gcc "../Core/Src/main.c" -mcpu=cortex-m4 -std=gnu11 -g3 -DDEBUG -DUSE_HAL_DRIVER -DSTM32G474xx -c -I../Core/Inc -I../Drivers/STM32G4xx_HAL_Driver/Inc -I../Drivers/STM32G4xx_HAL_Driver/Inc/Legacy -I../Drivers/CMSIS/Device/ST/STM32G4xx/Include -I../Drivers/CMSIS/Include -O0 -ffunction-sections -fdata-sections -Wall -fstack-usage -fcyclomatic-complexity -MMD -MP -MF"Core/Src/main.d" -MT"Core/Src/main.o" --specs=nano.specs -mfpu=fpv4-sp-d16 -mfloat-abi=hard -mthumb -o "Core/Src/main.o"
In file included from ../Core/Inc/stm32g4xx_hal_conf.h:344,
                 from ../Drivers/STM32G4xx_HAL_Driver/Inc/stm32g4xx_hal.h:29,
                 from ../Core/Inc/main.h:30,
                 from ../Core/Inc/Encoder.h:11,
                 from ../Core/Src/Encoder.c:8:
../Core/Src/Encoder.c: In function 'QEIEncoder_Update':
../Core/Src/Encoder.c:26:63: error: expected identifier before '&' token
   26 |         QEIdata->Position[0] = __HAL_TIM_GET_COUNTER(QEIdata->&EncoderTIM);     // index[0] = new Position
      |                                                               ^
../Drivers/STM32G4xx_HAL_Driver/Inc/stm32g4xx_hal_tim.h:1564:46: note: in definition of macro '__HAL_TIM_GET_COUNTER'
 1564 | #define __HAL_TIM_GET_COUNTER(__HANDLE__)  ((__HANDLE__)->Instance->CNT)
      |                                              ^~~~~~~~~~
make: *** [Core/Src/subdir.mk:40: Core/Src/Encoder.o] Error 1
make: *** Waiting for unfinished jobs....
"make -j16 all" terminated with exit code 2. Build might be incomplete.
18:23:46 **** Incremental Build of configuration Debug for project FRA262_Studio3 ****
make -j16 all 
arm-none-eabi-gcc "../Core/Src/Encoder.c" -mcpu=cortex-m4 -std=gnu11 -g3 -DDEBUG -DUSE_HAL_DRIVER -DSTM32G474xx -c -I../Core/Inc -I../Drivers/STM32G4xx_HAL_Driver/Inc -I../Drivers/STM32G4xx_HAL_Driver/Inc/Legacy -I../Drivers/CMSIS/Device/ST/STM32G4xx/Include -I../Drivers/CMSIS/Include -O0 -ffunction-sections -fdata-sections -Wall -fstack-usage -fcyclomatic-complexity -MMD -MP -MF"Core/Src/Encoder.d" -MT"Core/Src/Encoder.o" --specs=nano.specs -mfpu=fpv4-sp-d16 -mfloat-abi=hard -mthumb -o "Core/Src/Encoder.o"
arm-none-eabi-gcc -o "FRA262_Studio3.elf" @"objects.list"   -mcpu=cortex-m4 -T"C:\Users\emper\STM32CubeIDE\workspace_1.14.1\FRA262_1DOF_ASRS\FRA262_Studio3\STM32G474RETX_FLASH.ld" --specs=nosys.specs -Wl,-Map="FRA262_Studio3.map" -Wl,--gc-sections -static --specs=nano.specs -mfpu=fpv4-sp-d16 -mfloat-abi=hard -mthumb -Wl,--start-group -lc -lm -Wl,--end-group
Finished building target: FRA262_Studio3.elf
 
arm-none-eabi-size  FRA262_Studio3.elf 
arm-none-eabi-objdump -h -S FRA262_Studio3.elf  > "FRA262_Studio3.list"
   text	   data	    bss	    dec	    hex	filename
  19196	     24	   1952	  21172	   52b4	FRA262_Studio3.elf
Finished building: default.size.stdout
 
Finished building: FRA262_Studio3.list
 
18:24:11 **** Incremental Build of configuration Debug for project FRA262_Studio3 ****
make -j16 all 
arm-none-eabi-gcc "../Core/Src/Encoder.c" -mcpu=cortex-m4 -std=gnu11 -g3 -DDEBUG -DUSE_HAL_DRIVER -DSTM32G474xx -c -I../Core/Inc -I../Drivers/STM32G4xx_HAL_Driver/Inc -I../Drivers/STM32G4xx_HAL_Driver/Inc/Legacy -I../Drivers/CMSIS/Device/ST/STM32G4xx/Include -I../Drivers/CMSIS/Include -O0 -ffunction-sections -fdata-sections -Wall -fstack-usage -fcyclomatic-complexity -MMD -MP -MF"Core/Src/Encoder.d" -MT"Core/Src/Encoder.o" --specs=nano.specs -mfpu=fpv4-sp-d16 -mfloat-abi=hard -mthumb -o "Core/Src/Encoder.o"
arm-none-eabi-gcc -o "FRA262_Studio3.elf" @"objects.list"   -mcpu=cortex-m4 -T"C:\Users\emper\STM32CubeIDE\workspace_1.14.1\FRA262_1DOF_ASRS\FRA262_Studio3\STM32G474RETX_FLASH.ld" --specs=nosys.specs -Wl,-Map="FRA262_Studio3.map" -Wl,--gc-sections -static --specs=nano.specs -mfpu=fpv4-sp-d16 -mfloat-abi=hard -mthumb -Wl,--start-group -lc -lm -Wl,--end-group
Finished building target: FRA262_Studio3.elf
 
arm-none-eabi-size  FRA262_Studio3.elf 
arm-none-eabi-objdump -h -S FRA262_Studio3.elf  > "FRA262_Studio3.list"
   text	   data	    bss	    dec	    hex	filename
  19196	     24	   1952	  21172	   52b4	FRA262_Studio3.elf
Finished building: default.size.stdout
 
Finished building: FRA262_Studio3.list
 
