16:27:33 **** Incremental Build of configuration Debug for project FRA262_Studio3 ****
make -j16 all 
arm-none-eabi-gcc "../Core/Src/Encoder.c" -mcpu=cortex-m4 -std=gnu11 -g3 -DDEBUG -DUSE_HAL_DRIVER -DSTM32G474xx -c -I../Core/Inc -I../Drivers/STM32G4xx_HAL_Driver/Inc -I../Drivers/STM32G4xx_HAL_Driver/Inc/Legacy -I../Drivers/CMSIS/Device/ST/STM32G4xx/Include -I../Drivers/CMSIS/Include -I../Middlewares/Third_Party/ARM_CMSIS/CMSIS/Core/Include/ -I../Middlewares/Third_Party/ARM_CMSIS/PrivateInclude/ -I../Middlewares/Third_Party/ARM_CMSIS/Include/ -I../Middlewares/Third_Party/ARM_CMSIS/Include -I"C:/Users/emper/STM32CubeIDE/workspace_1.14.1/FRA262_1DOF_ASRS/FRA262_Studio3/Source/BasicMathFunctions" -I"C:/Users/emper/STM32CubeIDE/workspace_1.14.1/FRA262_1DOF_ASRS/FRA262_Studio3/Source/BayesFunctions" -I"C:/Users/emper/STM32CubeIDE/workspace_1.14.1/FRA262_1DOF_ASRS/FRA262_Studio3/Source/CommonTables" -I"C:/Users/emper/STM32CubeIDE/workspace_1.14.1/FRA262_1DOF_ASRS/FRA262_Studio3/Source/ComplexMathFunctions" -I"C:/Users/emper/STM32CubeIDE/workspace_1.14.1/FRA262_1DOF_ASRS/FRA262_Studio3/Source/ControllerFunctions" -I"C:/Users/emper/STM32CubeIDE/workspace_1.14.1/FRA262_1DOF_ASRS/FRA262_Studio3/Source/DistanceFunctions" -I"C:/Users/emper/STM32CubeIDE/workspace_1.14.1/FRA262_1DOF_ASRS/FRA262_Studio3/Source/FastMathFunctions" -I"C:/Users/emper/STM32CubeIDE/workspace_1.14.1/FRA262_1DOF_ASRS/FRA262_Studio3/Source/FilteringFunctions" -I"C:/Users/emper/STM32CubeIDE/workspace_1.14.1/FRA262_1DOF_ASRS/FRA262_Studio3/Source/InterpolationFunctions" -I"C:/Users/emper/STM32CubeIDE/workspace_1.14.1/FRA262_1DOF_ASRS/FRA262_Studio3/Source/MatrixFunctions" -I"C:/Users/emper/STM32CubeIDE/workspace_1.14.1/FRA262_1DOF_ASRS/FRA262_Studio3/Source/QuaternionMathFunctions" -I"C:/Users/emper/STM32CubeIDE/workspace_1.14.1/FRA262_1DOF_ASRS/FRA262_Studio3/Source/StatisticsFunctions" -I"C:/Users/emper/STM32CubeIDE/workspace_1.14.1/FRA262_1DOF_ASRS/FRA262_Studio3/Source/SupportFunctions" -I"C:/Users/emper/STM32CubeIDE/workspace_1.14.1/FRA262_1DOF_ASRS/FRA262_Studio3/Source/SVMFunctions" -I"C:/Users/emper/STM32CubeIDE/workspace_1.14.1/FRA262_1DOF_ASRS/FRA262_Studio3/Source/TransformFunctions" -I"C:/Users/emper/STM32CubeIDE/workspace_1.14.1/FRA262_1DOF_ASRS/FRA262_Studio3/Source/WindowFunctions" -O0 -ffunction-sections -fdata-sections -Wall -fstack-usage -fcyclomatic-complexity -MMD -MP -MF"Core/Src/Encoder.d" -MT"Core/Src/Encoder.o" --specs=nano.specs -mfpu=fpv4-sp-d16 -mfloat-abi=hard -mthumb -o "Core/Src/Encoder.o"
arm-none-eabi-gcc "../Core/Src/ModeHandler.c" -mcpu=cortex-m4 -std=gnu11 -g3 -DDEBUG -DUSE_HAL_DRIVER -DSTM32G474xx -c -I../Core/Inc -I../Drivers/STM32G4xx_HAL_Driver/Inc -I../Drivers/STM32G4xx_HAL_Driver/Inc/Legacy -I../Drivers/CMSIS/Device/ST/STM32G4xx/Include -I../Drivers/CMSIS/Include -I../Middlewares/Third_Party/ARM_CMSIS/CMSIS/Core/Include/ -I../Middlewares/Third_Party/ARM_CMSIS/PrivateInclude/ -I../Middlewares/Third_Party/ARM_CMSIS/Include/ -I../Middlewares/Third_Party/ARM_CMSIS/Include -I"C:/Users/emper/STM32CubeIDE/workspace_1.14.1/FRA262_1DOF_ASRS/FRA262_Studio3/Source/BasicMathFunctions" -I"C:/Users/emper/STM32CubeIDE/workspace_1.14.1/FRA262_1DOF_ASRS/FRA262_Studio3/Source/BayesFunctions" -I"C:/Users/emper/STM32CubeIDE/workspace_1.14.1/FRA262_1DOF_ASRS/FRA262_Studio3/Source/CommonTables" -I"C:/Users/emper/STM32CubeIDE/workspace_1.14.1/FRA262_1DOF_ASRS/FRA262_Studio3/Source/ComplexMathFunctions" -I"C:/Users/emper/STM32CubeIDE/workspace_1.14.1/FRA262_1DOF_ASRS/FRA262_Studio3/Source/ControllerFunctions" -I"C:/Users/emper/STM32CubeIDE/workspace_1.14.1/FRA262_1DOF_ASRS/FRA262_Studio3/Source/DistanceFunctions" -I"C:/Users/emper/STM32CubeIDE/workspace_1.14.1/FRA262_1DOF_ASRS/FRA262_Studio3/Source/FastMathFunctions" -I"C:/Users/emper/STM32CubeIDE/workspace_1.14.1/FRA262_1DOF_ASRS/FRA262_Studio3/Source/FilteringFunctions" -I"C:/Users/emper/STM32CubeIDE/workspace_1.14.1/FRA262_1DOF_ASRS/FRA262_Studio3/Source/InterpolationFunctions" -I"C:/Users/emper/STM32CubeIDE/workspace_1.14.1/FRA262_1DOF_ASRS/FRA262_Studio3/Source/MatrixFunctions" -I"C:/Users/emper/STM32CubeIDE/workspace_1.14.1/FRA262_1DOF_ASRS/FRA262_Studio3/Source/QuaternionMathFunctions" -I"C:/Users/emper/STM32CubeIDE/workspace_1.14.1/FRA262_1DOF_ASRS/FRA262_Studio3/Source/StatisticsFunctions" -I"C:/Users/emper/STM32CubeIDE/workspace_1.14.1/FRA262_1DOF_ASRS/FRA262_Studio3/Source/SupportFunctions" -I"C:/Users/emper/STM32CubeIDE/workspace_1.14.1/FRA262_1DOF_ASRS/FRA262_Studio3/Source/SVMFunctions" -I"C:/Users/emper/STM32CubeIDE/workspace_1.14.1/FRA262_1DOF_ASRS/FRA262_Studio3/Source/TransformFunctions" -I"C:/Users/emper/STM32CubeIDE/workspace_1.14.1/FRA262_1DOF_ASRS/FRA262_Studio3/Source/WindowFunctions" -O0 -ffunction-sections -fdata-sections -Wall -fstack-usage -fcyclomatic-complexity -MMD -MP -MF"Core/Src/ModeHandler.d" -MT"Core/Src/ModeHandler.o" --specs=nano.specs -mfpu=fpv4-sp-d16 -mfloat-abi=hard -mthumb -o "Core/Src/ModeHandler.o"
arm-none-eabi-gcc "../Core/Src/main.c" -mcpu=cortex-m4 -std=gnu11 -g3 -DDEBUG -DUSE_HAL_DRIVER -DSTM32G474xx -c -I../Core/Inc -I../Drivers/STM32G4xx_HAL_Driver/Inc -I../Drivers/STM32G4xx_HAL_Driver/Inc/Legacy -I../Drivers/CMSIS/Device/ST/STM32G4xx/Include -I../Drivers/CMSIS/Include -I../Middlewares/Third_Party/ARM_CMSIS/CMSIS/Core/Include/ -I../Middlewares/Third_Party/ARM_CMSIS/PrivateInclude/ -I../Middlewares/Third_Party/ARM_CMSIS/Include/ -I../Middlewares/Third_Party/ARM_CMSIS/Include -I"C:/Users/emper/STM32CubeIDE/workspace_1.14.1/FRA262_1DOF_ASRS/FRA262_Studio3/Source/BasicMathFunctions" -I"C:/Users/emper/STM32CubeIDE/workspace_1.14.1/FRA262_1DOF_ASRS/FRA262_Studio3/Source/BayesFunctions" -I"C:/Users/emper/STM32CubeIDE/workspace_1.14.1/FRA262_1DOF_ASRS/FRA262_Studio3/Source/CommonTables" -I"C:/Users/emper/STM32CubeIDE/workspace_1.14.1/FRA262_1DOF_ASRS/FRA262_Studio3/Source/ComplexMathFunctions" -I"C:/Users/emper/STM32CubeIDE/workspace_1.14.1/FRA262_1DOF_ASRS/FRA262_Studio3/Source/ControllerFunctions" -I"C:/Users/emper/STM32CubeIDE/workspace_1.14.1/FRA262_1DOF_ASRS/FRA262_Studio3/Source/DistanceFunctions" -I"C:/Users/emper/STM32CubeIDE/workspace_1.14.1/FRA262_1DOF_ASRS/FRA262_Studio3/Source/FastMathFunctions" -I"C:/Users/emper/STM32CubeIDE/workspace_1.14.1/FRA262_1DOF_ASRS/FRA262_Studio3/Source/FilteringFunctions" -I"C:/Users/emper/STM32CubeIDE/workspace_1.14.1/FRA262_1DOF_ASRS/FRA262_Studio3/Source/InterpolationFunctions" -I"C:/Users/emper/STM32CubeIDE/workspace_1.14.1/FRA262_1DOF_ASRS/FRA262_Studio3/Source/MatrixFunctions" -I"C:/Users/emper/STM32CubeIDE/workspace_1.14.1/FRA262_1DOF_ASRS/FRA262_Studio3/Source/QuaternionMathFunctions" -I"C:/Users/emper/STM32CubeIDE/workspace_1.14.1/FRA262_1DOF_ASRS/FRA262_Studio3/Source/StatisticsFunctions" -I"C:/Users/emper/STM32CubeIDE/workspace_1.14.1/FRA262_1DOF_ASRS/FRA262_Studio3/Source/SupportFunctions" -I"C:/Users/emper/STM32CubeIDE/workspace_1.14.1/FRA262_1DOF_ASRS/FRA262_Studio3/Source/SVMFunctions" -I"C:/Users/emper/STM32CubeIDE/workspace_1.14.1/FRA262_1DOF_ASRS/FRA262_Studio3/Source/TransformFunctions" -I"C:/Users/emper/STM32CubeIDE/workspace_1.14.1/FRA262_1DOF_ASRS/FRA262_Studio3/Source/WindowFunctions" -O0 -ffunction-sections -fdata-sections -Wall -fstack-usage -fcyclomatic-complexity -MMD -MP -MF"Core/Src/main.d" -MT"Core/Src/main.o" --specs=nano.specs -mfpu=fpv4-sp-d16 -mfloat-abi=hard -mthumb -o "Core/Src/main.o"
../Core/Src/ModeHandler.c: In function 'SetShelve_mode':
../Core/Src/ModeHandler.c:76:17: warning: implicit declaration of function 'Motor_Control' [-Wimplicit-function-declaration]
   76 |                 Motor_Control(_BACKDRIVE_FACTOR);
      |                 ^~~~~~~~~~~~~
../Core/Src/ModeHandler.c: In function 'SetHome_mode':
../Core/Src/ModeHandler.c:102:24: warning: unused variable 'pre_state' [-Wunused-variable]
  102 |         static uint8_t pre_state = 0;
      |                        ^~~~~~~~~
../Core/Src/ModeHandler.c: In function 'Point_mode':
../Core/Src/ModeHandler.c:129:12: warning: implicit declaration of function 'fabs' [-Wimplicit-function-declaration]
  129 |         if(fabs(QEI->LinearPosition - goal) <= 0.05)
      |            ^~~~
../Core/Src/ModeHandler.c:10:1: note: include '<math.h>' or provide a declaration of 'fabs'
    9 | #include "main.h"
  +++ |+#include <math.h>
   10 | 
../Core/Src/ModeHandler.c:129:12: warning: incompatible implicit declaration of built-in function 'fabs' [-Wbuiltin-declaration-mismatch]
  129 |         if(fabs(QEI->LinearPosition - goal) <= 0.05)
      |            ^~~~
../Core/Src/ModeHandler.c:129:12: note: include '<math.h>' or provide a declaration of 'fabs'
../Core/Src/ModeHandler.c: In function 'Jog_mode':
../Core/Src/ModeHandler.c:173:28: warning: incompatible implicit declaration of built-in function 'fabs' [-Wbuiltin-declaration-mismatch]
  173 |                         if(fabs(QEI->LinearPosition - SetPosition) <= 0.1)
      |                            ^~~~
../Core/Src/ModeHandler.c:173:28: note: include '<math.h>' or provide a declaration of 'fabs'
At top level:
../Core/Src/ModeHandler.c:102:24: warning: 'pre_state' defined but not used [-Wunused-variable]
  102 |         static uint8_t pre_state = 0;
      |                        ^~~~~~~~~
../Core/Src/main.c: In function 'main':
../Core/Src/main.c:186:37: warning: passing argument 2 of 'HAL_ADC_Start_DMA' from incompatible pointer type [-Wincompatible-pointer-types]
  186 |   HAL_ADC_Start_DMA(&hadc1, Joystick.XYBuffer, 200);
      |                             ~~~~~~~~^~~~~~~~~
      |                                     |
      |                                     uint16_t * {aka short unsigned int *}
In file included from ../Core/Inc/stm32g4xx_hal_conf.h:228,
                 from ../Drivers/STM32G4xx_HAL_Driver/Inc/stm32g4xx_hal.h:29,
                 from ../Core/Inc/main.h:30,
                 from ../Core/Src/main.c:20:
../Drivers/STM32G4xx_HAL_Driver/Inc/stm32g4xx_hal_adc.h:2242:78: note: expected 'uint32_t *' {aka 'long unsigned int *'} but argument is of type 'uint16_t *' {aka 'short unsigned int *'}
 2242 | HAL_StatusTypeDef       HAL_ADC_Start_DMA(ADC_HandleTypeDef *hadc, uint32_t *pData, uint32_t Length);
      |                                                                    ~~~~~~~~~~^~~~~
../Core/Src/main.c:297:25: warning: implicit declaration of function 'Motor_Control' [-Wimplicit-function-declaration]
  297 |                         Motor_Control(0);
      |                         ^~~~~~~~~~~~~
../Core/Src/main.c: In function 'HAL_TIM_PeriodElapsedCallback':
../Core/Src/main.c:825:32: warning: passing argument 1 of 'kalman_predict' from incompatible pointer type [-Wincompatible-pointer-types]
  825 |                 kalman_predict(&KFoutput, &P_est, &Ak, &G, Q);
      |                                ^~~~~~~~~
      |                                |
      |                                float (*)[3]
In file included from ../Core/Src/main.c:32:
../Core/Inc/KalmanFilter.h:27:27: note: expected 'float *' but argument is of type 'float (*)[3]'
   27 | void kalman_predict(float x_est[3], float P_est[3][3], float A[3][3], float G[3][1], float Q);
      |                     ~~~~~~^~~~~~~~
../Core/Src/main.c:825:43: warning: passing argument 2 of 'kalman_predict' from incompatible pointer type [-Wincompatible-pointer-types]
  825 |                 kalman_predict(&KFoutput, &P_est, &Ak, &G, Q);
      |                                           ^~~~~~
      |                                           |
      |                                           float (*)[3][3]
In file included from ../Core/Src/main.c:32:
../Core/Inc/KalmanFilter.h:27:43: note: expected 'float (*)[3]' but argument is of type 'float (*)[3][3]'
   27 | void kalman_predict(float x_est[3], float P_est[3][3], float A[3][3], float G[3][1], float Q);
      |                                     ~~~~~~^~~~~~~~~~~
../Core/Src/main.c:825:51: warning: passing argument 3 of 'kalman_predict' from incompatible pointer type [-Wincompatible-pointer-types]
  825 |                 kalman_predict(&KFoutput, &P_est, &Ak, &G, Q);
      |                                                   ^~~
      |                                                   |
      |                                                   float (*)[3][3]
In file included from ../Core/Src/main.c:32:
../Core/Inc/KalmanFilter.h:27:62: note: expected 'float (*)[3]' but argument is of type 'float (*)[3][3]'
   27 | void kalman_predict(float x_est[3], float P_est[3][3], float A[3][3], float G[3][1], float Q);
      |                                                        ~~~~~~^~~~~~~
../Core/Src/main.c:825:56: warning: passing argument 4 of 'kalman_predict' from incompatible pointer type [-Wincompatible-pointer-types]
  825 |                 kalman_predict(&KFoutput, &P_est, &Ak, &G, Q);
      |                                                        ^~
      |                                                        |
      |                                                        float (*)[3][1]
In file included from ../Core/Src/main.c:32:
../Core/Inc/KalmanFilter.h:27:77: note: expected 'float (*)[1]' but argument is of type 'float (*)[3][1]'
   27 | void kalman_predict(float x_est[3], float P_est[3][3], float A[3][3], float G[3][1], float Q);
      |                                                                       ~~~~~~^~~~~~~
../Core/Src/main.c:826:31: warning: passing argument 1 of 'kalman_update' from incompatible pointer type [-Wincompatible-pointer-types]
  826 |                 kalman_update(&KFoutput, &P_est, &Ck, R, QEI.LinearPosition);
      |                               ^~~~~~~~~
      |                               |
      |                               float (*)[3]
In file included from ../Core/Src/main.c:32:
../Core/Inc/KalmanFilter.h:28:26: note: expected 'float *' but argument is of type 'float (*)[3]'
   28 | void kalman_update(float x_est[3], float P_est[3][3], float C[1][3], float R, float z);
      |                    ~~~~~~^~~~~~~~
../Core/Src/main.c:826:42: warning: passing argument 2 of 'kalman_update' from incompatible pointer type [-Wincompatible-pointer-types]
  826 |                 kalman_update(&KFoutput, &P_est, &Ck, R, QEI.LinearPosition);
      |                                          ^~~~~~
      |                                          |
      |                                          float (*)[3][3]
In file included from ../Core/Src/main.c:32:
../Core/Inc/KalmanFilter.h:28:42: note: expected 'float (*)[3]' but argument is of type 'float (*)[3][3]'
   28 | void kalman_update(float x_est[3], float P_est[3][3], float C[1][3], float R, float z);
      |                                    ~~~~~~^~~~~~~~~~~
../Core/Src/main.c:826:50: warning: passing argument 3 of 'kalman_update' from incompatible pointer type [-Wincompatible-pointer-types]
  826 |                 kalman_update(&KFoutput, &P_est, &Ck, R, QEI.LinearPosition);
      |                                                  ^~~
      |                                                  |
      |                                                  float (*)[1][3]
In file included from ../Core/Src/main.c:32:
../Core/Inc/KalmanFilter.h:28:61: note: expected 'float (*)[3]' but argument is of type 'float (*)[1][3]'
   28 | void kalman_update(float x_est[3], float P_est[3][3], float C[1][3], float R, float z);
      |                                                       ~~~~~~^~~~~~~
arm-none-eabi-gcc -o "FRA262_Studio3.elf" @"objects.list"   -mcpu=cortex-m4 -T"C:\Users\emper\STM32CubeIDE\workspace_1.14.1\FRA262_1DOF_ASRS\FRA262_Studio3\STM32G474RETX_FLASH.ld" --specs=nosys.specs -Wl,-Map="FRA262_Studio3.map" -Wl,--gc-sections -static --specs=nano.specs -mfpu=fpv4-sp-d16 -mfloat-abi=hard -mthumb -Wl,--start-group -lc -lm -Wl,--end-group
Finished building target: FRA262_Studio3.elf
 
arm-none-eabi-size  FRA262_Studio3.elf 
arm-none-eabi-objdump -h -S FRA262_Studio3.elf  > "FRA262_Studio3.list"
   text	   data	    bss	    dec	    hex	filename
  52292	    720	   6184	  59196	   e73c	FRA262_Studio3.elf
Finished building: default.size.stdout
 
Finished building: FRA262_Studio3.list
 
16:27:36 **** Incremental Build of configuration Debug for project FRA262_Studio3 ****
make -j16 all 
arm-none-eabi-size  FRA262_Studio3.elf 
   text	   data	    bss	    dec	    hex	filename
  52292	    720	   6184	  59196	   e73c	FRA262_Studio3.elf
Finished building: default.size.stdout
 
16:28:42 **** Incremental Build of configuration Debug for project FRA262_Studio3 ****
make -j16 all 
arm-none-eabi-gcc "../Core/Src/ModeHandler.c" -mcpu=cortex-m4 -std=gnu11 -g3 -DDEBUG -DUSE_HAL_DRIVER -DSTM32G474xx -c -I../Core/Inc -I../Drivers/STM32G4xx_HAL_Driver/Inc -I../Drivers/STM32G4xx_HAL_Driver/Inc/Legacy -I../Drivers/CMSIS/Device/ST/STM32G4xx/Include -I../Drivers/CMSIS/Include -I../Middlewares/Third_Party/ARM_CMSIS/CMSIS/Core/Include/ -I../Middlewares/Third_Party/ARM_CMSIS/PrivateInclude/ -I../Middlewares/Third_Party/ARM_CMSIS/Include/ -I../Middlewares/Third_Party/ARM_CMSIS/Include -I"C:/Users/emper/STM32CubeIDE/workspace_1.14.1/FRA262_1DOF_ASRS/FRA262_Studio3/Source/BasicMathFunctions" -I"C:/Users/emper/STM32CubeIDE/workspace_1.14.1/FRA262_1DOF_ASRS/FRA262_Studio3/Source/BayesFunctions" -I"C:/Users/emper/STM32CubeIDE/workspace_1.14.1/FRA262_1DOF_ASRS/FRA262_Studio3/Source/CommonTables" -I"C:/Users/emper/STM32CubeIDE/workspace_1.14.1/FRA262_1DOF_ASRS/FRA262_Studio3/Source/ComplexMathFunctions" -I"C:/Users/emper/STM32CubeIDE/workspace_1.14.1/FRA262_1DOF_ASRS/FRA262_Studio3/Source/ControllerFunctions" -I"C:/Users/emper/STM32CubeIDE/workspace_1.14.1/FRA262_1DOF_ASRS/FRA262_Studio3/Source/DistanceFunctions" -I"C:/Users/emper/STM32CubeIDE/workspace_1.14.1/FRA262_1DOF_ASRS/FRA262_Studio3/Source/FastMathFunctions" -I"C:/Users/emper/STM32CubeIDE/workspace_1.14.1/FRA262_1DOF_ASRS/FRA262_Studio3/Source/FilteringFunctions" -I"C:/Users/emper/STM32CubeIDE/workspace_1.14.1/FRA262_1DOF_ASRS/FRA262_Studio3/Source/InterpolationFunctions" -I"C:/Users/emper/STM32CubeIDE/workspace_1.14.1/FRA262_1DOF_ASRS/FRA262_Studio3/Source/MatrixFunctions" -I"C:/Users/emper/STM32CubeIDE/workspace_1.14.1/FRA262_1DOF_ASRS/FRA262_Studio3/Source/QuaternionMathFunctions" -I"C:/Users/emper/STM32CubeIDE/workspace_1.14.1/FRA262_1DOF_ASRS/FRA262_Studio3/Source/StatisticsFunctions" -I"C:/Users/emper/STM32CubeIDE/workspace_1.14.1/FRA262_1DOF_ASRS/FRA262_Studio3/Source/SupportFunctions" -I"C:/Users/emper/STM32CubeIDE/workspace_1.14.1/FRA262_1DOF_ASRS/FRA262_Studio3/Source/SVMFunctions" -I"C:/Users/emper/STM32CubeIDE/workspace_1.14.1/FRA262_1DOF_ASRS/FRA262_Studio3/Source/TransformFunctions" -I"C:/Users/emper/STM32CubeIDE/workspace_1.14.1/FRA262_1DOF_ASRS/FRA262_Studio3/Source/WindowFunctions" -O0 -ffunction-sections -fdata-sections -Wall -fstack-usage -fcyclomatic-complexity -MMD -MP -MF"Core/Src/ModeHandler.d" -MT"Core/Src/ModeHandler.o" --specs=nano.specs -mfpu=fpv4-sp-d16 -mfloat-abi=hard -mthumb -o "Core/Src/ModeHandler.o"
../Core/Src/ModeHandler.c: In function 'SetShelve_mode':
../Core/Src/ModeHandler.c:76:17: warning: implicit declaration of function 'Motor_Control' [-Wimplicit-function-declaration]
   76 |                 Motor_Control(_BACKDRIVE_FACTOR);
      |                 ^~~~~~~~~~~~~
../Core/Src/ModeHandler.c: In function 'SetHome_mode':
../Core/Src/ModeHandler.c:102:24: warning: unused variable 'pre_state' [-Wunused-variable]
  102 |         static uint8_t pre_state = 0;
      |                        ^~~~~~~~~
../Core/Src/ModeHandler.c: In function 'Point_mode':
../Core/Src/ModeHandler.c:130:12: warning: implicit declaration of function 'fabs' [-Wimplicit-function-declaration]
  130 |         if(fabs(QEI->LinearPosition - goal) <= 0.05)
      |            ^~~~
../Core/Src/ModeHandler.c:10:1: note: include '<math.h>' or provide a declaration of 'fabs'
    9 | #include "main.h"
  +++ |+#include <math.h>
   10 | 
../Core/Src/ModeHandler.c:130:12: warning: incompatible implicit declaration of built-in function 'fabs' [-Wbuiltin-declaration-mismatch]
  130 |         if(fabs(QEI->LinearPosition - goal) <= 0.05)
      |            ^~~~
../Core/Src/ModeHandler.c:130:12: note: include '<math.h>' or provide a declaration of 'fabs'
../Core/Src/ModeHandler.c: In function 'Jog_mode':
../Core/Src/ModeHandler.c:174:28: warning: incompatible implicit declaration of built-in function 'fabs' [-Wbuiltin-declaration-mismatch]
  174 |                         if(fabs(QEI->LinearPosition - SetPosition) <= 0.1)
      |                            ^~~~
../Core/Src/ModeHandler.c:174:28: note: include '<math.h>' or provide a declaration of 'fabs'
At top level:
../Core/Src/ModeHandler.c:102:24: warning: 'pre_state' defined but not used [-Wunused-variable]
  102 |         static uint8_t pre_state = 0;
      |                        ^~~~~~~~~
arm-none-eabi-gcc -o "FRA262_Studio3.elf" @"objects.list"   -mcpu=cortex-m4 -T"C:\Users\emper\STM32CubeIDE\workspace_1.14.1\FRA262_1DOF_ASRS\FRA262_Studio3\STM32G474RETX_FLASH.ld" --specs=nosys.specs -Wl,-Map="FRA262_Studio3.map" -Wl,--gc-sections -static --specs=nano.specs -mfpu=fpv4-sp-d16 -mfloat-abi=hard -mthumb -Wl,--start-group -lc -lm -Wl,--end-group
Finished building target: FRA262_Studio3.elf
 
arm-none-eabi-size  FRA262_Studio3.elf 
arm-none-eabi-objdump -h -S FRA262_Studio3.elf  > "FRA262_Studio3.list"
   text	   data	    bss	    dec	    hex	filename
  52324	    720	   6184	  59228	   e75c	FRA262_Studio3.elf
Finished building: default.size.stdout
 
Finished building: FRA262_Studio3.list
 
16:29:24 **** Incremental Build of configuration Debug for project FRA262_Studio3 ****
make -j16 all 
arm-none-eabi-size  FRA262_Studio3.elf 
   text	   data	    bss	    dec	    hex	filename
  52324	    720	   6184	  59228	   e75c	FRA262_Studio3.elf
Finished building: default.size.stdout
 
16:30:55 **** Incremental Build of configuration Debug for project FRA262_Studio3 ****
make -j16 all 
arm-none-eabi-gcc "../Core/Src/ModeHandler.c" -mcpu=cortex-m4 -std=gnu11 -g3 -DDEBUG -DUSE_HAL_DRIVER -DSTM32G474xx -c -I../Core/Inc -I../Drivers/STM32G4xx_HAL_Driver/Inc -I../Drivers/STM32G4xx_HAL_Driver/Inc/Legacy -I../Drivers/CMSIS/Device/ST/STM32G4xx/Include -I../Drivers/CMSIS/Include -I../Middlewares/Third_Party/ARM_CMSIS/CMSIS/Core/Include/ -I../Middlewares/Third_Party/ARM_CMSIS/PrivateInclude/ -I../Middlewares/Third_Party/ARM_CMSIS/Include/ -I../Middlewares/Third_Party/ARM_CMSIS/Include -I"C:/Users/emper/STM32CubeIDE/workspace_1.14.1/FRA262_1DOF_ASRS/FRA262_Studio3/Source/BasicMathFunctions" -I"C:/Users/emper/STM32CubeIDE/workspace_1.14.1/FRA262_1DOF_ASRS/FRA262_Studio3/Source/BayesFunctions" -I"C:/Users/emper/STM32CubeIDE/workspace_1.14.1/FRA262_1DOF_ASRS/FRA262_Studio3/Source/CommonTables" -I"C:/Users/emper/STM32CubeIDE/workspace_1.14.1/FRA262_1DOF_ASRS/FRA262_Studio3/Source/ComplexMathFunctions" -I"C:/Users/emper/STM32CubeIDE/workspace_1.14.1/FRA262_1DOF_ASRS/FRA262_Studio3/Source/ControllerFunctions" -I"C:/Users/emper/STM32CubeIDE/workspace_1.14.1/FRA262_1DOF_ASRS/FRA262_Studio3/Source/DistanceFunctions" -I"C:/Users/emper/STM32CubeIDE/workspace_1.14.1/FRA262_1DOF_ASRS/FRA262_Studio3/Source/FastMathFunctions" -I"C:/Users/emper/STM32CubeIDE/workspace_1.14.1/FRA262_1DOF_ASRS/FRA262_Studio3/Source/FilteringFunctions" -I"C:/Users/emper/STM32CubeIDE/workspace_1.14.1/FRA262_1DOF_ASRS/FRA262_Studio3/Source/InterpolationFunctions" -I"C:/Users/emper/STM32CubeIDE/workspace_1.14.1/FRA262_1DOF_ASRS/FRA262_Studio3/Source/MatrixFunctions" -I"C:/Users/emper/STM32CubeIDE/workspace_1.14.1/FRA262_1DOF_ASRS/FRA262_Studio3/Source/QuaternionMathFunctions" -I"C:/Users/emper/STM32CubeIDE/workspace_1.14.1/FRA262_1DOF_ASRS/FRA262_Studio3/Source/StatisticsFunctions" -I"C:/Users/emper/STM32CubeIDE/workspace_1.14.1/FRA262_1DOF_ASRS/FRA262_Studio3/Source/SupportFunctions" -I"C:/Users/emper/STM32CubeIDE/workspace_1.14.1/FRA262_1DOF_ASRS/FRA262_Studio3/Source/SVMFunctions" -I"C:/Users/emper/STM32CubeIDE/workspace_1.14.1/FRA262_1DOF_ASRS/FRA262_Studio3/Source/TransformFunctions" -I"C:/Users/emper/STM32CubeIDE/workspace_1.14.1/FRA262_1DOF_ASRS/FRA262_Studio3/Source/WindowFunctions" -O0 -ffunction-sections -fdata-sections -Wall -fstack-usage -fcyclomatic-complexity -MMD -MP -MF"Core/Src/ModeHandler.d" -MT"Core/Src/ModeHandler.o" --specs=nano.specs -mfpu=fpv4-sp-d16 -mfloat-abi=hard -mthumb -o "Core/Src/ModeHandler.o"
../Core/Src/ModeHandler.c: In function 'SetShelve_mode':
../Core/Src/ModeHandler.c:76:17: warning: implicit declaration of function 'Motor_Control' [-Wimplicit-function-declaration]
   76 |                 Motor_Control(_BACKDRIVE_FACTOR);
      |                 ^~~~~~~~~~~~~
../Core/Src/ModeHandler.c: In function 'SetHome_mode':
../Core/Src/ModeHandler.c:102:24: warning: unused variable 'pre_state' [-Wunused-variable]
  102 |         static uint8_t pre_state = 0;
      |                        ^~~~~~~~~
../Core/Src/ModeHandler.c: In function 'Point_mode':
../Core/Src/ModeHandler.c:131:12: warning: implicit declaration of function 'fabs' [-Wimplicit-function-declaration]
  131 |         if(fabs(QEI->LinearPosition - goal) <= 0.05)
      |            ^~~~
../Core/Src/ModeHandler.c:10:1: note: include '<math.h>' or provide a declaration of 'fabs'
    9 | #include "main.h"
  +++ |+#include <math.h>
   10 | 
../Core/Src/ModeHandler.c:131:12: warning: incompatible implicit declaration of built-in function 'fabs' [-Wbuiltin-declaration-mismatch]
  131 |         if(fabs(QEI->LinearPosition - goal) <= 0.05)
      |            ^~~~
../Core/Src/ModeHandler.c:131:12: note: include '<math.h>' or provide a declaration of 'fabs'
../Core/Src/ModeHandler.c: In function 'Jog_mode':
../Core/Src/ModeHandler.c:175:28: warning: incompatible implicit declaration of built-in function 'fabs' [-Wbuiltin-declaration-mismatch]
  175 |                         if(fabs(QEI->LinearPosition - SetPosition) <= 0.1)
      |                            ^~~~
../Core/Src/ModeHandler.c:175:28: note: include '<math.h>' or provide a declaration of 'fabs'
At top level:
../Core/Src/ModeHandler.c:102:24: warning: 'pre_state' defined but not used [-Wunused-variable]
  102 |         static uint8_t pre_state = 0;
      |                        ^~~~~~~~~
arm-none-eabi-gcc -o "FRA262_Studio3.elf" @"objects.list"   -mcpu=cortex-m4 -T"C:\Users\emper\STM32CubeIDE\workspace_1.14.1\FRA262_1DOF_ASRS\FRA262_Studio3\STM32G474RETX_FLASH.ld" --specs=nosys.specs -Wl,-Map="FRA262_Studio3.map" -Wl,--gc-sections -static --specs=nano.specs -mfpu=fpv4-sp-d16 -mfloat-abi=hard -mthumb -Wl,--start-group -lc -lm -Wl,--end-group
Finished building target: FRA262_Studio3.elf
 
arm-none-eabi-size  FRA262_Studio3.elf 
arm-none-eabi-objdump -h -S FRA262_Studio3.elf  > "FRA262_Studio3.list"
   text	   data	    bss	    dec	    hex	filename
  52324	    720	   6184	  59228	   e75c	FRA262_Studio3.elf
Finished building: default.size.stdout
 
Finished building: FRA262_Studio3.list
 
16:33:20 **** Incremental Build of configuration Debug for project FRA262_Studio3 ****
make -j16 all 
arm-none-eabi-gcc "../Core/Src/ModeHandler.c" -mcpu=cortex-m4 -std=gnu11 -g3 -DDEBUG -DUSE_HAL_DRIVER -DSTM32G474xx -c -I../Core/Inc -I../Drivers/STM32G4xx_HAL_Driver/Inc -I../Drivers/STM32G4xx_HAL_Driver/Inc/Legacy -I../Drivers/CMSIS/Device/ST/STM32G4xx/Include -I../Drivers/CMSIS/Include -I../Middlewares/Third_Party/ARM_CMSIS/CMSIS/Core/Include/ -I../Middlewares/Third_Party/ARM_CMSIS/PrivateInclude/ -I../Middlewares/Third_Party/ARM_CMSIS/Include/ -I../Middlewares/Third_Party/ARM_CMSIS/Include -I"C:/Users/emper/STM32CubeIDE/workspace_1.14.1/FRA262_1DOF_ASRS/FRA262_Studio3/Source/BasicMathFunctions" -I"C:/Users/emper/STM32CubeIDE/workspace_1.14.1/FRA262_1DOF_ASRS/FRA262_Studio3/Source/BayesFunctions" -I"C:/Users/emper/STM32CubeIDE/workspace_1.14.1/FRA262_1DOF_ASRS/FRA262_Studio3/Source/CommonTables" -I"C:/Users/emper/STM32CubeIDE/workspace_1.14.1/FRA262_1DOF_ASRS/FRA262_Studio3/Source/ComplexMathFunctions" -I"C:/Users/emper/STM32CubeIDE/workspace_1.14.1/FRA262_1DOF_ASRS/FRA262_Studio3/Source/ControllerFunctions" -I"C:/Users/emper/STM32CubeIDE/workspace_1.14.1/FRA262_1DOF_ASRS/FRA262_Studio3/Source/DistanceFunctions" -I"C:/Users/emper/STM32CubeIDE/workspace_1.14.1/FRA262_1DOF_ASRS/FRA262_Studio3/Source/FastMathFunctions" -I"C:/Users/emper/STM32CubeIDE/workspace_1.14.1/FRA262_1DOF_ASRS/FRA262_Studio3/Source/FilteringFunctions" -I"C:/Users/emper/STM32CubeIDE/workspace_1.14.1/FRA262_1DOF_ASRS/FRA262_Studio3/Source/InterpolationFunctions" -I"C:/Users/emper/STM32CubeIDE/workspace_1.14.1/FRA262_1DOF_ASRS/FRA262_Studio3/Source/MatrixFunctions" -I"C:/Users/emper/STM32CubeIDE/workspace_1.14.1/FRA262_1DOF_ASRS/FRA262_Studio3/Source/QuaternionMathFunctions" -I"C:/Users/emper/STM32CubeIDE/workspace_1.14.1/FRA262_1DOF_ASRS/FRA262_Studio3/Source/StatisticsFunctions" -I"C:/Users/emper/STM32CubeIDE/workspace_1.14.1/FRA262_1DOF_ASRS/FRA262_Studio3/Source/SupportFunctions" -I"C:/Users/emper/STM32CubeIDE/workspace_1.14.1/FRA262_1DOF_ASRS/FRA262_Studio3/Source/SVMFunctions" -I"C:/Users/emper/STM32CubeIDE/workspace_1.14.1/FRA262_1DOF_ASRS/FRA262_Studio3/Source/TransformFunctions" -I"C:/Users/emper/STM32CubeIDE/workspace_1.14.1/FRA262_1DOF_ASRS/FRA262_Studio3/Source/WindowFunctions" -O0 -ffunction-sections -fdata-sections -Wall -fstack-usage -fcyclomatic-complexity -MMD -MP -MF"Core/Src/ModeHandler.d" -MT"Core/Src/ModeHandler.o" --specs=nano.specs -mfpu=fpv4-sp-d16 -mfloat-abi=hard -mthumb -o "Core/Src/ModeHandler.o"
../Core/Src/ModeHandler.c: In function 'SetShelve_mode':
../Core/Src/ModeHandler.c:76:17: warning: implicit declaration of function 'Motor_Control' [-Wimplicit-function-declaration]
   76 |                 Motor_Control(_BACKDRIVE_FACTOR);
      |                 ^~~~~~~~~~~~~
../Core/Src/ModeHandler.c: In function 'SetHome_mode':
../Core/Src/ModeHandler.c:102:24: warning: unused variable 'pre_state' [-Wunused-variable]
  102 |         static uint8_t pre_state = 0;
      |                        ^~~~~~~~~
../Core/Src/ModeHandler.c: In function 'Point_mode':
../Core/Src/ModeHandler.c:134:12: warning: implicit declaration of function 'fabs' [-Wimplicit-function-declaration]
  134 |         if(fabs(QEI->LinearPosition - goal) <= 0.05)
      |            ^~~~
../Core/Src/ModeHandler.c:10:1: note: include '<math.h>' or provide a declaration of 'fabs'
    9 | #include "main.h"
  +++ |+#include <math.h>
   10 | 
../Core/Src/ModeHandler.c:134:12: warning: incompatible implicit declaration of built-in function 'fabs' [-Wbuiltin-declaration-mismatch]
  134 |         if(fabs(QEI->LinearPosition - goal) <= 0.05)
      |            ^~~~
../Core/Src/ModeHandler.c:134:12: note: include '<math.h>' or provide a declaration of 'fabs'
../Core/Src/ModeHandler.c: In function 'Jog_mode':
../Core/Src/ModeHandler.c:178:28: warning: incompatible implicit declaration of built-in function 'fabs' [-Wbuiltin-declaration-mismatch]
  178 |                         if(fabs(QEI->LinearPosition - SetPosition) <= 0.1)
      |                            ^~~~
../Core/Src/ModeHandler.c:178:28: note: include '<math.h>' or provide a declaration of 'fabs'
At top level:
../Core/Src/ModeHandler.c:102:24: warning: 'pre_state' defined but not used [-Wunused-variable]
  102 |         static uint8_t pre_state = 0;
      |                        ^~~~~~~~~
arm-none-eabi-gcc -o "FRA262_Studio3.elf" @"objects.list"   -mcpu=cortex-m4 -T"C:\Users\emper\STM32CubeIDE\workspace_1.14.1\FRA262_1DOF_ASRS\FRA262_Studio3\STM32G474RETX_FLASH.ld" --specs=nosys.specs -Wl,-Map="FRA262_Studio3.map" -Wl,--gc-sections -static --specs=nano.specs -mfpu=fpv4-sp-d16 -mfloat-abi=hard -mthumb -Wl,--start-group -lc -lm -Wl,--end-group
Finished building target: FRA262_Studio3.elf
 
arm-none-eabi-size  FRA262_Studio3.elf 
arm-none-eabi-objdump -h -S FRA262_Studio3.elf  > "FRA262_Studio3.list"
   text	   data	    bss	    dec	    hex	filename
  52348	    720	   6192	  59260	   e77c	FRA262_Studio3.elf
Finished building: default.size.stdout
 
Finished building: FRA262_Studio3.list
 
16:34:31 **** Incremental Build of configuration Debug for project FRA262_Studio3 ****
make -j16 all 
arm-none-eabi-gcc "../Core/Src/ModeHandler.c" -mcpu=cortex-m4 -std=gnu11 -g3 -DDEBUG -DUSE_HAL_DRIVER -DSTM32G474xx -c -I../Core/Inc -I../Drivers/STM32G4xx_HAL_Driver/Inc -I../Drivers/STM32G4xx_HAL_Driver/Inc/Legacy -I../Drivers/CMSIS/Device/ST/STM32G4xx/Include -I../Drivers/CMSIS/Include -I../Middlewares/Third_Party/ARM_CMSIS/CMSIS/Core/Include/ -I../Middlewares/Third_Party/ARM_CMSIS/PrivateInclude/ -I../Middlewares/Third_Party/ARM_CMSIS/Include/ -I../Middlewares/Third_Party/ARM_CMSIS/Include -I"C:/Users/emper/STM32CubeIDE/workspace_1.14.1/FRA262_1DOF_ASRS/FRA262_Studio3/Source/BasicMathFunctions" -I"C:/Users/emper/STM32CubeIDE/workspace_1.14.1/FRA262_1DOF_ASRS/FRA262_Studio3/Source/BayesFunctions" -I"C:/Users/emper/STM32CubeIDE/workspace_1.14.1/FRA262_1DOF_ASRS/FRA262_Studio3/Source/CommonTables" -I"C:/Users/emper/STM32CubeIDE/workspace_1.14.1/FRA262_1DOF_ASRS/FRA262_Studio3/Source/ComplexMathFunctions" -I"C:/Users/emper/STM32CubeIDE/workspace_1.14.1/FRA262_1DOF_ASRS/FRA262_Studio3/Source/ControllerFunctions" -I"C:/Users/emper/STM32CubeIDE/workspace_1.14.1/FRA262_1DOF_ASRS/FRA262_Studio3/Source/DistanceFunctions" -I"C:/Users/emper/STM32CubeIDE/workspace_1.14.1/FRA262_1DOF_ASRS/FRA262_Studio3/Source/FastMathFunctions" -I"C:/Users/emper/STM32CubeIDE/workspace_1.14.1/FRA262_1DOF_ASRS/FRA262_Studio3/Source/FilteringFunctions" -I"C:/Users/emper/STM32CubeIDE/workspace_1.14.1/FRA262_1DOF_ASRS/FRA262_Studio3/Source/InterpolationFunctions" -I"C:/Users/emper/STM32CubeIDE/workspace_1.14.1/FRA262_1DOF_ASRS/FRA262_Studio3/Source/MatrixFunctions" -I"C:/Users/emper/STM32CubeIDE/workspace_1.14.1/FRA262_1DOF_ASRS/FRA262_Studio3/Source/QuaternionMathFunctions" -I"C:/Users/emper/STM32CubeIDE/workspace_1.14.1/FRA262_1DOF_ASRS/FRA262_Studio3/Source/StatisticsFunctions" -I"C:/Users/emper/STM32CubeIDE/workspace_1.14.1/FRA262_1DOF_ASRS/FRA262_Studio3/Source/SupportFunctions" -I"C:/Users/emper/STM32CubeIDE/workspace_1.14.1/FRA262_1DOF_ASRS/FRA262_Studio3/Source/SVMFunctions" -I"C:/Users/emper/STM32CubeIDE/workspace_1.14.1/FRA262_1DOF_ASRS/FRA262_Studio3/Source/TransformFunctions" -I"C:/Users/emper/STM32CubeIDE/workspace_1.14.1/FRA262_1DOF_ASRS/FRA262_Studio3/Source/WindowFunctions" -O0 -ffunction-sections -fdata-sections -Wall -fstack-usage -fcyclomatic-complexity -MMD -MP -MF"Core/Src/ModeHandler.d" -MT"Core/Src/ModeHandler.o" --specs=nano.specs -mfpu=fpv4-sp-d16 -mfloat-abi=hard -mthumb -o "Core/Src/ModeHandler.o"
../Core/Src/ModeHandler.c: In function 'SetShelve_mode':
../Core/Src/ModeHandler.c:76:17: warning: implicit declaration of function 'Motor_Control' [-Wimplicit-function-declaration]
   76 |                 Motor_Control(_BACKDRIVE_FACTOR);
      |                 ^~~~~~~~~~~~~
../Core/Src/ModeHandler.c: In function 'SetHome_mode':
../Core/Src/ModeHandler.c:102:24: warning: unused variable 'pre_state' [-Wunused-variable]
  102 |         static uint8_t pre_state = 0;
      |                        ^~~~~~~~~
../Core/Src/ModeHandler.c: In function 'Point_mode':
../Core/Src/ModeHandler.c:135:12: warning: implicit declaration of function 'fabs' [-Wimplicit-function-declaration]
  135 |         if(fabs(QEI->LinearPosition - goal) <= 0.05)
      |            ^~~~
../Core/Src/ModeHandler.c:10:1: note: include '<math.h>' or provide a declaration of 'fabs'
    9 | #include "main.h"
  +++ |+#include <math.h>
   10 | 
../Core/Src/ModeHandler.c:135:12: warning: incompatible implicit declaration of built-in function 'fabs' [-Wbuiltin-declaration-mismatch]
  135 |         if(fabs(QEI->LinearPosition - goal) <= 0.05)
      |            ^~~~
../Core/Src/ModeHandler.c:135:12: note: include '<math.h>' or provide a declaration of 'fabs'
../Core/Src/ModeHandler.c: In function 'Jog_mode':
../Core/Src/ModeHandler.c:179:28: warning: incompatible implicit declaration of built-in function 'fabs' [-Wbuiltin-declaration-mismatch]
  179 |                         if(fabs(QEI->LinearPosition - SetPosition) <= 0.1)
      |                            ^~~~
../Core/Src/ModeHandler.c:179:28: note: include '<math.h>' or provide a declaration of 'fabs'
At top level:
../Core/Src/ModeHandler.c:102:24: warning: 'pre_state' defined but not used [-Wunused-variable]
  102 |         static uint8_t pre_state = 0;
      |                        ^~~~~~~~~
arm-none-eabi-gcc -o "FRA262_Studio3.elf" @"objects.list"   -mcpu=cortex-m4 -T"C:\Users\emper\STM32CubeIDE\workspace_1.14.1\FRA262_1DOF_ASRS\FRA262_Studio3\STM32G474RETX_FLASH.ld" --specs=nosys.specs -Wl,-Map="FRA262_Studio3.map" -Wl,--gc-sections -static --specs=nano.specs -mfpu=fpv4-sp-d16 -mfloat-abi=hard -mthumb -Wl,--start-group -lc -lm -Wl,--end-group
Finished building target: FRA262_Studio3.elf
 
arm-none-eabi-size  FRA262_Studio3.elf 
arm-none-eabi-objdump -h -S FRA262_Studio3.elf  > "FRA262_Studio3.list"
   text	   data	    bss	    dec	    hex	filename
  52356	    720	   6192	  59268	   e784	FRA262_Studio3.elf
Finished building: default.size.stdout
 
Finished building: FRA262_Studio3.list
 
16:38:20 **** Incremental Build of configuration Debug for project FRA262_Studio3 ****
make -j16 all 
arm-none-eabi-gcc "../Core/Src/ModeHandler.c" -mcpu=cortex-m4 -std=gnu11 -g3 -DDEBUG -DUSE_HAL_DRIVER -DSTM32G474xx -c -I../Core/Inc -I../Drivers/STM32G4xx_HAL_Driver/Inc -I../Drivers/STM32G4xx_HAL_Driver/Inc/Legacy -I../Drivers/CMSIS/Device/ST/STM32G4xx/Include -I../Drivers/CMSIS/Include -I../Middlewares/Third_Party/ARM_CMSIS/CMSIS/Core/Include/ -I../Middlewares/Third_Party/ARM_CMSIS/PrivateInclude/ -I../Middlewares/Third_Party/ARM_CMSIS/Include/ -I../Middlewares/Third_Party/ARM_CMSIS/Include -I"C:/Users/emper/STM32CubeIDE/workspace_1.14.1/FRA262_1DOF_ASRS/FRA262_Studio3/Source/BasicMathFunctions" -I"C:/Users/emper/STM32CubeIDE/workspace_1.14.1/FRA262_1DOF_ASRS/FRA262_Studio3/Source/BayesFunctions" -I"C:/Users/emper/STM32CubeIDE/workspace_1.14.1/FRA262_1DOF_ASRS/FRA262_Studio3/Source/CommonTables" -I"C:/Users/emper/STM32CubeIDE/workspace_1.14.1/FRA262_1DOF_ASRS/FRA262_Studio3/Source/ComplexMathFunctions" -I"C:/Users/emper/STM32CubeIDE/workspace_1.14.1/FRA262_1DOF_ASRS/FRA262_Studio3/Source/ControllerFunctions" -I"C:/Users/emper/STM32CubeIDE/workspace_1.14.1/FRA262_1DOF_ASRS/FRA262_Studio3/Source/DistanceFunctions" -I"C:/Users/emper/STM32CubeIDE/workspace_1.14.1/FRA262_1DOF_ASRS/FRA262_Studio3/Source/FastMathFunctions" -I"C:/Users/emper/STM32CubeIDE/workspace_1.14.1/FRA262_1DOF_ASRS/FRA262_Studio3/Source/FilteringFunctions" -I"C:/Users/emper/STM32CubeIDE/workspace_1.14.1/FRA262_1DOF_ASRS/FRA262_Studio3/Source/InterpolationFunctions" -I"C:/Users/emper/STM32CubeIDE/workspace_1.14.1/FRA262_1DOF_ASRS/FRA262_Studio3/Source/MatrixFunctions" -I"C:/Users/emper/STM32CubeIDE/workspace_1.14.1/FRA262_1DOF_ASRS/FRA262_Studio3/Source/QuaternionMathFunctions" -I"C:/Users/emper/STM32CubeIDE/workspace_1.14.1/FRA262_1DOF_ASRS/FRA262_Studio3/Source/StatisticsFunctions" -I"C:/Users/emper/STM32CubeIDE/workspace_1.14.1/FRA262_1DOF_ASRS/FRA262_Studio3/Source/SupportFunctions" -I"C:/Users/emper/STM32CubeIDE/workspace_1.14.1/FRA262_1DOF_ASRS/FRA262_Studio3/Source/SVMFunctions" -I"C:/Users/emper/STM32CubeIDE/workspace_1.14.1/FRA262_1DOF_ASRS/FRA262_Studio3/Source/TransformFunctions" -I"C:/Users/emper/STM32CubeIDE/workspace_1.14.1/FRA262_1DOF_ASRS/FRA262_Studio3/Source/WindowFunctions" -O0 -ffunction-sections -fdata-sections -Wall -fstack-usage -fcyclomatic-complexity -MMD -MP -MF"Core/Src/ModeHandler.d" -MT"Core/Src/ModeHandler.o" --specs=nano.specs -mfpu=fpv4-sp-d16 -mfloat-abi=hard -mthumb -o "Core/Src/ModeHandler.o"
arm-none-eabi-gcc "../Core/Src/main.c" -mcpu=cortex-m4 -std=gnu11 -g3 -DDEBUG -DUSE_HAL_DRIVER -DSTM32G474xx -c -I../Core/Inc -I../Drivers/STM32G4xx_HAL_Driver/Inc -I../Drivers/STM32G4xx_HAL_Driver/Inc/Legacy -I../Drivers/CMSIS/Device/ST/STM32G4xx/Include -I../Drivers/CMSIS/Include -I../Middlewares/Third_Party/ARM_CMSIS/CMSIS/Core/Include/ -I../Middlewares/Third_Party/ARM_CMSIS/PrivateInclude/ -I../Middlewares/Third_Party/ARM_CMSIS/Include/ -I../Middlewares/Third_Party/ARM_CMSIS/Include -I"C:/Users/emper/STM32CubeIDE/workspace_1.14.1/FRA262_1DOF_ASRS/FRA262_Studio3/Source/BasicMathFunctions" -I"C:/Users/emper/STM32CubeIDE/workspace_1.14.1/FRA262_1DOF_ASRS/FRA262_Studio3/Source/BayesFunctions" -I"C:/Users/emper/STM32CubeIDE/workspace_1.14.1/FRA262_1DOF_ASRS/FRA262_Studio3/Source/CommonTables" -I"C:/Users/emper/STM32CubeIDE/workspace_1.14.1/FRA262_1DOF_ASRS/FRA262_Studio3/Source/ComplexMathFunctions" -I"C:/Users/emper/STM32CubeIDE/workspace_1.14.1/FRA262_1DOF_ASRS/FRA262_Studio3/Source/ControllerFunctions" -I"C:/Users/emper/STM32CubeIDE/workspace_1.14.1/FRA262_1DOF_ASRS/FRA262_Studio3/Source/DistanceFunctions" -I"C:/Users/emper/STM32CubeIDE/workspace_1.14.1/FRA262_1DOF_ASRS/FRA262_Studio3/Source/FastMathFunctions" -I"C:/Users/emper/STM32CubeIDE/workspace_1.14.1/FRA262_1DOF_ASRS/FRA262_Studio3/Source/FilteringFunctions" -I"C:/Users/emper/STM32CubeIDE/workspace_1.14.1/FRA262_1DOF_ASRS/FRA262_Studio3/Source/InterpolationFunctions" -I"C:/Users/emper/STM32CubeIDE/workspace_1.14.1/FRA262_1DOF_ASRS/FRA262_Studio3/Source/MatrixFunctions" -I"C:/Users/emper/STM32CubeIDE/workspace_1.14.1/FRA262_1DOF_ASRS/FRA262_Studio3/Source/QuaternionMathFunctions" -I"C:/Users/emper/STM32CubeIDE/workspace_1.14.1/FRA262_1DOF_ASRS/FRA262_Studio3/Source/StatisticsFunctions" -I"C:/Users/emper/STM32CubeIDE/workspace_1.14.1/FRA262_1DOF_ASRS/FRA262_Studio3/Source/SupportFunctions" -I"C:/Users/emper/STM32CubeIDE/workspace_1.14.1/FRA262_1DOF_ASRS/FRA262_Studio3/Source/SVMFunctions" -I"C:/Users/emper/STM32CubeIDE/workspace_1.14.1/FRA262_1DOF_ASRS/FRA262_Studio3/Source/TransformFunctions" -I"C:/Users/emper/STM32CubeIDE/workspace_1.14.1/FRA262_1DOF_ASRS/FRA262_Studio3/Source/WindowFunctions" -O0 -ffunction-sections -fdata-sections -Wall -fstack-usage -fcyclomatic-complexity -MMD -MP -MF"Core/Src/main.d" -MT"Core/Src/main.o" --specs=nano.specs -mfpu=fpv4-sp-d16 -mfloat-abi=hard -mthumb -o "Core/Src/main.o"
../Core/Src/ModeHandler.c: In function 'SetShelve_mode':
../Core/Src/ModeHandler.c:76:17: warning: implicit declaration of function 'Motor_Control' [-Wimplicit-function-declaration]
   76 |                 Motor_Control(_BACKDRIVE_FACTOR);
      |                 ^~~~~~~~~~~~~
../Core/Src/ModeHandler.c: In function 'Point_mode':
../Core/Src/ModeHandler.c:134:12: warning: implicit declaration of function 'fabs' [-Wimplicit-function-declaration]
  134 |         if(fabs(QEI->LinearPosition - goal) <= 0.05)
      |            ^~~~
../Core/Src/ModeHandler.c:10:1: note: include '<math.h>' or provide a declaration of 'fabs'
    9 | #include "main.h"
  +++ |+#include <math.h>
   10 | 
../Core/Src/ModeHandler.c:134:12: warning: incompatible implicit declaration of built-in function 'fabs' [-Wbuiltin-declaration-mismatch]
  134 |         if(fabs(QEI->LinearPosition - goal) <= 0.05)
      |            ^~~~
../Core/Src/ModeHandler.c:134:12: note: include '<math.h>' or provide a declaration of 'fabs'
../Core/Src/ModeHandler.c: In function 'Jog_mode':
../Core/Src/ModeHandler.c:178:28: warning: incompatible implicit declaration of built-in function 'fabs' [-Wbuiltin-declaration-mismatch]
  178 |                         if(fabs(QEI->LinearPosition - SetPosition) <= 0.1)
      |                            ^~~~
../Core/Src/ModeHandler.c:178:28: note: include '<math.h>' or provide a declaration of 'fabs'
../Core/Src/main.c: In function 'main':
../Core/Src/main.c:187:37: warning: passing argument 2 of 'HAL_ADC_Start_DMA' from incompatible pointer type [-Wincompatible-pointer-types]
  187 |   HAL_ADC_Start_DMA(&hadc1, Joystick.XYBuffer, 200);
      |                             ~~~~~~~~^~~~~~~~~
      |                                     |
      |                                     uint16_t * {aka short unsigned int *}
In file included from ../Core/Inc/stm32g4xx_hal_conf.h:228,
                 from ../Drivers/STM32G4xx_HAL_Driver/Inc/stm32g4xx_hal.h:29,
                 from ../Core/Inc/main.h:30,
                 from ../Core/Src/main.c:20:
../Drivers/STM32G4xx_HAL_Driver/Inc/stm32g4xx_hal_adc.h:2242:78: note: expected 'uint32_t *' {aka 'long unsigned int *'} but argument is of type 'uint16_t *' {aka 'short unsigned int *'}
 2242 | HAL_StatusTypeDef       HAL_ADC_Start_DMA(ADC_HandleTypeDef *hadc, uint32_t *pData, uint32_t Length);
      |                                                                    ~~~~~~~~~~^~~~~
../Core/Src/main.c:233:25: warning: implicit declaration of function 'Motor_Control' [-Wimplicit-function-declaration]
  233 |                         Motor_Control((int32_t)(PIDv.Command));
      |                         ^~~~~~~~~~~~~
../Core/Src/main.c: In function 'HAL_TIM_PeriodElapsedCallback':
../Core/Src/main.c:826:32: warning: passing argument 1 of 'kalman_predict' from incompatible pointer type [-Wincompatible-pointer-types]
  826 |                 kalman_predict(&KFoutput, &P_est, &Ak, &G, Q);
      |                                ^~~~~~~~~
      |                                |
      |                                float (*)[3]
In file included from ../Core/Src/main.c:32:
../Core/Inc/KalmanFilter.h:27:27: note: expected 'float *' but argument is of type 'float (*)[3]'
   27 | void kalman_predict(float x_est[3], float P_est[3][3], float A[3][3], float G[3][1], float Q);
      |                     ~~~~~~^~~~~~~~
../Core/Src/main.c:826:43: warning: passing argument 2 of 'kalman_predict' from incompatible pointer type [-Wincompatible-pointer-types]
  826 |                 kalman_predict(&KFoutput, &P_est, &Ak, &G, Q);
      |                                           ^~~~~~
      |                                           |
      |                                           float (*)[3][3]
In file included from ../Core/Src/main.c:32:
../Core/Inc/KalmanFilter.h:27:43: note: expected 'float (*)[3]' but argument is of type 'float (*)[3][3]'
   27 | void kalman_predict(float x_est[3], float P_est[3][3], float A[3][3], float G[3][1], float Q);
      |                                     ~~~~~~^~~~~~~~~~~
../Core/Src/main.c:826:51: warning: passing argument 3 of 'kalman_predict' from incompatible pointer type [-Wincompatible-pointer-types]
  826 |                 kalman_predict(&KFoutput, &P_est, &Ak, &G, Q);
      |                                                   ^~~
      |                                                   |
      |                                                   float (*)[3][3]
In file included from ../Core/Src/main.c:32:
../Core/Inc/KalmanFilter.h:27:62: note: expected 'float (*)[3]' but argument is of type 'float (*)[3][3]'
   27 | void kalman_predict(float x_est[3], float P_est[3][3], float A[3][3], float G[3][1], float Q);
      |                                                        ~~~~~~^~~~~~~
../Core/Src/main.c:826:56: warning: passing argument 4 of 'kalman_predict' from incompatible pointer type [-Wincompatible-pointer-types]
  826 |                 kalman_predict(&KFoutput, &P_est, &Ak, &G, Q);
      |                                                        ^~
      |                                                        |
      |                                                        float (*)[3][1]
In file included from ../Core/Src/main.c:32:
../Core/Inc/KalmanFilter.h:27:77: note: expected 'float (*)[1]' but argument is of type 'float (*)[3][1]'
   27 | void kalman_predict(float x_est[3], float P_est[3][3], float A[3][3], float G[3][1], float Q);
      |                                                                       ~~~~~~^~~~~~~
../Core/Src/main.c:827:31: warning: passing argument 1 of 'kalman_update' from incompatible pointer type [-Wincompatible-pointer-types]
  827 |                 kalman_update(&KFoutput, &P_est, &Ck, R, QEI.LinearPosition);
      |                               ^~~~~~~~~
      |                               |
      |                               float (*)[3]
In file included from ../Core/Src/main.c:32:
../Core/Inc/KalmanFilter.h:28:26: note: expected 'float *' but argument is of type 'float (*)[3]'
   28 | void kalman_update(float x_est[3], float P_est[3][3], float C[1][3], float R, float z);
      |                    ~~~~~~^~~~~~~~
../Core/Src/main.c:827:42: warning: passing argument 2 of 'kalman_update' from incompatible pointer type [-Wincompatible-pointer-types]
  827 |                 kalman_update(&KFoutput, &P_est, &Ck, R, QEI.LinearPosition);
      |                                          ^~~~~~
      |                                          |
      |                                          float (*)[3][3]
In file included from ../Core/Src/main.c:32:
../Core/Inc/KalmanFilter.h:28:42: note: expected 'float (*)[3]' but argument is of type 'float (*)[3][3]'
   28 | void kalman_update(float x_est[3], float P_est[3][3], float C[1][3], float R, float z);
      |                                    ~~~~~~^~~~~~~~~~~
../Core/Src/main.c:827:50: warning: passing argument 3 of 'kalman_update' from incompatible pointer type [-Wincompatible-pointer-types]
  827 |                 kalman_update(&KFoutput, &P_est, &Ck, R, QEI.LinearPosition);
      |                                                  ^~~
      |                                                  |
      |                                                  float (*)[1][3]
In file included from ../Core/Src/main.c:32:
../Core/Inc/KalmanFilter.h:28:61: note: expected 'float (*)[3]' but argument is of type 'float (*)[1][3]'
   28 | void kalman_update(float x_est[3], float P_est[3][3], float C[1][3], float R, float z);
      |                                                       ~~~~~~^~~~~~~
arm-none-eabi-gcc -o "FRA262_Studio3.elf" @"objects.list"   -mcpu=cortex-m4 -T"C:\Users\emper\STM32CubeIDE\workspace_1.14.1\FRA262_1DOF_ASRS\FRA262_Studio3\STM32G474RETX_FLASH.ld" --specs=nosys.specs -Wl,-Map="FRA262_Studio3.map" -Wl,--gc-sections -static --specs=nano.specs -mfpu=fpv4-sp-d16 -mfloat-abi=hard -mthumb -Wl,--start-group -lc -lm -Wl,--end-group
Finished building target: FRA262_Studio3.elf
 
arm-none-eabi-size  FRA262_Studio3.elf 
arm-none-eabi-objdump -h -S FRA262_Studio3.elf  > "FRA262_Studio3.list"
   text	   data	    bss	    dec	    hex	filename
  52368	    720	   6192	  59280	   e790	FRA262_Studio3.elf
Finished building: default.size.stdout
 
Finished building: FRA262_Studio3.list
 
16:39:35 **** Incremental Build of configuration Debug for project FRA262_Studio3 ****
make -j16 all 
arm-none-eabi-gcc "../Core/Src/ModeHandler.c" -mcpu=cortex-m4 -std=gnu11 -g3 -DDEBUG -DUSE_HAL_DRIVER -DSTM32G474xx -c -I../Core/Inc -I../Drivers/STM32G4xx_HAL_Driver/Inc -I../Drivers/STM32G4xx_HAL_Driver/Inc/Legacy -I../Drivers/CMSIS/Device/ST/STM32G4xx/Include -I../Drivers/CMSIS/Include -I../Middlewares/Third_Party/ARM_CMSIS/CMSIS/Core/Include/ -I../Middlewares/Third_Party/ARM_CMSIS/PrivateInclude/ -I../Middlewares/Third_Party/ARM_CMSIS/Include/ -I../Middlewares/Third_Party/ARM_CMSIS/Include -I"C:/Users/emper/STM32CubeIDE/workspace_1.14.1/FRA262_1DOF_ASRS/FRA262_Studio3/Source/BasicMathFunctions" -I"C:/Users/emper/STM32CubeIDE/workspace_1.14.1/FRA262_1DOF_ASRS/FRA262_Studio3/Source/BayesFunctions" -I"C:/Users/emper/STM32CubeIDE/workspace_1.14.1/FRA262_1DOF_ASRS/FRA262_Studio3/Source/CommonTables" -I"C:/Users/emper/STM32CubeIDE/workspace_1.14.1/FRA262_1DOF_ASRS/FRA262_Studio3/Source/ComplexMathFunctions" -I"C:/Users/emper/STM32CubeIDE/workspace_1.14.1/FRA262_1DOF_ASRS/FRA262_Studio3/Source/ControllerFunctions" -I"C:/Users/emper/STM32CubeIDE/workspace_1.14.1/FRA262_1DOF_ASRS/FRA262_Studio3/Source/DistanceFunctions" -I"C:/Users/emper/STM32CubeIDE/workspace_1.14.1/FRA262_1DOF_ASRS/FRA262_Studio3/Source/FastMathFunctions" -I"C:/Users/emper/STM32CubeIDE/workspace_1.14.1/FRA262_1DOF_ASRS/FRA262_Studio3/Source/FilteringFunctions" -I"C:/Users/emper/STM32CubeIDE/workspace_1.14.1/FRA262_1DOF_ASRS/FRA262_Studio3/Source/InterpolationFunctions" -I"C:/Users/emper/STM32CubeIDE/workspace_1.14.1/FRA262_1DOF_ASRS/FRA262_Studio3/Source/MatrixFunctions" -I"C:/Users/emper/STM32CubeIDE/workspace_1.14.1/FRA262_1DOF_ASRS/FRA262_Studio3/Source/QuaternionMathFunctions" -I"C:/Users/emper/STM32CubeIDE/workspace_1.14.1/FRA262_1DOF_ASRS/FRA262_Studio3/Source/StatisticsFunctions" -I"C:/Users/emper/STM32CubeIDE/workspace_1.14.1/FRA262_1DOF_ASRS/FRA262_Studio3/Source/SupportFunctions" -I"C:/Users/emper/STM32CubeIDE/workspace_1.14.1/FRA262_1DOF_ASRS/FRA262_Studio3/Source/SVMFunctions" -I"C:/Users/emper/STM32CubeIDE/workspace_1.14.1/FRA262_1DOF_ASRS/FRA262_Studio3/Source/TransformFunctions" -I"C:/Users/emper/STM32CubeIDE/workspace_1.14.1/FRA262_1DOF_ASRS/FRA262_Studio3/Source/WindowFunctions" -O0 -ffunction-sections -fdata-sections -Wall -fstack-usage -fcyclomatic-complexity -MMD -MP -MF"Core/Src/ModeHandler.d" -MT"Core/Src/ModeHandler.o" --specs=nano.specs -mfpu=fpv4-sp-d16 -mfloat-abi=hard -mthumb -o "Core/Src/ModeHandler.o"
../Core/Src/ModeHandler.c: In function 'SetShelve_mode':
../Core/Src/ModeHandler.c:76:17: warning: implicit declaration of function 'Motor_Control' [-Wimplicit-function-declaration]
   76 |                 Motor_Control(_BACKDRIVE_FACTOR);
      |                 ^~~~~~~~~~~~~
../Core/Src/ModeHandler.c: In function 'Point_mode':
../Core/Src/ModeHandler.c:134:12: warning: implicit declaration of function 'fabs' [-Wimplicit-function-declaration]
  134 |         if(fabs(QEI->LinearPosition - goal) <= 0.05)
      |            ^~~~
../Core/Src/ModeHandler.c:10:1: note: include '<math.h>' or provide a declaration of 'fabs'
    9 | #include "main.h"
  +++ |+#include <math.h>
   10 | 
../Core/Src/ModeHandler.c:134:12: warning: incompatible implicit declaration of built-in function 'fabs' [-Wbuiltin-declaration-mismatch]
  134 |         if(fabs(QEI->LinearPosition - goal) <= 0.05)
      |            ^~~~
../Core/Src/ModeHandler.c:134:12: note: include '<math.h>' or provide a declaration of 'fabs'
../Core/Src/ModeHandler.c: In function 'Jog_mode':
../Core/Src/ModeHandler.c:178:28: warning: incompatible implicit declaration of built-in function 'fabs' [-Wbuiltin-declaration-mismatch]
  178 |                         if(fabs(QEI->LinearPosition - SetPosition) <= 0.1)
      |                            ^~~~
../Core/Src/ModeHandler.c:178:28: note: include '<math.h>' or provide a declaration of 'fabs'
arm-none-eabi-gcc -o "FRA262_Studio3.elf" @"objects.list"   -mcpu=cortex-m4 -T"C:\Users\emper\STM32CubeIDE\workspace_1.14.1\FRA262_1DOF_ASRS\FRA262_Studio3\STM32G474RETX_FLASH.ld" --specs=nosys.specs -Wl,-Map="FRA262_Studio3.map" -Wl,--gc-sections -static --specs=nano.specs -mfpu=fpv4-sp-d16 -mfloat-abi=hard -mthumb -Wl,--start-group -lc -lm -Wl,--end-group
Finished building target: FRA262_Studio3.elf
 
arm-none-eabi-size  FRA262_Studio3.elf 
arm-none-eabi-objdump -h -S FRA262_Studio3.elf  > "FRA262_Studio3.list"
   text	   data	    bss	    dec	    hex	filename
  52376	    720	   6192	  59288	   e798	FRA262_Studio3.elf
Finished building: default.size.stdout
 
Finished building: FRA262_Studio3.list
 
16:41:44 **** Incremental Build of configuration Debug for project FRA262_Studio3 ****
make -j16 all 
arm-none-eabi-gcc "../Core/Src/ModeHandler.c" -mcpu=cortex-m4 -std=gnu11 -g3 -DDEBUG -DUSE_HAL_DRIVER -DSTM32G474xx -c -I../Core/Inc -I../Drivers/STM32G4xx_HAL_Driver/Inc -I../Drivers/STM32G4xx_HAL_Driver/Inc/Legacy -I../Drivers/CMSIS/Device/ST/STM32G4xx/Include -I../Drivers/CMSIS/Include -I../Middlewares/Third_Party/ARM_CMSIS/CMSIS/Core/Include/ -I../Middlewares/Third_Party/ARM_CMSIS/PrivateInclude/ -I../Middlewares/Third_Party/ARM_CMSIS/Include/ -I../Middlewares/Third_Party/ARM_CMSIS/Include -I"C:/Users/emper/STM32CubeIDE/workspace_1.14.1/FRA262_1DOF_ASRS/FRA262_Studio3/Source/BasicMathFunctions" -I"C:/Users/emper/STM32CubeIDE/workspace_1.14.1/FRA262_1DOF_ASRS/FRA262_Studio3/Source/BayesFunctions" -I"C:/Users/emper/STM32CubeIDE/workspace_1.14.1/FRA262_1DOF_ASRS/FRA262_Studio3/Source/CommonTables" -I"C:/Users/emper/STM32CubeIDE/workspace_1.14.1/FRA262_1DOF_ASRS/FRA262_Studio3/Source/ComplexMathFunctions" -I"C:/Users/emper/STM32CubeIDE/workspace_1.14.1/FRA262_1DOF_ASRS/FRA262_Studio3/Source/ControllerFunctions" -I"C:/Users/emper/STM32CubeIDE/workspace_1.14.1/FRA262_1DOF_ASRS/FRA262_Studio3/Source/DistanceFunctions" -I"C:/Users/emper/STM32CubeIDE/workspace_1.14.1/FRA262_1DOF_ASRS/FRA262_Studio3/Source/FastMathFunctions" -I"C:/Users/emper/STM32CubeIDE/workspace_1.14.1/FRA262_1DOF_ASRS/FRA262_Studio3/Source/FilteringFunctions" -I"C:/Users/emper/STM32CubeIDE/workspace_1.14.1/FRA262_1DOF_ASRS/FRA262_Studio3/Source/InterpolationFunctions" -I"C:/Users/emper/STM32CubeIDE/workspace_1.14.1/FRA262_1DOF_ASRS/FRA262_Studio3/Source/MatrixFunctions" -I"C:/Users/emper/STM32CubeIDE/workspace_1.14.1/FRA262_1DOF_ASRS/FRA262_Studio3/Source/QuaternionMathFunctions" -I"C:/Users/emper/STM32CubeIDE/workspace_1.14.1/FRA262_1DOF_ASRS/FRA262_Studio3/Source/StatisticsFunctions" -I"C:/Users/emper/STM32CubeIDE/workspace_1.14.1/FRA262_1DOF_ASRS/FRA262_Studio3/Source/SupportFunctions" -I"C:/Users/emper/STM32CubeIDE/workspace_1.14.1/FRA262_1DOF_ASRS/FRA262_Studio3/Source/SVMFunctions" -I"C:/Users/emper/STM32CubeIDE/workspace_1.14.1/FRA262_1DOF_ASRS/FRA262_Studio3/Source/TransformFunctions" -I"C:/Users/emper/STM32CubeIDE/workspace_1.14.1/FRA262_1DOF_ASRS/FRA262_Studio3/Source/WindowFunctions" -O0 -ffunction-sections -fdata-sections -Wall -fstack-usage -fcyclomatic-complexity -MMD -MP -MF"Core/Src/ModeHandler.d" -MT"Core/Src/ModeHandler.o" --specs=nano.specs -mfpu=fpv4-sp-d16 -mfloat-abi=hard -mthumb -o "Core/Src/ModeHandler.o"
../Core/Src/ModeHandler.c: In function 'SetShelve_mode':
../Core/Src/ModeHandler.c:76:17: warning: implicit declaration of function 'Motor_Control' [-Wimplicit-function-declaration]
   76 |                 Motor_Control(_BACKDRIVE_FACTOR);
      |                 ^~~~~~~~~~~~~
../Core/Src/ModeHandler.c: In function 'Point_mode':
../Core/Src/ModeHandler.c:137:12: warning: implicit declaration of function 'fabs' [-Wimplicit-function-declaration]
  137 |         if(fabs(QEI->LinearPosition - goal) <= 0.05)
      |            ^~~~
../Core/Src/ModeHandler.c:10:1: note: include '<math.h>' or provide a declaration of 'fabs'
    9 | #include "main.h"
  +++ |+#include <math.h>
   10 | 
../Core/Src/ModeHandler.c:137:12: warning: incompatible implicit declaration of built-in function 'fabs' [-Wbuiltin-declaration-mismatch]
  137 |         if(fabs(QEI->LinearPosition - goal) <= 0.05)
      |            ^~~~
../Core/Src/ModeHandler.c:137:12: note: include '<math.h>' or provide a declaration of 'fabs'
../Core/Src/ModeHandler.c: In function 'Jog_mode':
../Core/Src/ModeHandler.c:181:28: warning: incompatible implicit declaration of built-in function 'fabs' [-Wbuiltin-declaration-mismatch]
  181 |                         if(fabs(QEI->LinearPosition - SetPosition) <= 0.1)
      |                            ^~~~
../Core/Src/ModeHandler.c:181:28: note: include '<math.h>' or provide a declaration of 'fabs'
arm-none-eabi-gcc -o "FRA262_Studio3.elf" @"objects.list"   -mcpu=cortex-m4 -T"C:\Users\emper\STM32CubeIDE\workspace_1.14.1\FRA262_1DOF_ASRS\FRA262_Studio3\STM32G474RETX_FLASH.ld" --specs=nosys.specs -Wl,-Map="FRA262_Studio3.map" -Wl,--gc-sections -static --specs=nano.specs -mfpu=fpv4-sp-d16 -mfloat-abi=hard -mthumb -Wl,--start-group -lc -lm -Wl,--end-group
Finished building target: FRA262_Studio3.elf
 
arm-none-eabi-size  FRA262_Studio3.elf 
arm-none-eabi-objdump -h -S FRA262_Studio3.elf  > "FRA262_Studio3.list"
   text	   data	    bss	    dec	    hex	filename
  52392	    720	   6184	  59296	   e7a0	FRA262_Studio3.elf
Finished building: default.size.stdout
 
Finished building: FRA262_Studio3.list
 
16:44:12 **** Incremental Build of configuration Debug for project FRA262_Studio3 ****
make -j16 all 
arm-none-eabi-gcc "../Core/Src/ModeHandler.c" -mcpu=cortex-m4 -std=gnu11 -g3 -DDEBUG -DUSE_HAL_DRIVER -DSTM32G474xx -c -I../Core/Inc -I../Drivers/STM32G4xx_HAL_Driver/Inc -I../Drivers/STM32G4xx_HAL_Driver/Inc/Legacy -I../Drivers/CMSIS/Device/ST/STM32G4xx/Include -I../Drivers/CMSIS/Include -I../Middlewares/Third_Party/ARM_CMSIS/CMSIS/Core/Include/ -I../Middlewares/Third_Party/ARM_CMSIS/PrivateInclude/ -I../Middlewares/Third_Party/ARM_CMSIS/Include/ -I../Middlewares/Third_Party/ARM_CMSIS/Include -I"C:/Users/emper/STM32CubeIDE/workspace_1.14.1/FRA262_1DOF_ASRS/FRA262_Studio3/Source/BasicMathFunctions" -I"C:/Users/emper/STM32CubeIDE/workspace_1.14.1/FRA262_1DOF_ASRS/FRA262_Studio3/Source/BayesFunctions" -I"C:/Users/emper/STM32CubeIDE/workspace_1.14.1/FRA262_1DOF_ASRS/FRA262_Studio3/Source/CommonTables" -I"C:/Users/emper/STM32CubeIDE/workspace_1.14.1/FRA262_1DOF_ASRS/FRA262_Studio3/Source/ComplexMathFunctions" -I"C:/Users/emper/STM32CubeIDE/workspace_1.14.1/FRA262_1DOF_ASRS/FRA262_Studio3/Source/ControllerFunctions" -I"C:/Users/emper/STM32CubeIDE/workspace_1.14.1/FRA262_1DOF_ASRS/FRA262_Studio3/Source/DistanceFunctions" -I"C:/Users/emper/STM32CubeIDE/workspace_1.14.1/FRA262_1DOF_ASRS/FRA262_Studio3/Source/FastMathFunctions" -I"C:/Users/emper/STM32CubeIDE/workspace_1.14.1/FRA262_1DOF_ASRS/FRA262_Studio3/Source/FilteringFunctions" -I"C:/Users/emper/STM32CubeIDE/workspace_1.14.1/FRA262_1DOF_ASRS/FRA262_Studio3/Source/InterpolationFunctions" -I"C:/Users/emper/STM32CubeIDE/workspace_1.14.1/FRA262_1DOF_ASRS/FRA262_Studio3/Source/MatrixFunctions" -I"C:/Users/emper/STM32CubeIDE/workspace_1.14.1/FRA262_1DOF_ASRS/FRA262_Studio3/Source/QuaternionMathFunctions" -I"C:/Users/emper/STM32CubeIDE/workspace_1.14.1/FRA262_1DOF_ASRS/FRA262_Studio3/Source/StatisticsFunctions" -I"C:/Users/emper/STM32CubeIDE/workspace_1.14.1/FRA262_1DOF_ASRS/FRA262_Studio3/Source/SupportFunctions" -I"C:/Users/emper/STM32CubeIDE/workspace_1.14.1/FRA262_1DOF_ASRS/FRA262_Studio3/Source/SVMFunctions" -I"C:/Users/emper/STM32CubeIDE/workspace_1.14.1/FRA262_1DOF_ASRS/FRA262_Studio3/Source/TransformFunctions" -I"C:/Users/emper/STM32CubeIDE/workspace_1.14.1/FRA262_1DOF_ASRS/FRA262_Studio3/Source/WindowFunctions" -O0 -ffunction-sections -fdata-sections -Wall -fstack-usage -fcyclomatic-complexity -MMD -MP -MF"Core/Src/ModeHandler.d" -MT"Core/Src/ModeHandler.o" --specs=nano.specs -mfpu=fpv4-sp-d16 -mfloat-abi=hard -mthumb -o "Core/Src/ModeHandler.o"
arm-none-eabi-gcc "../Core/Src/main.c" -mcpu=cortex-m4 -std=gnu11 -g3 -DDEBUG -DUSE_HAL_DRIVER -DSTM32G474xx -c -I../Core/Inc -I../Drivers/STM32G4xx_HAL_Driver/Inc -I../Drivers/STM32G4xx_HAL_Driver/Inc/Legacy -I../Drivers/CMSIS/Device/ST/STM32G4xx/Include -I../Drivers/CMSIS/Include -I../Middlewares/Third_Party/ARM_CMSIS/CMSIS/Core/Include/ -I../Middlewares/Third_Party/ARM_CMSIS/PrivateInclude/ -I../Middlewares/Third_Party/ARM_CMSIS/Include/ -I../Middlewares/Third_Party/ARM_CMSIS/Include -I"C:/Users/emper/STM32CubeIDE/workspace_1.14.1/FRA262_1DOF_ASRS/FRA262_Studio3/Source/BasicMathFunctions" -I"C:/Users/emper/STM32CubeIDE/workspace_1.14.1/FRA262_1DOF_ASRS/FRA262_Studio3/Source/BayesFunctions" -I"C:/Users/emper/STM32CubeIDE/workspace_1.14.1/FRA262_1DOF_ASRS/FRA262_Studio3/Source/CommonTables" -I"C:/Users/emper/STM32CubeIDE/workspace_1.14.1/FRA262_1DOF_ASRS/FRA262_Studio3/Source/ComplexMathFunctions" -I"C:/Users/emper/STM32CubeIDE/workspace_1.14.1/FRA262_1DOF_ASRS/FRA262_Studio3/Source/ControllerFunctions" -I"C:/Users/emper/STM32CubeIDE/workspace_1.14.1/FRA262_1DOF_ASRS/FRA262_Studio3/Source/DistanceFunctions" -I"C:/Users/emper/STM32CubeIDE/workspace_1.14.1/FRA262_1DOF_ASRS/FRA262_Studio3/Source/FastMathFunctions" -I"C:/Users/emper/STM32CubeIDE/workspace_1.14.1/FRA262_1DOF_ASRS/FRA262_Studio3/Source/FilteringFunctions" -I"C:/Users/emper/STM32CubeIDE/workspace_1.14.1/FRA262_1DOF_ASRS/FRA262_Studio3/Source/InterpolationFunctions" -I"C:/Users/emper/STM32CubeIDE/workspace_1.14.1/FRA262_1DOF_ASRS/FRA262_Studio3/Source/MatrixFunctions" -I"C:/Users/emper/STM32CubeIDE/workspace_1.14.1/FRA262_1DOF_ASRS/FRA262_Studio3/Source/QuaternionMathFunctions" -I"C:/Users/emper/STM32CubeIDE/workspace_1.14.1/FRA262_1DOF_ASRS/FRA262_Studio3/Source/StatisticsFunctions" -I"C:/Users/emper/STM32CubeIDE/workspace_1.14.1/FRA262_1DOF_ASRS/FRA262_Studio3/Source/SupportFunctions" -I"C:/Users/emper/STM32CubeIDE/workspace_1.14.1/FRA262_1DOF_ASRS/FRA262_Studio3/Source/SVMFunctions" -I"C:/Users/emper/STM32CubeIDE/workspace_1.14.1/FRA262_1DOF_ASRS/FRA262_Studio3/Source/TransformFunctions" -I"C:/Users/emper/STM32CubeIDE/workspace_1.14.1/FRA262_1DOF_ASRS/FRA262_Studio3/Source/WindowFunctions" -O0 -ffunction-sections -fdata-sections -Wall -fstack-usage -fcyclomatic-complexity -MMD -MP -MF"Core/Src/main.d" -MT"Core/Src/main.o" --specs=nano.specs -mfpu=fpv4-sp-d16 -mfloat-abi=hard -mthumb -o "Core/Src/main.o"
../Core/Src/ModeHandler.c: In function 'SetShelve_mode':
../Core/Src/ModeHandler.c:76:17: warning: implicit declaration of function 'Motor_Control' [-Wimplicit-function-declaration]
   76 |                 Motor_Control(_BACKDRIVE_FACTOR);
      |                 ^~~~~~~~~~~~~
../Core/Src/ModeHandler.c: In function 'Point_mode':
../Core/Src/ModeHandler.c:137:12: warning: implicit declaration of function 'fabs' [-Wimplicit-function-declaration]
  137 |         if(fabs(QEI->LinearPosition - goal) <= 0.05)
      |            ^~~~
../Core/Src/ModeHandler.c:10:1: note: include '<math.h>' or provide a declaration of 'fabs'
    9 | #include "main.h"
  +++ |+#include <math.h>
   10 | 
../Core/Src/ModeHandler.c:137:12: warning: incompatible implicit declaration of built-in function 'fabs' [-Wbuiltin-declaration-mismatch]
  137 |         if(fabs(QEI->LinearPosition - goal) <= 0.05)
      |            ^~~~
../Core/Src/ModeHandler.c:137:12: note: include '<math.h>' or provide a declaration of 'fabs'
../Core/Src/ModeHandler.c: In function 'Jog_mode':
../Core/Src/ModeHandler.c:181:28: warning: incompatible implicit declaration of built-in function 'fabs' [-Wbuiltin-declaration-mismatch]
  181 |                         if(fabs(QEI->LinearPosition - SetPosition) <= 0.1)
      |                            ^~~~
../Core/Src/ModeHandler.c:181:28: note: include '<math.h>' or provide a declaration of 'fabs'
../Core/Src/main.c: In function 'main':
../Core/Src/main.c:187:37: warning: passing argument 2 of 'HAL_ADC_Start_DMA' from incompatible pointer type [-Wincompatible-pointer-types]
  187 |   HAL_ADC_Start_DMA(&hadc1, Joystick.XYBuffer, 200);
      |                             ~~~~~~~~^~~~~~~~~
      |                                     |
      |                                     uint16_t * {aka short unsigned int *}
In file included from ../Core/Inc/stm32g4xx_hal_conf.h:228,
                 from ../Drivers/STM32G4xx_HAL_Driver/Inc/stm32g4xx_hal.h:29,
                 from ../Core/Inc/main.h:30,
                 from ../Core/Src/main.c:20:
../Drivers/STM32G4xx_HAL_Driver/Inc/stm32g4xx_hal_adc.h:2242:78: note: expected 'uint32_t *' {aka 'long unsigned int *'} but argument is of type 'uint16_t *' {aka 'short unsigned int *'}
 2242 | HAL_StatusTypeDef       HAL_ADC_Start_DMA(ADC_HandleTypeDef *hadc, uint32_t *pData, uint32_t Length);
      |                                                                    ~~~~~~~~~~^~~~~
../Core/Src/main.c:233:25: warning: implicit declaration of function 'Motor_Control' [-Wimplicit-function-declaration]
  233 |                         Motor_Control((int32_t)(PIDv.Command));
      |                         ^~~~~~~~~~~~~
../Core/Src/main.c: In function 'HAL_TIM_PeriodElapsedCallback':
../Core/Src/main.c:828:32: warning: passing argument 1 of 'kalman_predict' from incompatible pointer type [-Wincompatible-pointer-types]
  828 |                 kalman_predict(&KFoutput, &P_est, &Ak, &G, Q);
      |                                ^~~~~~~~~
      |                                |
      |                                float (*)[3]
In file included from ../Core/Src/main.c:32:
../Core/Inc/KalmanFilter.h:27:27: note: expected 'float *' but argument is of type 'float (*)[3]'
   27 | void kalman_predict(float x_est[3], float P_est[3][3], float A[3][3], float G[3][1], float Q);
      |                     ~~~~~~^~~~~~~~
../Core/Src/main.c:828:43: warning: passing argument 2 of 'kalman_predict' from incompatible pointer type [-Wincompatible-pointer-types]
  828 |                 kalman_predict(&KFoutput, &P_est, &Ak, &G, Q);
      |                                           ^~~~~~
      |                                           |
      |                                           float (*)[3][3]
In file included from ../Core/Src/main.c:32:
../Core/Inc/KalmanFilter.h:27:43: note: expected 'float (*)[3]' but argument is of type 'float (*)[3][3]'
   27 | void kalman_predict(float x_est[3], float P_est[3][3], float A[3][3], float G[3][1], float Q);
      |                                     ~~~~~~^~~~~~~~~~~
../Core/Src/main.c:828:51: warning: passing argument 3 of 'kalman_predict' from incompatible pointer type [-Wincompatible-pointer-types]
  828 |                 kalman_predict(&KFoutput, &P_est, &Ak, &G, Q);
      |                                                   ^~~
      |                                                   |
      |                                                   float (*)[3][3]
In file included from ../Core/Src/main.c:32:
../Core/Inc/KalmanFilter.h:27:62: note: expected 'float (*)[3]' but argument is of type 'float (*)[3][3]'
   27 | void kalman_predict(float x_est[3], float P_est[3][3], float A[3][3], float G[3][1], float Q);
      |                                                        ~~~~~~^~~~~~~
../Core/Src/main.c:828:56: warning: passing argument 4 of 'kalman_predict' from incompatible pointer type [-Wincompatible-pointer-types]
  828 |                 kalman_predict(&KFoutput, &P_est, &Ak, &G, Q);
      |                                                        ^~
      |                                                        |
      |                                                        float (*)[3][1]
In file included from ../Core/Src/main.c:32:
../Core/Inc/KalmanFilter.h:27:77: note: expected 'float (*)[1]' but argument is of type 'float (*)[3][1]'
   27 | void kalman_predict(float x_est[3], float P_est[3][3], float A[3][3], float G[3][1], float Q);
      |                                                                       ~~~~~~^~~~~~~
../Core/Src/main.c:829:31: warning: passing argument 1 of 'kalman_update' from incompatible pointer type [-Wincompatible-pointer-types]
  829 |                 kalman_update(&KFoutput, &P_est, &Ck, R, QEI.LinearPosition);
      |                               ^~~~~~~~~
      |                               |
      |                               float (*)[3]
In file included from ../Core/Src/main.c:32:
../Core/Inc/KalmanFilter.h:28:26: note: expected 'float *' but argument is of type 'float (*)[3]'
   28 | void kalman_update(float x_est[3], float P_est[3][3], float C[1][3], float R, float z);
      |                    ~~~~~~^~~~~~~~
../Core/Src/main.c:829:42: warning: passing argument 2 of 'kalman_update' from incompatible pointer type [-Wincompatible-pointer-types]
  829 |                 kalman_update(&KFoutput, &P_est, &Ck, R, QEI.LinearPosition);
      |                                          ^~~~~~
      |                                          |
      |                                          float (*)[3][3]
In file included from ../Core/Src/main.c:32:
../Core/Inc/KalmanFilter.h:28:42: note: expected 'float (*)[3]' but argument is of type 'float (*)[3][3]'
   28 | void kalman_update(float x_est[3], float P_est[3][3], float C[1][3], float R, float z);
      |                                    ~~~~~~^~~~~~~~~~~
../Core/Src/main.c:829:50: warning: passing argument 3 of 'kalman_update' from incompatible pointer type [-Wincompatible-pointer-types]
  829 |                 kalman_update(&KFoutput, &P_est, &Ck, R, QEI.LinearPosition);
      |                                                  ^~~
      |                                                  |
      |                                                  float (*)[1][3]
In file included from ../Core/Src/main.c:32:
../Core/Inc/KalmanFilter.h:28:61: note: expected 'float (*)[3]' but argument is of type 'float (*)[1][3]'
   28 | void kalman_update(float x_est[3], float P_est[3][3], float C[1][3], float R, float z);
      |                                                       ~~~~~~^~~~~~~
arm-none-eabi-gcc -o "FRA262_Studio3.elf" @"objects.list"   -mcpu=cortex-m4 -T"C:\Users\emper\STM32CubeIDE\workspace_1.14.1\FRA262_1DOF_ASRS\FRA262_Studio3\STM32G474RETX_FLASH.ld" --specs=nosys.specs -Wl,-Map="FRA262_Studio3.map" -Wl,--gc-sections -static --specs=nano.specs -mfpu=fpv4-sp-d16 -mfloat-abi=hard -mthumb -Wl,--start-group -lc -lm -Wl,--end-group
Finished building target: FRA262_Studio3.elf
 
arm-none-eabi-size  FRA262_Studio3.elf 
arm-none-eabi-objdump -h -S FRA262_Studio3.elf  > "FRA262_Studio3.list"
   text	   data	    bss	    dec	    hex	filename
  52428	    720	   6192	  59340	   e7cc	FRA262_Studio3.elf
Finished building: default.size.stdout
 
Finished building: FRA262_Studio3.list
 
16:45:06 **** Incremental Build of configuration Debug for project FRA262_Studio3 ****
make -j16 all 
arm-none-eabi-gcc "../Core/Src/ModeHandler.c" -mcpu=cortex-m4 -std=gnu11 -g3 -DDEBUG -DUSE_HAL_DRIVER -DSTM32G474xx -c -I../Core/Inc -I../Drivers/STM32G4xx_HAL_Driver/Inc -I../Drivers/STM32G4xx_HAL_Driver/Inc/Legacy -I../Drivers/CMSIS/Device/ST/STM32G4xx/Include -I../Drivers/CMSIS/Include -I../Middlewares/Third_Party/ARM_CMSIS/CMSIS/Core/Include/ -I../Middlewares/Third_Party/ARM_CMSIS/PrivateInclude/ -I../Middlewares/Third_Party/ARM_CMSIS/Include/ -I../Middlewares/Third_Party/ARM_CMSIS/Include -I"C:/Users/emper/STM32CubeIDE/workspace_1.14.1/FRA262_1DOF_ASRS/FRA262_Studio3/Source/BasicMathFunctions" -I"C:/Users/emper/STM32CubeIDE/workspace_1.14.1/FRA262_1DOF_ASRS/FRA262_Studio3/Source/BayesFunctions" -I"C:/Users/emper/STM32CubeIDE/workspace_1.14.1/FRA262_1DOF_ASRS/FRA262_Studio3/Source/CommonTables" -I"C:/Users/emper/STM32CubeIDE/workspace_1.14.1/FRA262_1DOF_ASRS/FRA262_Studio3/Source/ComplexMathFunctions" -I"C:/Users/emper/STM32CubeIDE/workspace_1.14.1/FRA262_1DOF_ASRS/FRA262_Studio3/Source/ControllerFunctions" -I"C:/Users/emper/STM32CubeIDE/workspace_1.14.1/FRA262_1DOF_ASRS/FRA262_Studio3/Source/DistanceFunctions" -I"C:/Users/emper/STM32CubeIDE/workspace_1.14.1/FRA262_1DOF_ASRS/FRA262_Studio3/Source/FastMathFunctions" -I"C:/Users/emper/STM32CubeIDE/workspace_1.14.1/FRA262_1DOF_ASRS/FRA262_Studio3/Source/FilteringFunctions" -I"C:/Users/emper/STM32CubeIDE/workspace_1.14.1/FRA262_1DOF_ASRS/FRA262_Studio3/Source/InterpolationFunctions" -I"C:/Users/emper/STM32CubeIDE/workspace_1.14.1/FRA262_1DOF_ASRS/FRA262_Studio3/Source/MatrixFunctions" -I"C:/Users/emper/STM32CubeIDE/workspace_1.14.1/FRA262_1DOF_ASRS/FRA262_Studio3/Source/QuaternionMathFunctions" -I"C:/Users/emper/STM32CubeIDE/workspace_1.14.1/FRA262_1DOF_ASRS/FRA262_Studio3/Source/StatisticsFunctions" -I"C:/Users/emper/STM32CubeIDE/workspace_1.14.1/FRA262_1DOF_ASRS/FRA262_Studio3/Source/SupportFunctions" -I"C:/Users/emper/STM32CubeIDE/workspace_1.14.1/FRA262_1DOF_ASRS/FRA262_Studio3/Source/SVMFunctions" -I"C:/Users/emper/STM32CubeIDE/workspace_1.14.1/FRA262_1DOF_ASRS/FRA262_Studio3/Source/TransformFunctions" -I"C:/Users/emper/STM32CubeIDE/workspace_1.14.1/FRA262_1DOF_ASRS/FRA262_Studio3/Source/WindowFunctions" -O0 -ffunction-sections -fdata-sections -Wall -fstack-usage -fcyclomatic-complexity -MMD -MP -MF"Core/Src/ModeHandler.d" -MT"Core/Src/ModeHandler.o" --specs=nano.specs -mfpu=fpv4-sp-d16 -mfloat-abi=hard -mthumb -o "Core/Src/ModeHandler.o"
../Core/Src/ModeHandler.c: In function 'SetShelve_mode':
../Core/Src/ModeHandler.c:76:17: warning: implicit declaration of function 'Motor_Control' [-Wimplicit-function-declaration]
   76 |                 Motor_Control(_BACKDRIVE_FACTOR);
      |                 ^~~~~~~~~~~~~
../Core/Src/ModeHandler.c: In function 'Point_mode':
../Core/Src/ModeHandler.c:137:12: warning: implicit declaration of function 'fabs' [-Wimplicit-function-declaration]
  137 |         if(fabs(QEI->LinearPosition - goal) <= 0.05)
      |            ^~~~
../Core/Src/ModeHandler.c:10:1: note: include '<math.h>' or provide a declaration of 'fabs'
    9 | #include "main.h"
  +++ |+#include <math.h>
   10 | 
../Core/Src/ModeHandler.c:137:12: warning: incompatible implicit declaration of built-in function 'fabs' [-Wbuiltin-declaration-mismatch]
  137 |         if(fabs(QEI->LinearPosition - goal) <= 0.05)
      |            ^~~~
../Core/Src/ModeHandler.c:137:12: note: include '<math.h>' or provide a declaration of 'fabs'
../Core/Src/ModeHandler.c: In function 'Jog_mode':
../Core/Src/ModeHandler.c:181:28: warning: incompatible implicit declaration of built-in function 'fabs' [-Wbuiltin-declaration-mismatch]
  181 |                         if(fabs(QEI->LinearPosition - SetPosition) <= 0.1)
      |                            ^~~~
../Core/Src/ModeHandler.c:181:28: note: include '<math.h>' or provide a declaration of 'fabs'
arm-none-eabi-gcc -o "FRA262_Studio3.elf" @"objects.list"   -mcpu=cortex-m4 -T"C:\Users\emper\STM32CubeIDE\workspace_1.14.1\FRA262_1DOF_ASRS\FRA262_Studio3\STM32G474RETX_FLASH.ld" --specs=nosys.specs -Wl,-Map="FRA262_Studio3.map" -Wl,--gc-sections -static --specs=nano.specs -mfpu=fpv4-sp-d16 -mfloat-abi=hard -mthumb -Wl,--start-group -lc -lm -Wl,--end-group
Finished building target: FRA262_Studio3.elf
 
arm-none-eabi-size  FRA262_Studio3.elf 
arm-none-eabi-objdump -h -S FRA262_Studio3.elf  > "FRA262_Studio3.list"
   text	   data	    bss	    dec	    hex	filename
  52428	    720	   6192	  59340	   e7cc	FRA262_Studio3.elf
Finished building: default.size.stdout
 
Finished building: FRA262_Studio3.list
 
16:46:05 **** Incremental Build of configuration Debug for project FRA262_Studio3 ****
make -j16 all 
arm-none-eabi-gcc "../Core/Src/ModeHandler.c" -mcpu=cortex-m4 -std=gnu11 -g3 -DDEBUG -DUSE_HAL_DRIVER -DSTM32G474xx -c -I../Core/Inc -I../Drivers/STM32G4xx_HAL_Driver/Inc -I../Drivers/STM32G4xx_HAL_Driver/Inc/Legacy -I../Drivers/CMSIS/Device/ST/STM32G4xx/Include -I../Drivers/CMSIS/Include -I../Middlewares/Third_Party/ARM_CMSIS/CMSIS/Core/Include/ -I../Middlewares/Third_Party/ARM_CMSIS/PrivateInclude/ -I../Middlewares/Third_Party/ARM_CMSIS/Include/ -I../Middlewares/Third_Party/ARM_CMSIS/Include -I"C:/Users/emper/STM32CubeIDE/workspace_1.14.1/FRA262_1DOF_ASRS/FRA262_Studio3/Source/BasicMathFunctions" -I"C:/Users/emper/STM32CubeIDE/workspace_1.14.1/FRA262_1DOF_ASRS/FRA262_Studio3/Source/BayesFunctions" -I"C:/Users/emper/STM32CubeIDE/workspace_1.14.1/FRA262_1DOF_ASRS/FRA262_Studio3/Source/CommonTables" -I"C:/Users/emper/STM32CubeIDE/workspace_1.14.1/FRA262_1DOF_ASRS/FRA262_Studio3/Source/ComplexMathFunctions" -I"C:/Users/emper/STM32CubeIDE/workspace_1.14.1/FRA262_1DOF_ASRS/FRA262_Studio3/Source/ControllerFunctions" -I"C:/Users/emper/STM32CubeIDE/workspace_1.14.1/FRA262_1DOF_ASRS/FRA262_Studio3/Source/DistanceFunctions" -I"C:/Users/emper/STM32CubeIDE/workspace_1.14.1/FRA262_1DOF_ASRS/FRA262_Studio3/Source/FastMathFunctions" -I"C:/Users/emper/STM32CubeIDE/workspace_1.14.1/FRA262_1DOF_ASRS/FRA262_Studio3/Source/FilteringFunctions" -I"C:/Users/emper/STM32CubeIDE/workspace_1.14.1/FRA262_1DOF_ASRS/FRA262_Studio3/Source/InterpolationFunctions" -I"C:/Users/emper/STM32CubeIDE/workspace_1.14.1/FRA262_1DOF_ASRS/FRA262_Studio3/Source/MatrixFunctions" -I"C:/Users/emper/STM32CubeIDE/workspace_1.14.1/FRA262_1DOF_ASRS/FRA262_Studio3/Source/QuaternionMathFunctions" -I"C:/Users/emper/STM32CubeIDE/workspace_1.14.1/FRA262_1DOF_ASRS/FRA262_Studio3/Source/StatisticsFunctions" -I"C:/Users/emper/STM32CubeIDE/workspace_1.14.1/FRA262_1DOF_ASRS/FRA262_Studio3/Source/SupportFunctions" -I"C:/Users/emper/STM32CubeIDE/workspace_1.14.1/FRA262_1DOF_ASRS/FRA262_Studio3/Source/SVMFunctions" -I"C:/Users/emper/STM32CubeIDE/workspace_1.14.1/FRA262_1DOF_ASRS/FRA262_Studio3/Source/TransformFunctions" -I"C:/Users/emper/STM32CubeIDE/workspace_1.14.1/FRA262_1DOF_ASRS/FRA262_Studio3/Source/WindowFun
[...]
../Core/Src/ModeHandler.c: In function 'SetShelve_mode':
../Core/Src/ModeHandler.c:78:17: warning: implicit declaration of function 'Motor_Control' [-Wimplicit-function-declaration]
   78 |                 Motor_Control(_BACKDRIVE_FACTOR);
      |                 ^~~~~~~~~~~~~
../Core/Src/ModeHandler.c: In function 'Point_mode':
../Core/Src/ModeHandler.c:139:12: warning: implicit declaration of function 'fabs' [-Wimplicit-function-declaration]
  139 |         if(fabs(QEI->LinearPosition - goal) <= 0.05)
      |            ^~~~
../Core/Src/ModeHandler.c:10:1: note: include '<math.h>' or provide a declaration of 'fabs'
    9 | #include "main.h"
  +++ |+#include <math.h>
   10 | 
../Core/Src/ModeHandler.c:139:12: warning: incompatible implicit declaration of built-in function 'fabs' [-Wbuiltin-declaration-mismatch]
  139 |         if(fabs(QEI->LinearPosition - goal) <= 0.05)
      |            ^~~~
../Core/Src/ModeHandler.c:139:12: note: include '<math.h>' or provide a declaration of 'fabs'
../Core/Src/ModeHandler.c: In function 'Jog_mode':
../Core/Src/ModeHandler.c:183:28: warning: incompatible implicit declaration of built-in function 'fabs' [-Wbuiltin-declaration-mismatch]
  183 |                         if(fabs(QEI->LinearPosition - SetPosition) <= 0.1)
      |                            ^~~~
../Core/Src/ModeHandler.c:183:28: note: include '<math.h>' or provide a declaration of 'fabs'
arm-none-eabi-gcc -o "FRA262_Studio3.elf" @"objects.list"   -mcpu=cortex-m4 -T"C:\Users\emper\STM32CubeIDE\workspace_1.14.1\FRA262_1DOF_ASRS\FRA262_Studio3\STM32G474RETX_FLASH.ld" --specs=nosys.specs -Wl,-Map="FRA262_Studio3.map" -Wl,--gc-sections -static --specs=nano.specs -mfpu=fpv4-sp-d16 -mfloat-abi=hard -mthumb -Wl,--start-group -lc -lm -Wl,--end-group
Finished building target: FRA262_Studio3.elf
 
arm-none-eabi-size  FRA262_Studio3.elf 
arm-none-eabi-objdump -h -S FRA262_Studio3.elf  > "FRA262_Studio3.list"
   text	   data	    bss	    dec	    hex	filename
  52544	    724	   6192	  59460	   e844	FRA262_Studio3.elf
Finished building: default.size.stdout
 
Finished building: FRA262_Studio3.list
 
21:33:42 **** Incremental Build of configuration Debug for project FRA262_Studio3 ****
make -j16 all 
arm-none-eabi-gcc "../Core/Src/ModeHandler.c" -mcpu=cortex-m4 -std=gnu11 -g3 -DDEBUG -DUSE_HAL_DRIVER -DSTM32G474xx -c -I../Core/Inc -I../Drivers/STM32G4xx_HAL_Driver/Inc -I../Drivers/STM32G4xx_HAL_Driver/Inc/Legacy -I../Drivers/CMSIS/Device/ST/STM32G4xx/Include -I../Drivers/CMSIS/Include -I../Middlewares/Third_Party/ARM_CMSIS/CMSIS/Core/Include/ -I../Middlewares/Third_Party/ARM_CMSIS/PrivateInclude/ -I../Middlewares/Third_Party/ARM_CMSIS/Include/ -I../Middlewares/Third_Party/ARM_CMSIS/Include -I"C:/Users/emper/STM32CubeIDE/workspace_1.14.1/FRA262_1DOF_ASRS/FRA262_Studio3/Source/BasicMathFunctions" -I"C:/Users/emper/STM32CubeIDE/workspace_1.14.1/FRA262_1DOF_ASRS/FRA262_Studio3/Source/BayesFunctions" -I"C:/Users/emper/STM32CubeIDE/workspace_1.14.1/FRA262_1DOF_ASRS/FRA262_Studio3/Source/CommonTables" -I"C:/Users/emper/STM32CubeIDE/workspace_1.14.1/FRA262_1DOF_ASRS/FRA262_Studio3/Source/ComplexMathFunctions" -I"C:/Users/emper/STM32CubeIDE/workspace_1.14.1/FRA262_1DOF_ASRS/FRA262_Studio3/Source/ControllerFunctions" -I"C:/Users/emper/STM32CubeIDE/workspace_1.14.1/FRA262_1DOF_ASRS/FRA262_Studio3/Source/DistanceFunctions" -I"C:/Users/emper/STM32CubeIDE/workspace_1.14.1/FRA262_1DOF_ASRS/FRA262_Studio3/Source/FastMathFunctions" -I"C:/Users/emper/STM32CubeIDE/workspace_1.14.1/FRA262_1DOF_ASRS/FRA262_Studio3/Source/FilteringFunctions" -I"C:/Users/emper/STM32CubeIDE/workspace_1.14.1/FRA262_1DOF_ASRS/FRA262_Studio3/Source/InterpolationFunctions" -I"C:/Users/emper/STM32CubeIDE/workspace_1.14.1/FRA262_1DOF_ASRS/FRA262_Studio3/Source/MatrixFunctions" -I"C:/Users/emper/STM32CubeIDE/workspace_1.14.1/FRA262_1DOF_ASRS/FRA262_Studio3/Source/QuaternionMathFunctions" -I"C:/Users/emper/STM32CubeIDE/workspace_1.14.1/FRA262_1DOF_ASRS/FRA262_Studio3/Source/StatisticsFunctions" -I"C:/Users/emper/STM32CubeIDE/workspace_1.14.1/FRA262_1DOF_ASRS/FRA262_Studio3/Source/SupportFunctions" -I"C:/Users/emper/STM32CubeIDE/workspace_1.14.1/FRA262_1DOF_ASRS/FRA262_Studio3/Source/SVMFunctions" -I"C:/Users/emper/STM32CubeIDE/workspace_1.14.1/FRA262_1DOF_ASRS/FRA262_Studio3/Source/TransformFunctions" -I"C:/Users/emper/STM32CubeIDE/workspace_1.14.1/FRA262_1DOF_ASRS/FRA262_Studio3/Source/WindowFunctions" -O0 -ffunction-sections -fdata-sections -Wall -fstack-usage -fcyclomatic-complexity -MMD -MP -MF"Core/Src/ModeHandler.d" -MT"Core/Src/ModeHandler.o" --specs=nano.specs -mfpu=fpv4-sp-d16 -mfloat-abi=hard -mthumb -o "Core/Src/ModeHandler.o"
../Core/Src/ModeHandler.c: In function 'SetShelve_mode':
../Core/Src/ModeHandler.c:78:17: warning: implicit declaration of function 'Motor_Control' [-Wimplicit-function-declaration]
   78 |                 Motor_Control(_BACKDRIVE_FACTOR);
      |                 ^~~~~~~~~~~~~
../Core/Src/ModeHandler.c: In function 'Point_mode':
../Core/Src/ModeHandler.c:139:12: warning: implicit declaration of function 'fabs' [-Wimplicit-function-declaration]
  139 |         if(fabs(QEI->LinearPosition - goal) <= 0.05)
      |            ^~~~
../Core/Src/ModeHandler.c:10:1: note: include '<math.h>' or provide a declaration of 'fabs'
    9 | #include "main.h"
  +++ |+#include <math.h>
   10 | 
../Core/Src/ModeHandler.c:139:12: warning: incompatible implicit declaration of built-in function 'fabs' [-Wbuiltin-declaration-mismatch]
  139 |         if(fabs(QEI->LinearPosition - goal) <= 0.05)
      |            ^~~~
../Core/Src/ModeHandler.c:139:12: note: include '<math.h>' or provide a declaration of 'fabs'
../Core/Src/ModeHandler.c: In function 'Jog_mode':
../Core/Src/ModeHandler.c:183:28: warning: incompatible implicit declaration of built-in function 'fabs' [-Wbuiltin-declaration-mismatch]
  183 |                         if(fabs(QEI->LinearPosition - SetPosition) <= 0.1)
      |                            ^~~~
../Core/Src/ModeHandler.c:183:28: note: include '<math.h>' or provide a declaration of 'fabs'
arm-none-eabi-gcc -o "FRA262_Studio3.elf" @"objects.list"   -mcpu=cortex-m4 -T"C:\Users\emper\STM32CubeIDE\workspace_1.14.1\FRA262_1DOF_ASRS\FRA262_Studio3\STM32G474RETX_FLASH.ld" --specs=nosys.specs -Wl,-Map="FRA262_Studio3.map" -Wl,--gc-sections -static --specs=nano.specs -mfpu=fpv4-sp-d16 -mfloat-abi=hard -mthumb -Wl,--start-group -lc -lm -Wl,--end-group
Finished building target: FRA262_Studio3.elf
 
arm-none-eabi-size  FRA262_Studio3.elf 
arm-none-eabi-objdump -h -S FRA262_Studio3.elf  > "FRA262_Studio3.list"
   text	   data	    bss	    dec	    hex	filename
  52568	    724	   6192	  59484	   e85c	FRA262_Studio3.elf
Finished building: default.size.stdout
 
Finished building: FRA262_Studio3.list
 
22:10:09 **** Incremental Build of configuration Debug for project FRA262_Studio3 ****
make -j16 all 
arm-none-eabi-gcc "../Core/Src/BaseSystem.c" -mcpu=cortex-m4 -std=gnu11 -g3 -DDEBUG -DUSE_HAL_DRIVER -DSTM32G474xx -c -I../Core/Inc -I../Drivers/STM32G4xx_HAL_Driver/Inc -I../Drivers/STM32G4xx_HAL_Driver/Inc/Legacy -I../Drivers/CMSIS/Device/ST/STM32G4xx/Include -I../Drivers/CMSIS/Include -I../Middlewares/Third_Party/ARM_CMSIS/CMSIS/Core/Include/ -I../Middlewares/Third_Party/ARM_CMSIS/PrivateInclude/ -I../Middlewares/Third_Party/ARM_CMSIS/Include/ -I../Middlewares/Third_Party/ARM_CMSIS/Include -I"C:/Users/emper/STM32CubeIDE/workspace_1.14.1/FRA262_1DOF_ASRS/FRA262_Studio3/Source/BasicMathFunctions" -I"C:/Users/emper/STM32CubeIDE/workspace_1.14.1/FRA262_1DOF_ASRS/FRA262_Studio3/Source/BayesFunctions" -I"C:/Users/emper/STM32CubeIDE/workspace_1.14.1/FRA262_1DOF_ASRS/FRA262_Studio3/Source/CommonTables" -I"C:/Users/emper/STM32CubeIDE/workspace_1.14.1/FRA262_1DOF_ASRS/FRA262_Studio3/Source/ComplexMathFunctions" -I"C:/Users/emper/STM32CubeIDE/workspace_1.14.1/FRA262_1DOF_ASRS/FRA262_Studio3/Source/ControllerFunctions" -I"C:/Users/emper/STM32CubeIDE/workspace_1.14.1/FRA262_1DOF_ASRS/FRA262_Studio3/Source/DistanceFunctions" -I"C:/Users/emper/STM32CubeIDE/workspace_1.14.1/FRA262_1DOF_ASRS/FRA262_Studio3/Source/FastMathFunctions" -I"C:/Users/emper/STM32CubeIDE/workspace_1.14.1/FRA262_1DOF_ASRS/FRA262_Studio3/Source/FilteringFunctions" -I"C:/Users/emper/STM32CubeIDE/workspace_1.14.1/FRA262_1DOF_ASRS/FRA262_Studio3/Source/InterpolationFunctions" -I"C:/Users/emper/STM32CubeIDE/workspace_1.14.1/FRA262_1DOF_ASRS/FRA262_Studio3/Source/MatrixFunctions" -I"C:/Users/emper/STM32CubeIDE/workspace_1.14.1/FRA262_1DOF_ASRS/FRA262_Studio3/Source/QuaternionMathFunctions" -I"C:/Users/emper/STM32CubeIDE/workspace_1.14.1/FRA262_1DOF_ASRS/FRA262_Studio3/Source/StatisticsFunctions" -I"C:/Users/emper/STM32CubeIDE/workspace_1.14.1/FRA262_1DOF_ASRS/FRA262_Studio3/Source/SupportFunctions" -I"C:/Users/emper/STM32CubeIDE/workspace_1.14.1/FRA262_1DOF_ASRS/FRA262_Studio3/Source/SVMFunctions" -I"C:/Users/emper/STM32CubeIDE/workspace_1.14.1/FRA262_1DOF_ASRS/FRA262_Studio3/Source/TransformFunctions" -I"C:/Users/emper/STM32CubeIDE/workspace_1.14.1/FRA262_1DOF_ASRS/FRA262_Studio3/Source/WindowFunctions" -O0 -ffunction-sections -fdata-sections -Wall -fstack-usage -fcyclomatic-complexity -MMD -MP -MF"Core/Src/BaseSystem.d" -MT"Core/Src/BaseSystem.o" --specs=nano.specs -mfpu=fpv4-sp-d16 -mfloat-abi=hard -mthumb -o "Core/Src/BaseSystem.o"
../Core/Src/BaseSystem.c:12:8: warning: type defaults to 'int' in declaration of 'STATE' [-Wimplicit-int]
   12 | extern STATE;
      |        ^~~~~
../Core/Src/BaseSystem.c: In function 'Routine':
../Core/Src/BaseSystem.c:40:46: warning: implicit declaration of function 'fabs' [-Wimplicit-function-declaration]
   40 |         registerFrame[0x12].U16 = (uint16_t)(fabs(KFoutput[1] * 10)); //Z-axis Actual Speed = 20
      |                                              ^~~~
../Core/Src/BaseSystem.c:8:1: note: include '<math.h>' or provide a declaration of 'fabs'
    7 | #include <BaseSystem.h>
  +++ |+#include <math.h>
    8 | 
../Core/Src/BaseSystem.c:40:46: warning: incompatible implicit declaration of built-in function 'fabs' [-Wbuiltin-declaration-mismatch]
   40 |         registerFrame[0x12].U16 = (uint16_t)(fabs(KFoutput[1] * 10)); //Z-axis Actual Speed = 20
      |                                              ^~~~
../Core/Src/BaseSystem.c:40:46: note: include '<math.h>' or provide a declaration of 'fabs'
arm-none-eabi-gcc -o "FRA262_Studio3.elf" @"objects.list"   -mcpu=cortex-m4 -T"C:\Users\emper\STM32CubeIDE\workspace_1.14.1\FRA262_1DOF_ASRS\FRA262_Studio3\STM32G474RETX_FLASH.ld" --specs=nosys.specs -Wl,-Map="FRA262_Studio3.map" -Wl,--gc-sections -static --specs=nano.specs -mfpu=fpv4-sp-d16 -mfloat-abi=hard -mthumb -Wl,--start-group -lc -lm -Wl,--end-group
Finished building target: FRA262_Studio3.elf
 
arm-none-eabi-size  FRA262_Studio3.elf 
arm-none-eabi-objdump -h -S FRA262_Studio3.elf  > "FRA262_Studio3.list"
   text	   data	    bss	    dec	    hex	filename
  52568	    724	   6192	  59484	   e85c	FRA262_Studio3.elf
Finished building: default.size.stdout
 
Finished building: FRA262_Studio3.list
 
22:10:27 **** Incremental Build of configuration Debug for project FRA262_Studio3 ****
make -j16 all 
arm-none-eabi-gcc "../Core/Src/BaseSystem.c" -mcpu=cortex-m4 -std=gnu11 -g3 -DDEBUG -DUSE_HAL_DRIVER -DSTM32G474xx -c -I../Core/Inc -I../Drivers/STM32G4xx_HAL_Driver/Inc -I../Drivers/STM32G4xx_HAL_Driver/Inc/Legacy -I../Drivers/CMSIS/Device/ST/STM32G4xx/Include -I../Drivers/CMSIS/Include -I../Middlewares/Third_Party/ARM_CMSIS/CMSIS/Core/Include/ -I../Middlewares/Third_Party/ARM_CMSIS/PrivateInclude/ -I../Middlewares/Third_Party/ARM_CMSIS/Include/ -I../Middlewares/Third_Party/ARM_CMSIS/Include -I"C:/Users/emper/STM32CubeIDE/workspace_1.14.1/FRA262_1DOF_ASRS/FRA262_Studio3/Source/BasicMathFunctions" -I"C:/Users/emper/STM32CubeIDE/workspace_1.14.1/FRA262_1DOF_ASRS/FRA262_Studio3/Source/BayesFunctions" -I"C:/Users/emper/STM32CubeIDE/workspace_1.14.1/FRA262_1DOF_ASRS/FRA262_Studio3/Source/CommonTables" -I"C:/Users/emper/STM32CubeIDE/workspace_1.14.1/FRA262_1DOF_ASRS/FRA262_Studio3/Source/ComplexMathFunctions" -I"C:/Users/emper/STM32CubeIDE/workspace_1.14.1/FRA262_1DOF_ASRS/FRA262_Studio3/Source/ControllerFunctions" -I"C:/Users/emper/STM32CubeIDE/workspace_1.14.1/FRA262_1DOF_ASRS/FRA262_Studio3/Source/DistanceFunctions" -I"C:/Users/emper/STM32CubeIDE/workspace_1.14.1/FRA262_1DOF_ASRS/FRA262_Studio3/Source/FastMathFunctions" -I"C:/Users/emper/STM32CubeIDE/workspace_1.14.1/FRA262_1DOF_ASRS/FRA262_Studio3/Source/FilteringFunctions" -I"C:/Users/emper/STM32CubeIDE/workspace_1.14.1/FRA262_1DOF_ASRS/FRA262_Studio3/Source/InterpolationFunctions" -I"C:/Users/emper/STM32CubeIDE/workspace_1.14.1/FRA262_1DOF_ASRS/FRA262_Studio3/Source/MatrixFunctions" -I"C:/Users/emper/STM32CubeIDE/workspace_1.14.1/FRA262_1DOF_ASRS/FRA262_Studio3/Source/QuaternionMathFunctions" -I"C:/Users/emper/STM32CubeIDE/workspace_1.14.1/FRA262_1DOF_ASRS/FRA262_Studio3/Source/StatisticsFunctions" -I"C:/Users/emper/STM32CubeIDE/workspace_1.14.1/FRA262_1DOF_ASRS/FRA262_Studio3/Source/SupportFunctions" -I"C:/Users/emper/STM32CubeIDE/workspace_1.14.1/FRA262_1DOF_ASRS/FRA262_Studio3/Source/SVMFunctions" -I"C:/Users/emper/STM32CubeIDE/workspace_1.14.1/FRA262_1DOF_ASRS/FRA262_Studio3/Source/TransformFunctions" -I"C:/Users/emper/STM32CubeIDE/workspace_1.14.1/FRA262_1DOF_ASRS/FRA262_Studio3/Source/WindowFunctions" -O0 -ffunction-sections -fdata-sections -Wall -fstack-usage -fcyclomatic-complexity -MMD -MP -MF"Core/Src/BaseSystem.d" -MT"Core/Src/BaseSystem.o" --specs=nano.specs -mfpu=fpv4-sp-d16 -mfloat-abi=hard -mthumb -o "Core/Src/BaseSystem.o"
../Core/Src/BaseSystem.c:12:8: warning: type defaults to 'int' in declaration of 'STATE' [-Wimplicit-int]
   12 | extern STATE;
      |        ^~~~~
../Core/Src/BaseSystem.c: In function 'Routine':
../Core/Src/BaseSystem.c:40:46: warning: implicit declaration of function 'fabs' [-Wimplicit-function-declaration]
   40 |         registerFrame[0x12].U16 = (uint16_t)(fabs(KFoutput[1] * 10)); //Z-axis Actual Speed = 20
      |                                              ^~~~
../Core/Src/BaseSystem.c:8:1: note: include '<math.h>' or provide a declaration of 'fabs'
    7 | #include <BaseSystem.h>
  +++ |+#include <math.h>
    8 | 
../Core/Src/BaseSystem.c:40:46: warning: incompatible implicit declaration of built-in function 'fabs' [-Wbuiltin-declaration-mismatch]
   40 |         registerFrame[0x12].U16 = (uint16_t)(fabs(KFoutput[1] * 10)); //Z-axis Actual Speed = 20
      |                                              ^~~~
../Core/Src/BaseSystem.c:40:46: note: include '<math.h>' or provide a declaration of 'fabs'
arm-none-eabi-gcc -o "FRA262_Studio3.elf" @"objects.list"   -mcpu=cortex-m4 -T"C:\Users\emper\STM32CubeIDE\workspace_1.14.1\FRA262_1DOF_ASRS\FRA262_Studio3\STM32G474RETX_FLASH.ld" --specs=nosys.specs -Wl,-Map="FRA262_Studio3.map" -Wl,--gc-sections -static --specs=nano.specs -mfpu=fpv4-sp-d16 -mfloat-abi=hard -mthumb -Wl,--start-group -lc -lm -Wl,--end-group
Finished building target: FRA262_Studio3.elf
 
arm-none-eabi-size  FRA262_Studio3.elf 
arm-none-eabi-objdump -h -S FRA262_Studio3.elf  > "FRA262_Studio3.list"
   text	   data	    bss	    dec	    hex	filename
  52568	    724	   6192	  59484	   e85c	FRA262_Studio3.elf
Finished building: default.size.stdout
 
Finished building: FRA262_Studio3.list
 
22:18:19 **** Incremental Build of configuration Debug for project FRA262_Studio3 ****
make -j16 all 
arm-none-eabi-gcc "../Core/Src/BaseSystem.c" -mcpu=cortex-m4 -std=gnu11 -g3 -DDEBUG -DUSE_HAL_DRIVER -DSTM32G474xx -c -I../Core/Inc -I../Drivers/STM32G4xx_HAL_Driver/Inc -I../Drivers/STM32G4xx_HAL_Driver/Inc/Legacy -I../Drivers/CMSIS/Device/ST/STM32G4xx/Include -I../Drivers/CMSIS/Include -I../Middlewares/Third_Party/ARM_CMSIS/CMSIS/Core/Include/ -I../Middlewares/Third_Party/ARM_CMSIS/PrivateInclude/ -I../Middlewares/Third_Party/ARM_CMSIS/Include/ -I../Middlewares/Third_Party/ARM_CMSIS/Include -I"C:/Users/emper/STM32CubeIDE/workspace_1.14.1/FRA262_1DOF_ASRS/FRA262_Studio3/Source/BasicMathFunctions" -I"C:/Users/emper/STM32CubeIDE/workspace_1.14.1/FRA262_1DOF_ASRS/FRA262_Studio3/Source/BayesFunctions" -I"C:/Users/emper/STM32CubeIDE/workspace_1.14.1/FRA262_1DOF_ASRS/FRA262_Studio3/Source/CommonTables" -I"C:/Users/emper/STM32CubeIDE/workspace_1.14.1/FRA262_1DOF_ASRS/FRA262_Studio3/Source/ComplexMathFunctions" -I"C:/Users/emper/STM32CubeIDE/workspace_1.14.1/FRA262_1DOF_ASRS/FRA262_Studio3/Source/ControllerFunctions" -I"C:/Users/emper/STM32CubeIDE/workspace_1.14.1/FRA262_1DOF_ASRS/FRA262_Studio3/Source/DistanceFunctions" -I"C:/Users/emper/STM32CubeIDE/workspace_1.14.1/FRA262_1DOF_ASRS/FRA262_Studio3/Source/FastMathFunctions" -I"C:/Users/emper/STM32CubeIDE/workspace_1.14.1/FRA262_1DOF_ASRS/FRA262_Studio3/Source/FilteringFunctions" -I"C:/Users/emper/STM32CubeIDE/workspace_1.14.1/FRA262_1DOF_ASRS/FRA262_Studio3/Source/InterpolationFunctions" -I"C:/Users/emper/STM32CubeIDE/workspace_1.14.1/FRA262_1DOF_ASRS/FRA262_Studio3/Source/MatrixFunctions" -I"C:/Users/emper/STM32CubeIDE/workspace_1.14.1/FRA262_1DOF_ASRS/FRA262_Studio3/Source/QuaternionMathFunctions" -I"C:/Users/emper/STM32CubeIDE/workspace_1.14.1/FRA262_1DOF_ASRS/FRA262_Studio3/Source/StatisticsFunctions" -I"C:/Users/emper/STM32CubeIDE/workspace_1.14.1/FRA262_1DOF_ASRS/FRA262_Studio3/Source/SupportFunctions" -I"C:/Users/emper/STM32CubeIDE/workspace_1.14.1/FRA262_1DOF_ASRS/FRA262_Studio3/Source/SVMFunctions" -I"C:/Users/emper/STM32CubeIDE/workspace_1.14.1/FRA262_1DOF_ASRS/FRA262_Studio3/Source/TransformFunctions" -I"C:/Users/emper/STM32CubeIDE/workspace_1.14.1/FRA262_1DOF_ASRS/FRA262_Studio3/Source/WindowFunctions" -O0 -ffunction-sections -fdata-sections -Wall -fstack-usage -fcyclomatic-complexity -MMD -MP -MF"Core/Src/BaseSystem.d" -MT"Core/Src/BaseSystem.o" --specs=nano.specs -mfpu=fpv4-sp-d16 -mfloat-abi=hard -mthumb -o "Core/Src/BaseSystem.o"
../Core/Src/BaseSystem.c:12:8: warning: type defaults to 'int' in declaration of 'STATE' [-Wimplicit-int]
   12 | extern STATE;
      |        ^~~~~
../Core/Src/BaseSystem.c: In function 'Routine':
../Core/Src/BaseSystem.c:40:46: warning: implicit declaration of function 'fabs' [-Wimplicit-function-declaration]
   40 |         registerFrame[0x12].U16 = (uint16_t)(fabs(KFoutput[1] * 10)); //Z-axis Actual Speed = 20
      |                                              ^~~~
../Core/Src/BaseSystem.c:8:1: note: include '<math.h>' or provide a declaration of 'fabs'
    7 | #include <BaseSystem.h>
  +++ |+#include <math.h>
    8 | 
../Core/Src/BaseSystem.c:40:46: warning: incompatible implicit declaration of built-in function 'fabs' [-Wbuiltin-declaration-mismatch]
   40 |         registerFrame[0x12].U16 = (uint16_t)(fabs(KFoutput[1] * 10)); //Z-axis Actual Speed = 20
      |                                              ^~~~
../Core/Src/BaseSystem.c:40:46: note: include '<math.h>' or provide a declaration of 'fabs'
arm-none-eabi-gcc -o "FRA262_Studio3.elf" @"objects.list"   -mcpu=cortex-m4 -T"C:\Users\emper\STM32CubeIDE\workspace_1.14.1\FRA262_1DOF_ASRS\FRA262_Studio3\STM32G474RETX_FLASH.ld" --specs=nosys.specs -Wl,-Map="FRA262_Studio3.map" -Wl,--gc-sections -static --specs=nano.specs -mfpu=fpv4-sp-d16 -mfloat-abi=hard -mthumb -Wl,--start-group -lc -lm -Wl,--end-group
Finished building target: FRA262_Studio3.elf
 
arm-none-eabi-size  FRA262_Studio3.elf 
arm-none-eabi-objdump -h -S FRA262_Studio3.elf  > "FRA262_Studio3.list"
   text	   data	    bss	    dec	    hex	filename
  52568	    724	   6192	  59484	   e85c	FRA262_Studio3.elf
Finished building: default.size.stdout
 
Finished building: FRA262_Studio3.list
 
22:53:21 **** Incremental Build of configuration Debug for project FRA262_Studio3 ****
make -j16 all 
arm-none-eabi-size  FRA262_Studio3.elf 
   text	   data	    bss	    dec	    hex	filename
  52568	    724	   6192	  59484	   e85c	FRA262_Studio3.elf
Finished building: default.size.stdout
 
