16:01:45 **** Incremental Build of configuration Debug for project FRA262_Studio3 ****
make -j16 all 
arm-none-eabi-gcc "../Core/Src/ModeHandler.c" -mcpu=cortex-m4 -std=gnu11 -g3 -DDEBUG -DUSE_HAL_DRIVER -DSTM32G474xx -c -I../Core/Inc -I../Drivers/STM32G4xx_HAL_Driver/Inc -I../Drivers/STM32G4xx_HAL_Driver/Inc/Legacy -I../Drivers/CMSIS/Device/ST/STM32G4xx/Include -I../Drivers/CMSIS/Include -O0 -ffunction-sections -fdata-sections -Wall -fstack-usage -fcyclomatic-complexity -MMD -MP -MF"Core/Src/ModeHandler.d" -MT"Core/Src/ModeHandler.o" --specs=nano.specs -mfpu=fpv4-sp-d16 -mfloat-abi=hard -mthumb -o "Core/Src/ModeHandler.o"
arm-none-eabi-gcc "../Core/Src/main.c" -mcpu=cortex-m4 -std=gnu11 -g3 -DDEBUG -DUSE_HAL_DRIVER -DSTM32G474xx -c -I../Core/Inc -I../Drivers/STM32G4xx_HAL_Driver/Inc -I../Drivers/STM32G4xx_HAL_Driver/Inc/Legacy -I../Drivers/CMSIS/Device/ST/STM32G4xx/Include -I../Drivers/CMSIS/Include -O0 -ffunction-sections -fdata-sections -Wall -fstack-usage -fcyclomatic-complexity -MMD -MP -MF"Core/Src/main.d" -MT"Core/Src/main.o" --specs=nano.specs -mfpu=fpv4-sp-d16 -mfloat-abi=hard -mthumb -o "Core/Src/main.o"
../Core/Src/main.c: In function 'main':
../Core/Src/main.c:174:37: warning: passing argument 2 of 'HAL_ADC_Start_DMA' from incompatible pointer type [-Wincompatible-pointer-types]
  174 |   HAL_ADC_Start_DMA(&hadc1, Joystick.XYBuffer, 200);
      |                             ~~~~~~~~^~~~~~~~~
      |                                     |
      |                                     uint16_t * {aka short unsigned int *}
In file included from ../Core/Inc/stm32g4xx_hal_conf.h:228,
                 from ../Drivers/STM32G4xx_HAL_Driver/Inc/stm32g4xx_hal.h:29,
                 from ../Core/Inc/main.h:30,
                 from ../Core/Src/main.c:20:
../Drivers/STM32G4xx_HAL_Driver/Inc/stm32g4xx_hal_adc.h:2242:78: note: expected 'uint32_t *' {aka 'long unsigned int *'} but argument is of type 'uint16_t *' {aka 'short unsigned int *'}
 2242 | HAL_StatusTypeDef       HAL_ADC_Start_DMA(ADC_HandleTypeDef *hadc, uint32_t *pData, uint32_t Length);
      |                                                                    ~~~~~~~~~~^~~~~
../Core/Src/ModeHandler.c: In function 'SetShelve_mode':
../Core/Src/ModeHandler.c:70:17: warning: implicit declaration of function 'Motor_Control' [-Wimplicit-function-declaration]
   70 |                 Motor_Control(_BACKDRIVE_FACTOR);
      |                 ^~~~~~~~~~~~~
../Core/Src/ModeHandler.c:32:25: warning: unused variable 'tempTime' [-Wunused-variable]
   32 |         static uint64_t tempTime = 0;
      |                         ^~~~~~~~
../Core/Src/ModeHandler.c: In function 'Point_mode':
../Core/Src/ModeHandler.c:107:12: warning: implicit declaration of function 'fabs' [-Wimplicit-function-declaration]
  107 |         if(fabs(QEI->LinearPosition - goal) <= 0.05)
      |            ^~~~
../Core/Src/ModeHandler.c:12:1: note: include '<math.h>' or provide a declaration of 'fabs'
   11 | #include "BaseSystem.h"
  +++ |+#include <math.h>
   12 | 
../Core/Src/ModeHandler.c:107:12: warning: incompatible implicit declaration of built-in function 'fabs' [-Wbuiltin-declaration-mismatch]
  107 |         if(fabs(QEI->LinearPosition - goal) <= 0.05)
      |            ^~~~
../Core/Src/ModeHandler.c:107:12: note: include '<math.h>' or provide a declaration of 'fabs'
../Core/Src/ModeHandler.c: In function 'Jog_mode':
../Core/Src/ModeHandler.c:144:28: warning: incompatible implicit declaration of built-in function 'fabs' [-Wbuiltin-declaration-mismatch]
  144 |                         if(fabs(QEI->LinearPosition - SetPosition) <= 0.05)
      |                            ^~~~
../Core/Src/ModeHandler.c:144:28: note: include '<math.h>' or provide a declaration of 'fabs'
At top level:
../Core/Src/ModeHandler.c:32:25: warning: 'tempTime' defined but not used [-Wunused-variable]
   32 |         static uint64_t tempTime = 0;
      |                         ^~~~~~~~
arm-none-eabi-gcc -o "FRA262_Studio3.elf" @"objects.list"   -mcpu=cortex-m4 -T"C:\Users\emper\STM32CubeIDE\workspace_1.14.1\FRA262_1DOF_ASRS\FRA262_Studio3\STM32G474RETX_FLASH.ld" --specs=nosys.specs -Wl,-Map="FRA262_Studio3.map" -Wl,--gc-sections -static --specs=nano.specs -mfpu=fpv4-sp-d16 -mfloat-abi=hard -mthumb -Wl,--start-group -lc -lm -Wl,--end-group
Finished building target: FRA262_Studio3.elf
 
arm-none-eabi-size  FRA262_Studio3.elf 
arm-none-eabi-objdump -h -S FRA262_Studio3.elf  > "FRA262_Studio3.list"
   text	   data	    bss	    dec	    hex	filename
  48600	    648	   6048	  55296	   d800	FRA262_Studio3.elf
Finished building: default.size.stdout
 
Finished building: FRA262_Studio3.list
 
16:49:26 **** Incremental Build of configuration Debug for project FRA262_Studio3 ****
make -j16 all 
arm-none-eabi-gcc "../Core/Src/ModeHandler.c" -mcpu=cortex-m4 -std=gnu11 -g3 -DDEBUG -DUSE_HAL_DRIVER -DSTM32G474xx -c -I../Core/Inc -I../Drivers/STM32G4xx_HAL_Driver/Inc -I../Drivers/STM32G4xx_HAL_Driver/Inc/Legacy -I../Drivers/CMSIS/Device/ST/STM32G4xx/Include -I../Drivers/CMSIS/Include -O0 -ffunction-sections -fdata-sections -Wall -fstack-usage -fcyclomatic-complexity -MMD -MP -MF"Core/Src/ModeHandler.d" -MT"Core/Src/ModeHandler.o" --specs=nano.specs -mfpu=fpv4-sp-d16 -mfloat-abi=hard -mthumb -o "Core/Src/ModeHandler.o"
arm-none-eabi-gcc "../Core/Src/main.c" -mcpu=cortex-m4 -std=gnu11 -g3 -DDEBUG -DUSE_HAL_DRIVER -DSTM32G474xx -c -I../Core/Inc -I../Drivers/STM32G4xx_HAL_Driver/Inc -I../Drivers/STM32G4xx_HAL_Driver/Inc/Legacy -I../Drivers/CMSIS/Device/ST/STM32G4xx/Include -I../Drivers/CMSIS/Include -O0 -ffunction-sections -fdata-sections -Wall -fstack-usage -fcyclomatic-complexity -MMD -MP -MF"Core/Src/main.d" -MT"Core/Src/main.o" --specs=nano.specs -mfpu=fpv4-sp-d16 -mfloat-abi=hard -mthumb -o "Core/Src/main.o"
../Core/Src/main.c: In function 'main':
../Core/Src/main.c:174:37: warning: passing argument 2 of 'HAL_ADC_Start_DMA' from incompatible pointer type [-Wincompatible-pointer-types]
  174 |   HAL_ADC_Start_DMA(&hadc1, Joystick.XYBuffer, 200);
      |                             ~~~~~~~~^~~~~~~~~
      |                                     |
      |                                     uint16_t * {aka short unsigned int *}
In file included from ../Core/Inc/stm32g4xx_hal_conf.h:228,
                 from ../Drivers/STM32G4xx_HAL_Driver/Inc/stm32g4xx_hal.h:29,
                 from ../Core/Inc/main.h:30,
                 from ../Core/Src/main.c:20:
../Drivers/STM32G4xx_HAL_Driver/Inc/stm32g4xx_hal_adc.h:2242:78: note: expected 'uint32_t *' {aka 'long unsigned int *'} but argument is of type 'uint16_t *' {aka 'short unsigned int *'}
 2242 | HAL_StatusTypeDef       HAL_ADC_Start_DMA(ADC_HandleTypeDef *hadc, uint32_t *pData, uint32_t Length);
      |                                                                    ~~~~~~~~~~^~~~~
../Core/Src/ModeHandler.c: In function 'SetShelve_mode':
../Core/Src/ModeHandler.c:74:17: warning: implicit declaration of function 'Motor_Control' [-Wimplicit-function-declaration]
   74 |                 Motor_Control(_BACKDRIVE_FACTOR);
      |                 ^~~~~~~~~~~~~
../Core/Src/ModeHandler.c: In function 'Point_mode':
../Core/Src/ModeHandler.c:111:12: warning: implicit declaration of function 'fabs' [-Wimplicit-function-declaration]
  111 |         if(fabs(QEI->LinearPosition - goal) <= 0.05)
      |            ^~~~
../Core/Src/ModeHandler.c:12:1: note: include '<math.h>' or provide a declaration of 'fabs'
   11 | #include "BaseSystem.h"
  +++ |+#include <math.h>
   12 | 
../Core/Src/ModeHandler.c:111:12: warning: incompatible implicit declaration of built-in function 'fabs' [-Wbuiltin-declaration-mismatch]
  111 |         if(fabs(QEI->LinearPosition - goal) <= 0.05)
      |            ^~~~
../Core/Src/ModeHandler.c:111:12: note: include '<math.h>' or provide a declaration of 'fabs'
../Core/Src/ModeHandler.c: In function 'Jog_mode':
../Core/Src/ModeHandler.c:122:37: error: initializer element is not constant
  122 |         static uint64_t timestamp = micros();
      |                                     ^~~~~~
../Core/Src/ModeHandler.c:149:28: warning: incompatible implicit declaration of built-in function 'fabs' [-Wbuiltin-declaration-mismatch]
  149 |                         if(fabs(QEI->LinearPosition - SetPosition) <= 0.05)
      |                            ^~~~
../Core/Src/ModeHandler.c:149:28: note: include '<math.h>' or provide a declaration of 'fabs'
../Core/Src/ModeHandler.c:171:60: error: 'GPIO_PIN7' undeclared (first use in this function); did you mean 'GPIO_PIN_7'?
  171 |                                 if(HAL_GPIO_ReadPin(GPIOC, GPIO_PIN7) == 0)
      |                                                            ^~~~~~~~~
      |                                                            GPIO_PIN_7
../Core/Src/ModeHandler.c:171:60: note: each undeclared identifier is reported only once for each function it appears in
../Core/Src/ModeHandler.c:174:41: error: 'STATE' undeclared (first use in this function)
  174 |                                         STATE = IDLE;
      |                                         ^~~~~
make: *** [Core/Src/subdir.mk:58: Core/Src/ModeHandler.o] Error 1
make: *** Waiting for unfinished jobs....
"make -j16 all" terminated with exit code 2. Build might be incomplete.
17:11:23 **** Incremental Build of configuration Debug for project FRA262_Studio3 ****
make -j16 all 
arm-none-eabi-gcc "../Core/Src/ModeHandler.c" -mcpu=cortex-m4 -std=gnu11 -g3 -DDEBUG -DUSE_HAL_DRIVER -DSTM32G474xx -c -I../Core/Inc -I../Drivers/STM32G4xx_HAL_Driver/Inc -I../Drivers/STM32G4xx_HAL_Driver/Inc/Legacy -I../Drivers/CMSIS/Device/ST/STM32G4xx/Include -I../Drivers/CMSIS/Include -O0 -ffunction-sections -fdata-sections -Wall -fstack-usage -fcyclomatic-complexity -MMD -MP -MF"Core/Src/ModeHandler.d" -MT"Core/Src/ModeHandler.o" --specs=nano.specs -mfpu=fpv4-sp-d16 -mfloat-abi=hard -mthumb -o "Core/Src/ModeHandler.o"
arm-none-eabi-gcc "../Core/Src/main.c" -mcpu=cortex-m4 -std=gnu11 -g3 -DDEBUG -DUSE_HAL_DRIVER -DSTM32G474xx -c -I../Core/Inc -I../Drivers/STM32G4xx_HAL_Driver/Inc -I../Drivers/STM32G4xx_HAL_Driver/Inc/Legacy -I../Drivers/CMSIS/Device/ST/STM32G4xx/Include -I../Drivers/CMSIS/Include -O0 -ffunction-sections -fdata-sections -Wall -fstack-usage -fcyclomatic-complexity -MMD -MP -MF"Core/Src/main.d" -MT"Core/Src/main.o" --specs=nano.specs -mfpu=fpv4-sp-d16 -mfloat-abi=hard -mthumb -o "Core/Src/main.o"
../Core/Src/main.c: In function 'main':
../Core/Src/main.c:174:37: warning: passing argument 2 of 'HAL_ADC_Start_DMA' from incompatible pointer type [-Wincompatible-pointer-types]
  174 |   HAL_ADC_Start_DMA(&hadc1, Joystick.XYBuffer, 200);
      |                             ~~~~~~~~^~~~~~~~~
      |                                     |
      |                                     uint16_t * {aka short unsigned int *}
In file included from ../Core/Inc/stm32g4xx_hal_conf.h:228,
                 from ../Drivers/STM32G4xx_HAL_Driver/Inc/stm32g4xx_hal.h:29,
                 from ../Core/Inc/main.h:30,
                 from ../Core/Src/main.c:20:
../Drivers/STM32G4xx_HAL_Driver/Inc/stm32g4xx_hal_adc.h:2242:78: note: expected 'uint32_t *' {aka 'long unsigned int *'} but argument is of type 'uint16_t *' {aka 'short unsigned int *'}
 2242 | HAL_StatusTypeDef       HAL_ADC_Start_DMA(ADC_HandleTypeDef *hadc, uint32_t *pData, uint32_t Length);
      |                                                                    ~~~~~~~~~~^~~~~
../Core/Src/ModeHandler.c: In function 'SetShelve_mode':
../Core/Src/ModeHandler.c:74:17: warning: implicit declaration of function 'Motor_Control' [-Wimplicit-function-declaration]
   74 |                 Motor_Control(_BACKDRIVE_FACTOR);
      |                 ^~~~~~~~~~~~~
../Core/Src/ModeHandler.c: In function 'Point_mode':
../Core/Src/ModeHandler.c:111:12: warning: implicit declaration of function 'fabs' [-Wimplicit-function-declaration]
  111 |         if(fabs(QEI->LinearPosition - goal) <= 0.05)
      |            ^~~~
../Core/Src/ModeHandler.c:12:1: note: include '<math.h>' or provide a declaration of 'fabs'
   11 | #include "BaseSystem.h"
  +++ |+#include <math.h>
   12 | 
../Core/Src/ModeHandler.c:111:12: warning: incompatible implicit declaration of built-in function 'fabs' [-Wbuiltin-declaration-mismatch]
  111 |         if(fabs(QEI->LinearPosition - goal) <= 0.05)
      |            ^~~~
../Core/Src/ModeHandler.c:111:12: note: include '<math.h>' or provide a declaration of 'fabs'
../Core/Src/ModeHandler.c: In function 'Jog_mode':
../Core/Src/ModeHandler.c:152:28: warning: incompatible implicit declaration of built-in function 'fabs' [-Wbuiltin-declaration-mismatch]
  152 |                         if(fabs(QEI->LinearPosition - SetPosition) <= 0.05)
      |                            ^~~~
../Core/Src/ModeHandler.c:152:28: note: include '<math.h>' or provide a declaration of 'fabs'
../Core/Src/ModeHandler.c:170:33: error: 'STATE' undeclared (first use in this function)
  170 |                                 STATE = IDLE;
      |                                 ^~~~~
../Core/Src/ModeHandler.c:170:33: note: each undeclared identifier is reported only once for each function it appears in
make: *** [Core/Src/subdir.mk:58: Core/Src/ModeHandler.o] Error 1
make: *** Waiting for unfinished jobs....
"make -j16 all" terminated with exit code 2. Build might be incomplete.
17:11:45 **** Incremental Build of configuration Debug for project FRA262_Studio3 ****
make -j16 all 
arm-none-eabi-gcc "../Core/Src/ModeHandler.c" -mcpu=cortex-m4 -std=gnu11 -g3 -DDEBUG -DUSE_HAL_DRIVER -DSTM32G474xx -c -I../Core/Inc -I../Drivers/STM32G4xx_HAL_Driver/Inc -I../Drivers/STM32G4xx_HAL_Driver/Inc/Legacy -I../Drivers/CMSIS/Device/ST/STM32G4xx/Include -I../Drivers/CMSIS/Include -O0 -ffunction-sections -fdata-sections -Wall -fstack-usage -fcyclomatic-complexity -MMD -MP -MF"Core/Src/ModeHandler.d" -MT"Core/Src/ModeHandler.o" --specs=nano.specs -mfpu=fpv4-sp-d16 -mfloat-abi=hard -mthumb -o "Core/Src/ModeHandler.o"
../Core/Src/ModeHandler.c: In function 'SetShelve_mode':
../Core/Src/ModeHandler.c:74:17: warning: implicit declaration of function 'Motor_Control' [-Wimplicit-function-declaration]
   74 |                 Motor_Control(_BACKDRIVE_FACTOR);
      |                 ^~~~~~~~~~~~~
../Core/Src/ModeHandler.c: In function 'Point_mode':
../Core/Src/ModeHandler.c:111:12: warning: implicit declaration of function 'fabs' [-Wimplicit-function-declaration]
  111 |         if(fabs(QEI->LinearPosition - goal) <= 0.05)
      |            ^~~~
../Core/Src/ModeHandler.c:12:1: note: include '<math.h>' or provide a declaration of 'fabs'
   11 | #include "BaseSystem.h"
  +++ |+#include <math.h>
   12 | 
../Core/Src/ModeHandler.c:111:12: warning: incompatible implicit declaration of built-in function 'fabs' [-Wbuiltin-declaration-mismatch]
  111 |         if(fabs(QEI->LinearPosition - goal) <= 0.05)
      |            ^~~~
../Core/Src/ModeHandler.c:111:12: note: include '<math.h>' or provide a declaration of 'fabs'
../Core/Src/ModeHandler.c: In function 'Jog_mode':
../Core/Src/ModeHandler.c:152:28: warning: incompatible implicit declaration of built-in function 'fabs' [-Wbuiltin-declaration-mismatch]
  152 |                         if(fabs(QEI->LinearPosition - SetPosition) <= 0.05)
      |                            ^~~~
../Core/Src/ModeHandler.c:152:28: note: include '<math.h>' or provide a declaration of 'fabs'
arm-none-eabi-gcc -o "FRA262_Studio3.elf" @"objects.list"   -mcpu=cortex-m4 -T"C:\Users\emper\STM32CubeIDE\workspace_1.14.1\FRA262_1DOF_ASRS\FRA262_Studio3\STM32G474RETX_FLASH.ld" --specs=nosys.specs -Wl,-Map="FRA262_Studio3.map" -Wl,--gc-sections -static --specs=nano.specs -mfpu=fpv4-sp-d16 -mfloat-abi=hard -mthumb -Wl,--start-group -lc -lm -Wl,--end-group
Finished building target: FRA262_Studio3.elf
 
arm-none-eabi-size  FRA262_Studio3.elf 
arm-none-eabi-objdump -h -S FRA262_Studio3.elf  > "FRA262_Studio3.list"
   text	   data	    bss	    dec	    hex	filename
  48912	    648	   6056	  55616	   d940	FRA262_Studio3.elf
Finished building: default.size.stdout
 
Finished building: FRA262_Studio3.list
 
17:14:29 **** Incremental Build of configuration Debug for project FRA262_Studio3 ****
make -j16 all 
arm-none-eabi-size  FRA262_Studio3.elf 
   text	   data	    bss	    dec	    hex	filename
  48912	    648	   6056	  55616	   d940	FRA262_Studio3.elf
Finished building: default.size.stdout
 
17:15:31 **** Incremental Build of configuration Debug for project FRA262_Studio3 ****
make -j16 all 
arm-none-eabi-size  FRA262_Studio3.elf 
   text	   data	    bss	    dec	    hex	filename
  48912	    648	   6056	  55616	   d940	FRA262_Studio3.elf
Finished building: default.size.stdout
 
17:16:59 **** Incremental Build of configuration Debug for project FRA262_Studio3 ****
make -j16 all 
arm-none-eabi-size  FRA262_Studio3.elf 
   text	   data	    bss	    dec	    hex	filename
  48912	    648	   6056	  55616	   d940	FRA262_Studio3.elf
Finished building: default.size.stdout
 
17:27:10 **** Incremental Build of configuration Debug for project FRA262_Studio3 ****
make -j16 all 
arm-none-eabi-gcc "../Core/Src/main.c" -mcpu=cortex-m4 -std=gnu11 -g3 -DDEBUG -DUSE_HAL_DRIVER -DSTM32G474xx -c -I../Core/Inc -I../Drivers/STM32G4xx_HAL_Driver/Inc -I../Drivers/STM32G4xx_HAL_Driver/Inc/Legacy -I../Drivers/CMSIS/Device/ST/STM32G4xx/Include -I../Drivers/CMSIS/Include -O0 -ffunction-sections -fdata-sections -Wall -fstack-usage -fcyclomatic-complexity -MMD -MP -MF"Core/Src/main.d" -MT"Core/Src/main.o" --specs=nano.specs -mfpu=fpv4-sp-d16 -mfloat-abi=hard -mthumb -o "Core/Src/main.o"
../Core/Src/main.c: In function 'main':
../Core/Src/main.c:174:37: warning: passing argument 2 of 'HAL_ADC_Start_DMA' from incompatible pointer type [-Wincompatible-pointer-types]
  174 |   HAL_ADC_Start_DMA(&hadc1, Joystick.XYBuffer, 200);
      |                             ~~~~~~~~^~~~~~~~~
      |                                     |
      |                                     uint16_t * {aka short unsigned int *}
In file included from ../Core/Inc/stm32g4xx_hal_conf.h:228,
                 from ../Drivers/STM32G4xx_HAL_Driver/Inc/stm32g4xx_hal.h:29,
                 from ../Core/Inc/main.h:30,
                 from ../Core/Src/main.c:20:
../Drivers/STM32G4xx_HAL_Driver/Inc/stm32g4xx_hal_adc.h:2242:78: note: expected 'uint32_t *' {aka 'long unsigned int *'} but argument is of type 'uint16_t *' {aka 'short unsigned int *'}
 2242 | HAL_StatusTypeDef       HAL_ADC_Start_DMA(ADC_HandleTypeDef *hadc, uint32_t *pData, uint32_t Length);
      |                                                                    ~~~~~~~~~~^~~~~
arm-none-eabi-gcc -o "FRA262_Studio3.elf" @"objects.list"   -mcpu=cortex-m4 -T"C:\Users\emper\STM32CubeIDE\workspace_1.14.1\FRA262_1DOF_ASRS\FRA262_Studio3\STM32G474RETX_FLASH.ld" --specs=nosys.specs -Wl,-Map="FRA262_Studio3.map" -Wl,--gc-sections -static --specs=nano.specs -mfpu=fpv4-sp-d16 -mfloat-abi=hard -mthumb -Wl,--start-group -lc -lm -Wl,--end-group
Finished building target: FRA262_Studio3.elf
 
arm-none-eabi-size  FRA262_Studio3.elf 
arm-none-eabi-objdump -h -S FRA262_Studio3.elf  > "FRA262_Studio3.list"
   text	   data	    bss	    dec	    hex	filename
  41216	    108	   5816	  47140	   b824	FRA262_Studio3.elf
Finished building: default.size.stdout
 
Finished building: FRA262_Studio3.list
 
18:32:44 **** Incremental Build of configuration Debug for project FRA262_Studio3 ****
make -j16 all 
arm-none-eabi-gcc "../Core/Src/main.c" -mcpu=cortex-m4 -std=gnu11 -g3 -DDEBUG -DUSE_HAL_DRIVER -DSTM32G474xx -c -I../Core/Inc -I../Drivers/STM32G4xx_HAL_Driver/Inc -I../Drivers/STM32G4xx_HAL_Driver/Inc/Legacy -I../Drivers/CMSIS/Device/ST/STM32G4xx/Include -I../Drivers/CMSIS/Include -O0 -ffunction-sections -fdata-sections -Wall -fstack-usage -fcyclomatic-complexity -MMD -MP -MF"Core/Src/main.d" -MT"Core/Src/main.o" --specs=nano.specs -mfpu=fpv4-sp-d16 -mfloat-abi=hard -mthumb -o "Core/Src/main.o"
../Core/Src/main.c: In function 'main':
../Core/Src/main.c:174:37: warning: passing argument 2 of 'HAL_ADC_Start_DMA' from incompatible pointer type [-Wincompatible-pointer-types]
  174 |   HAL_ADC_Start_DMA(&hadc1, Joystick.XYBuffer, 200);
      |                             ~~~~~~~~^~~~~~~~~
      |                                     |
      |                                     uint16_t * {aka short unsigned int *}
In file included from ../Core/Inc/stm32g4xx_hal_conf.h:228,
                 from ../Drivers/STM32G4xx_HAL_Driver/Inc/stm32g4xx_hal.h:29,
                 from ../Core/Inc/main.h:30,
                 from ../Core/Src/main.c:20:
../Drivers/STM32G4xx_HAL_Driver/Inc/stm32g4xx_hal_adc.h:2242:78: note: expected 'uint32_t *' {aka 'long unsigned int *'} but argument is of type 'uint16_t *' {aka 'short unsigned int *'}
 2242 | HAL_StatusTypeDef       HAL_ADC_Start_DMA(ADC_HandleTypeDef *hadc, uint32_t *pData, uint32_t Length);
      |                                                                    ~~~~~~~~~~^~~~~
arm-none-eabi-gcc -o "FRA262_Studio3.elf" @"objects.list"   -mcpu=cortex-m4 -T"C:\Users\emper\STM32CubeIDE\workspace_1.14.1\FRA262_1DOF_ASRS\FRA262_Studio3\STM32G474RETX_FLASH.ld" --specs=nosys.specs -Wl,-Map="FRA262_Studio3.map" -Wl,--gc-sections -static --specs=nano.specs -mfpu=fpv4-sp-d16 -mfloat-abi=hard -mthumb -Wl,--start-group -lc -lm -Wl,--end-group
Finished building target: FRA262_Studio3.elf
 
arm-none-eabi-size  FRA262_Studio3.elf 
arm-none-eabi-objdump -h -S FRA262_Studio3.elf  > "FRA262_Studio3.list"
   text	   data	    bss	    dec	    hex	filename
  48972	    648	   6072	  55692	   d98c	FRA262_Studio3.elf
Finished building: default.size.stdout
 
Finished building: FRA262_Studio3.list
 
18:40:01 **** Incremental Build of configuration Debug for project FRA262_Studio3 ****
make -j16 all 
arm-none-eabi-gcc "../Core/Src/ModeHandler.c" -mcpu=cortex-m4 -std=gnu11 -g3 -DDEBUG -DUSE_HAL_DRIVER -DSTM32G474xx -c -I../Core/Inc -I../Drivers/STM32G4xx_HAL_Driver/Inc -I../Drivers/STM32G4xx_HAL_Driver/Inc/Legacy -I../Drivers/CMSIS/Device/ST/STM32G4xx/Include -I../Drivers/CMSIS/Include -O0 -ffunction-sections -fdata-sections -Wall -fstack-usage -fcyclomatic-complexity -MMD -MP -MF"Core/Src/ModeHandler.d" -MT"Core/Src/ModeHandler.o" --specs=nano.specs -mfpu=fpv4-sp-d16 -mfloat-abi=hard -mthumb -o "Core/Src/ModeHandler.o"
../Core/Src/ModeHandler.c: In function 'SetShelve_mode':
../Core/Src/ModeHandler.c:74:17: warning: implicit declaration of function 'Motor_Control' [-Wimplicit-function-declaration]
   74 |                 Motor_Control(_BACKDRIVE_FACTOR);
      |                 ^~~~~~~~~~~~~
../Core/Src/ModeHandler.c: In function 'Point_mode':
../Core/Src/ModeHandler.c:115:12: warning: implicit declaration of function 'fabs' [-Wimplicit-function-declaration]
  115 |         if(fabs(QEI->LinearPosition - goal) <= 0.05)
      |            ^~~~
../Core/Src/ModeHandler.c:12:1: note: include '<math.h>' or provide a declaration of 'fabs'
   11 | #include "BaseSystem.h"
  +++ |+#include <math.h>
   12 | 
../Core/Src/ModeHandler.c:115:12: warning: incompatible implicit declaration of built-in function 'fabs' [-Wbuiltin-declaration-mismatch]
  115 |         if(fabs(QEI->LinearPosition - goal) <= 0.05)
      |            ^~~~
../Core/Src/ModeHandler.c:115:12: note: include '<math.h>' or provide a declaration of 'fabs'
../Core/Src/ModeHandler.c: In function 'Jog_mode':
../Core/Src/ModeHandler.c:156:28: warning: incompatible implicit declaration of built-in function 'fabs' [-Wbuiltin-declaration-mismatch]
  156 |                         if(fabs(QEI->LinearPosition - SetPosition) <= 0.05)
      |                            ^~~~
../Core/Src/ModeHandler.c:156:28: note: include '<math.h>' or provide a declaration of 'fabs'
arm-none-eabi-gcc -o "FRA262_Studio3.elf" @"objects.list"   -mcpu=cortex-m4 -T"C:\Users\emper\STM32CubeIDE\workspace_1.14.1\FRA262_1DOF_ASRS\FRA262_Studio3\STM32G474RETX_FLASH.ld" --specs=nosys.specs -Wl,-Map="FRA262_Studio3.map" -Wl,--gc-sections -static --specs=nano.specs -mfpu=fpv4-sp-d16 -mfloat-abi=hard -mthumb -Wl,--start-group -lc -lm -Wl,--end-group
Finished building target: FRA262_Studio3.elf
 
arm-none-eabi-size  FRA262_Studio3.elf 
arm-none-eabi-objdump -h -S FRA262_Studio3.elf  > "FRA262_Studio3.list"
   text	   data	    bss	    dec	    hex	filename
  48972	    648	   6072	  55692	   d98c	FRA262_Studio3.elf
Finished building: default.size.stdout
 
Finished building: FRA262_Studio3.list
 
18:40:27 **** Incremental Build of configuration Debug for project FRA262_Studio3 ****
make -j16 all 
arm-none-eabi-size  FRA262_Studio3.elf 
   text	   data	    bss	    dec	    hex	filename
  48972	    648	   6072	  55692	   d98c	FRA262_Studio3.elf
Finished building: default.size.stdout
 
18:42:31 **** Incremental Build of configuration Debug for project FRA262_Studio3 ****
make -j16 all 
arm-none-eabi-size  FRA262_Studio3.elf 
   text	   data	    bss	    dec	    hex	filename
  48972	    648	   6072	  55692	   d98c	FRA262_Studio3.elf
Finished building: default.size.stdout
 
18:46:59 **** Incremental Build of configuration Debug for project FRA262_Studio3 ****
make -j16 all 
arm-none-eabi-gcc "../Core/Src/ModeHandler.c" -mcpu=cortex-m4 -std=gnu11 -g3 -DDEBUG -DUSE_HAL_DRIVER -DSTM32G474xx -c -I../Core/Inc -I../Drivers/STM32G4xx_HAL_Driver/Inc -I../Drivers/STM32G4xx_HAL_Driver/Inc/Legacy -I../Drivers/CMSIS/Device/ST/STM32G4xx/Include -I../Drivers/CMSIS/Include -O0 -ffunction-sections -fdata-sections -Wall -fstack-usage -fcyclomatic-complexity -MMD -MP -MF"Core/Src/ModeHandler.d" -MT"Core/Src/ModeHandler.o" --specs=nano.specs -mfpu=fpv4-sp-d16 -mfloat-abi=hard -mthumb -o "Core/Src/ModeHandler.o"
arm-none-eabi-gcc "../Core/Src/main.c" -mcpu=cortex-m4 -std=gnu11 -g3 -DDEBUG -DUSE_HAL_DRIVER -DSTM32G474xx -c -I../Core/Inc -I../Drivers/STM32G4xx_HAL_Driver/Inc -I../Drivers/STM32G4xx_HAL_Driver/Inc/Legacy -I../Drivers/CMSIS/Device/ST/STM32G4xx/Include -I../Drivers/CMSIS/Include -O0 -ffunction-sections -fdata-sections -Wall -fstack-usage -fcyclomatic-complexity -MMD -MP -MF"Core/Src/main.d" -MT"Core/Src/main.o" --specs=nano.specs -mfpu=fpv4-sp-d16 -mfloat-abi=hard -mthumb -o "Core/Src/main.o"
../Core/Src/ModeHandler.c: In function 'SetShelve_mode':
../Core/Src/ModeHandler.c:74:17: warning: implicit declaration of function 'Motor_Control' [-Wimplicit-function-declaration]
   74 |                 Motor_Control(_BACKDRIVE_FACTOR);
      |                 ^~~~~~~~~~~~~
../Core/Src/ModeHandler.c: In function 'Point_mode':
../Core/Src/ModeHandler.c:115:12: warning: implicit declaration of function 'fabs' [-Wimplicit-function-declaration]
  115 |         if(fabs(QEI->LinearPosition - goal) <= 0.05)
      |            ^~~~
../Core/Src/ModeHandler.c:12:1: note: include '<math.h>' or provide a declaration of 'fabs'
   11 | #include "BaseSystem.h"
  +++ |+#include <math.h>
   12 | 
../Core/Src/ModeHandler.c:115:12: warning: incompatible implicit declaration of built-in function 'fabs' [-Wbuiltin-declaration-mismatch]
  115 |         if(fabs(QEI->LinearPosition - goal) <= 0.05)
      |            ^~~~
../Core/Src/ModeHandler.c:115:12: note: include '<math.h>' or provide a declaration of 'fabs'
../Core/Src/ModeHandler.c: In function 'Jog_mode':
../Core/Src/ModeHandler.c:156:28: warning: incompatible implicit declaration of built-in function 'fabs' [-Wbuiltin-declaration-mismatch]
  156 |                         if(fabs(QEI->LinearPosition - SetPosition) <= 0.05)
      |                            ^~~~
../Core/Src/ModeHandler.c:156:28: note: include '<math.h>' or provide a declaration of 'fabs'
../Core/Src/main.c: In function 'main':
../Core/Src/main.c:174:37: warning: passing argument 2 of 'HAL_ADC_Start_DMA' from incompatible pointer type [-Wincompatible-pointer-types]
  174 |   HAL_ADC_Start_DMA(&hadc1, Joystick.XYBuffer, 200);
      |                             ~~~~~~~~^~~~~~~~~
      |                                     |
      |                                     uint16_t * {aka short unsigned int *}
In file included from ../Core/Inc/stm32g4xx_hal_conf.h:228,
                 from ../Drivers/STM32G4xx_HAL_Driver/Inc/stm32g4xx_hal.h:29,
                 from ../Core/Inc/main.h:30,
                 from ../Core/Src/main.c:20:
../Drivers/STM32G4xx_HAL_Driver/Inc/stm32g4xx_hal_adc.h:2242:78: note: expected 'uint32_t *' {aka 'long unsigned int *'} but argument is of type 'uint16_t *' {aka 'short unsigned int *'}
 2242 | HAL_StatusTypeDef       HAL_ADC_Start_DMA(ADC_HandleTypeDef *hadc, uint32_t *pData, uint32_t Length);
      |                                                                    ~~~~~~~~~~^~~~~
arm-none-eabi-gcc -o "FRA262_Studio3.elf" @"objects.list"   -mcpu=cortex-m4 -T"C:\Users\emper\STM32CubeIDE\workspace_1.14.1\FRA262_1DOF_ASRS\FRA262_Studio3\STM32G474RETX_FLASH.ld" --specs=nosys.specs -Wl,-Map="FRA262_Studio3.map" -Wl,--gc-sections -static --specs=nano.specs -mfpu=fpv4-sp-d16 -mfloat-abi=hard -mthumb -Wl,--start-group -lc -lm -Wl,--end-group
Finished building target: FRA262_Studio3.elf
 
arm-none-eabi-size  FRA262_Studio3.elf 
arm-none-eabi-objdump -h -S FRA262_Studio3.elf  > "FRA262_Studio3.list"
   text	   data	    bss	    dec	    hex	filename
  48716	    648	   6072	  55436	   d88c	FRA262_Studio3.elf
Finished building: default.size.stdout
 
Finished building: FRA262_Studio3.list
 
18:47:49 **** Incremental Build of configuration Debug for project FRA262_Studio3 ****
make -j16 all 
arm-none-eabi-gcc "../Core/Src/ModeHandler.c" -mcpu=cortex-m4 -std=gnu11 -g3 -DDEBUG -DUSE_HAL_DRIVER -DSTM32G474xx -c -I../Core/Inc -I../Drivers/STM32G4xx_HAL_Driver/Inc -I../Drivers/STM32G4xx_HAL_Driver/Inc/Legacy -I../Drivers/CMSIS/Device/ST/STM32G4xx/Include -I../Drivers/CMSIS/Include -O0 -ffunction-sections -fdata-sections -Wall -fstack-usage -fcyclomatic-complexity -MMD -MP -MF"Core/Src/ModeHandler.d" -MT"Core/Src/ModeHandler.o" --specs=nano.specs -mfpu=fpv4-sp-d16 -mfloat-abi=hard -mthumb -o "Core/Src/ModeHandler.o"
../Core/Src/ModeHandler.c: In function 'SetShelve_mode':
../Core/Src/ModeHandler.c:74:17: warning: implicit declaration of function 'Motor_Control' [-Wimplicit-function-declaration]
   74 |                 Motor_Control(_BACKDRIVE_FACTOR);
      |                 ^~~~~~~~~~~~~
../Core/Src/ModeHandler.c: In function 'Point_mode':
../Core/Src/ModeHandler.c:115:12: warning: implicit declaration of function 'fabs' [-Wimplicit-function-declaration]
  115 |         if(fabs(QEI->LinearPosition - goal) <= 0.05)
      |            ^~~~
../Core/Src/ModeHandler.c:12:1: note: include '<math.h>' or provide a declaration of 'fabs'
   11 | #include "BaseSystem.h"
  +++ |+#include <math.h>
   12 | 
../Core/Src/ModeHandler.c:115:12: warning: incompatible implicit declaration of built-in function 'fabs' [-Wbuiltin-declaration-mismatch]
  115 |         if(fabs(QEI->LinearPosition - goal) <= 0.05)
      |            ^~~~
../Core/Src/ModeHandler.c:115:12: note: include '<math.h>' or provide a declaration of 'fabs'
../Core/Src/ModeHandler.c: In function 'Jog_mode':
../Core/Src/ModeHandler.c:156:28: warning: incompatible implicit declaration of built-in function 'fabs' [-Wbuiltin-declaration-mismatch]
  156 |                         if(fabs(QEI->LinearPosition - SetPosition) <= 0.05)
      |                            ^~~~
../Core/Src/ModeHandler.c:156:28: note: include '<math.h>' or provide a declaration of 'fabs'
arm-none-eabi-gcc -o "FRA262_Studio3.elf" @"objects.list"   -mcpu=cortex-m4 -T"C:\Users\emper\STM32CubeIDE\workspace_1.14.1\FRA262_1DOF_ASRS\FRA262_Studio3\STM32G474RETX_FLASH.ld" --specs=nosys.specs -Wl,-Map="FRA262_Studio3.map" -Wl,--gc-sections -static --specs=nano.specs -mfpu=fpv4-sp-d16 -mfloat-abi=hard -mthumb -Wl,--start-group -lc -lm -Wl,--end-group
Finished building target: FRA262_Studio3.elf
 
arm-none-eabi-size  FRA262_Studio3.elf 
arm-none-eabi-objdump -h -S FRA262_Studio3.elf  > "FRA262_Studio3.list"
   text	   data	    bss	    dec	    hex	filename
  48716	    648	   6072	  55436	   d88c	FRA262_Studio3.elf
Finished building: default.size.stdout
 
Finished building: FRA262_Studio3.list
 
18:50:11 **** Incremental Build of configuration Debug for project FRA262_Studio3 ****
make -j16 all 
arm-none-eabi-gcc "../Core/Src/ModeHandler.c" -mcpu=cortex-m4 -std=gnu11 -g3 -DDEBUG -DUSE_HAL_DRIVER -DSTM32G474xx -c -I../Core/Inc -I../Drivers/STM32G4xx_HAL_Driver/Inc -I../Drivers/STM32G4xx_HAL_Driver/Inc/Legacy -I../Drivers/CMSIS/Device/ST/STM32G4xx/Include -I../Drivers/CMSIS/Include -O0 -ffunction-sections -fdata-sections -Wall -fstack-usage -fcyclomatic-complexity -MMD -MP -MF"Core/Src/ModeHandler.d" -MT"Core/Src/ModeHandler.o" --specs=nano.specs -mfpu=fpv4-sp-d16 -mfloat-abi=hard -mthumb -o "Core/Src/ModeHandler.o"
../Core/Src/ModeHandler.c: In function 'SetShelve_mode':
../Core/Src/ModeHandler.c:74:17: warning: implicit declaration of function 'Motor_Control' [-Wimplicit-function-declaration]
   74 |                 Motor_Control(_BACKDRIVE_FACTOR);
      |                 ^~~~~~~~~~~~~
../Core/Src/ModeHandler.c: In function 'Point_mode':
../Core/Src/ModeHandler.c:115:12: warning: implicit declaration of function 'fabs' [-Wimplicit-function-declaration]
  115 |         if(fabs(QEI->LinearPosition - goal) <= 0.05)
      |            ^~~~
../Core/Src/ModeHandler.c:12:1: note: include '<math.h>' or provide a declaration of 'fabs'
   11 | #include "BaseSystem.h"
  +++ |+#include <math.h>
   12 | 
../Core/Src/ModeHandler.c:115:12: warning: incompatible implicit declaration of built-in function 'fabs' [-Wbuiltin-declaration-mismatch]
  115 |         if(fabs(QEI->LinearPosition - goal) <= 0.05)
      |            ^~~~
../Core/Src/ModeHandler.c:115:12: note: include '<math.h>' or provide a declaration of 'fabs'
../Core/Src/ModeHandler.c: In function 'Jog_mode':
../Core/Src/ModeHandler.c:156:28: warning: incompatible implicit declaration of built-in function 'fabs' [-Wbuiltin-declaration-mismatch]
  156 |                         if(fabs(QEI->LinearPosition - SetPosition) <= 0.05)
      |                            ^~~~
../Core/Src/ModeHandler.c:156:28: note: include '<math.h>' or provide a declaration of 'fabs'
arm-none-eabi-gcc -o "FRA262_Studio3.elf" @"objects.list"   -mcpu=cortex-m4 -T"C:\Users\emper\STM32CubeIDE\workspace_1.14.1\FRA262_1DOF_ASRS\FRA262_Studio3\STM32G474RETX_FLASH.ld" --specs=nosys.specs -Wl,-Map="FRA262_Studio3.map" -Wl,--gc-sections -static --specs=nano.specs -mfpu=fpv4-sp-d16 -mfloat-abi=hard -mthumb -Wl,--start-group -lc -lm -Wl,--end-group
Finished building target: FRA262_Studio3.elf
 
arm-none-eabi-size  FRA262_Studio3.elf 
arm-none-eabi-objdump -h -S FRA262_Studio3.elf  > "FRA262_Studio3.list"
   text	   data	    bss	    dec	    hex	filename
  48740	    648	   6072	  55460	   d8a4	FRA262_Studio3.elf
Finished building: default.size.stdout
 
Finished building: FRA262_Studio3.list
 
16:45:35 **** Incremental Build of configuration Debug for project FRA262_Studio3 ****
make -j16 all 
arm-none-eabi-size  FRA262_Studio3.elf 
   text	   data	    bss	    dec	    hex	filename
  48740	    648	   6072	  55460	   d8a4	FRA262_Studio3.elf
Finished building: default.size.stdout
 
16:47:03 **** Incremental Build of configuration Debug for project FRA262_Studio3 ****
make -j16 all 
arm-none-eabi-gcc "../Core/Src/main.c" -mcpu=cortex-m4 -std=gnu11 -g3 -DDEBUG -DUSE_HAL_DRIVER -DSTM32G474xx -c -I../Core/Inc -I../Drivers/STM32G4xx_HAL_Driver/Inc -I../Drivers/STM32G4xx_HAL_Driver/Inc/Legacy -I../Drivers/CMSIS/Device/ST/STM32G4xx/Include -I../Drivers/CMSIS/Include -O0 -ffunction-sections -fdata-sections -Wall -fstack-usage -fcyclomatic-complexity -MMD -MP -MF"Core/Src/main.d" -MT"Core/Src/main.o" --specs=nano.specs -mfpu=fpv4-sp-d16 -mfloat-abi=hard -mthumb -o "Core/Src/main.o"
../Core/Src/main.c: In function 'main':
../Core/Src/main.c:174:37: warning: passing argument 2 of 'HAL_ADC_Start_DMA' from incompatible pointer type [-Wincompatible-pointer-types]
  174 |   HAL_ADC_Start_DMA(&hadc1, Joystick.XYBuffer, 200);
      |                             ~~~~~~~~^~~~~~~~~
      |                                     |
      |                                     uint16_t * {aka short unsigned int *}
In file included from ../Core/Inc/stm32g4xx_hal_conf.h:228,
                 from ../Drivers/STM32G4xx_HAL_Driver/Inc/stm32g4xx_hal.h:29,
                 from ../Core/Inc/main.h:30,
                 from ../Core/Src/main.c:20:
../Drivers/STM32G4xx_HAL_Driver/Inc/stm32g4xx_hal_adc.h:2242:78: note: expected 'uint32_t *' {aka 'long unsigned int *'} but argument is of type 'uint16_t *' {aka 'short unsigned int *'}
 2242 | HAL_StatusTypeDef       HAL_ADC_Start_DMA(ADC_HandleTypeDef *hadc, uint32_t *pData, uint32_t Length);
      |                                                                    ~~~~~~~~~~^~~~~
arm-none-eabi-gcc -o "FRA262_Studio3.elf" @"objects.list"   -mcpu=cortex-m4 -T"C:\Users\emper\STM32CubeIDE\workspace_1.14.1\FRA262_1DOF_ASRS\FRA262_Studio3\STM32G474RETX_FLASH.ld" --specs=nosys.specs -Wl,-Map="FRA262_Studio3.map" -Wl,--gc-sections -static --specs=nano.specs -mfpu=fpv4-sp-d16 -mfloat-abi=hard -mthumb -Wl,--start-group -lc -lm -Wl,--end-group
Finished building target: FRA262_Studio3.elf
 
arm-none-eabi-size  FRA262_Studio3.elf 
arm-none-eabi-objdump -h -S FRA262_Studio3.elf  > "FRA262_Studio3.list"
   text	   data	    bss	    dec	    hex	filename
  48768	    648	   6080	  55496	   d8c8	FRA262_Studio3.elf
Finished building: default.size.stdout
 
Finished building: FRA262_Studio3.list
 
16:51:04 **** Incremental Build of configuration Debug for project FRA262_Studio3 ****
make -j16 all 
arm-none-eabi-size  FRA262_Studio3.elf 
   text	   data	    bss	    dec	    hex	filename
  48768	    648	   6080	  55496	   d8c8	FRA262_Studio3.elf
Finished building: default.size.stdout
 
16:53:04 **** Incremental Build of configuration Debug for project FRA262_Studio3 ****
make -j16 all 
arm-none-eabi-size  FRA262_Studio3.elf 
   text	   data	    bss	    dec	    hex	filename
  48768	    648	   6080	  55496	   d8c8	FRA262_Studio3.elf
Finished building: default.size.stdout
 
16:53:18 **** Incremental Build of configuration Debug for project FRA262_Studio3 ****
make -j16 all 
arm-none-eabi-size  FRA262_Studio3.elf 
   text	   data	    bss	    dec	    hex	filename
  48768	    648	   6080	  55496	   d8c8	FRA262_Studio3.elf
Finished building: default.size.stdout
 
16:53:58 **** Incremental Build of configuration Debug for project FRA262_Studio3 ****
make -j16 all 
arm-none-eabi-gcc "../Core/Src/main.c" -mcpu=cortex-m4 -std=gnu11 -g3 -DDEBUG -DUSE_HAL_DRIVER -DSTM32G474xx -c -I../Core/Inc -I../Drivers/STM32G4xx_HAL_Driver/Inc -I../Drivers/STM32G4xx_HAL_Driver/Inc/Legacy -I../Drivers/CMSIS/Device/ST/STM32G4xx/Include -I../Drivers/CMSIS/Include -O0 -ffunction-sections -fdata-sections -Wall -fstack-usage -fcyclomatic-complexity -MMD -MP -MF"Core/Src/main.d" -MT"Core/Src/main.o" --specs=nano.specs -mfpu=fpv4-sp-d16 -mfloat-abi=hard -mthumb -o "Core/Src/main.o"
../Core/Src/main.c: In function 'main':
../Core/Src/main.c:174:37: warning: passing argument 2 of 'HAL_ADC_Start_DMA' from incompatible pointer type [-Wincompatible-pointer-types]
  174 |   HAL_ADC_Start_DMA(&hadc1, Joystick.XYBuffer, 200);
      |                             ~~~~~~~~^~~~~~~~~
      |                                     |
      |                                     uint16_t * {aka short unsigned int *}
In file included from ../Core/Inc/stm32g4xx_hal_conf.h:228,
                 from ../Drivers/STM32G4xx_HAL_Driver/Inc/stm32g4xx_hal.h:29,
                 from ../Core/Inc/main.h:30,
                 from ../Core/Src/main.c:20:
../Drivers/STM32G4xx_HAL_Driver/Inc/stm32g4xx_hal_adc.h:2242:78: note: expected 'uint32_t *' {aka 'long unsigned int *'} but argument is of type 'uint16_t *' {aka 'short unsigned int *'}
 2242 | HAL_StatusTypeDef       HAL_ADC_Start_DMA(ADC_HandleTypeDef *hadc, uint32_t *pData, uint32_t Length);
      |                                                                    ~~~~~~~~~~^~~~~
arm-none-eabi-gcc -o "FRA262_Studio3.elf" @"objects.list"   -mcpu=cortex-m4 -T"C:\Users\emper\STM32CubeIDE\workspace_1.14.1\FRA262_1DOF_ASRS\FRA262_Studio3\STM32G474RETX_FLASH.ld" --specs=nosys.specs -Wl,-Map="FRA262_Studio3.map" -Wl,--gc-sections -static --specs=nano.specs -mfpu=fpv4-sp-d16 -mfloat-abi=hard -mthumb -Wl,--start-group -lc -lm -Wl,--end-group
Finished building target: FRA262_Studio3.elf
 
arm-none-eabi-size  FRA262_Studio3.elf 
arm-none-eabi-objdump -h -S FRA262_Studio3.elf  > "FRA262_Studio3.list"
   text	   data	    bss	    dec	    hex	filename
  48744	    648	   6080	  55472	   d8b0	FRA262_Studio3.elf
Finished building: default.size.stdout
 
Finished building: FRA262_Studio3.list
 
16:57:44 **** Incremental Build of configuration Debug for project FRA262_Studio3 ****
make -j16 all 
arm-none-eabi-gcc "../Core/Src/main.c" -mcpu=cortex-m4 -std=gnu11 -g3 -DDEBUG -DUSE_HAL_DRIVER -DSTM32G474xx -c -I../Core/Inc -I../Drivers/STM32G4xx_HAL_Driver/Inc -I../Drivers/STM32G4xx_HAL_Driver/Inc/Legacy -I../Drivers/CMSIS/Device/ST/STM32G4xx/Include -I../Drivers/CMSIS/Include -O0 -ffunction-sections -fdata-sections -Wall -fstack-usage -fcyclomatic-complexity -MMD -MP -MF"Core/Src/main.d" -MT"Core/Src/main.o" --specs=nano.specs -mfpu=fpv4-sp-d16 -mfloat-abi=hard -mthumb -o "Core/Src/main.o"
../Core/Src/main.c: In function 'main':
../Core/Src/main.c:175:37: warning: passing argument 2 of 'HAL_ADC_Start_DMA' from incompatible pointer type [-Wincompatible-pointer-types]
  175 |   HAL_ADC_Start_DMA(&hadc1, Joystick.XYBuffer, 200);
      |                             ~~~~~~~~^~~~~~~~~
      |                                     |
      |                                     uint16_t * {aka short unsigned int *}
In file included from ../Core/Inc/stm32g4xx_hal_conf.h:228,
                 from ../Drivers/STM32G4xx_HAL_Driver/Inc/stm32g4xx_hal.h:29,
                 from ../Core/Inc/main.h:30,
                 from ../Core/Src/main.c:20:
../Drivers/STM32G4xx_HAL_Driver/Inc/stm32g4xx_hal_adc.h:2242:78: note: expected 'uint32_t *' {aka 'long unsigned int *'} but argument is of type 'uint16_t *' {aka 'short unsigned int *'}
 2242 | HAL_StatusTypeDef       HAL_ADC_Start_DMA(ADC_HandleTypeDef *hadc, uint32_t *pData, uint32_t Length);
      |                                                                    ~~~~~~~~~~^~~~~
../Core/Src/main.c:287:17: error: 'HAL_GPIO_ReadPinBGPIOx' undeclared (first use in this function); did you mean 'HAL_GPIO_ReadPin'?
  287 |         test3 = HAL_GPIO_ReadPinBGPIOx, GPIO_PIN_12);
      |                 ^~~~~~~~~~~~~~~~~~~~~~
      |                 HAL_GPIO_ReadPin
../Core/Src/main.c:287:17: note: each undeclared identifier is reported only once for each function it appears in
../Core/Src/main.c:287:39: warning: left-hand operand of comma expression has no effect [-Wunused-value]
  287 |         test3 = HAL_GPIO_ReadPinBGPIOx, GPIO_PIN_12);
      |                                       ^
../Core/Src/main.c:287:39: warning: statement with no effect [-Wunused-value]
../Core/Src/main.c:287:52: error: expected ';' before ')' token
  287 |         test3 = HAL_GPIO_ReadPinBGPIOx, GPIO_PIN_12);
      |                                                    ^
../Core/Src/main.c:287:52: error: expected statement before ')' token
make: *** [Core/Src/subdir.mk:58: Core/Src/main.o] Error 1
"make -j16 all" terminated with exit code 2. Build might be incomplete.
16:57:58 **** Incremental Build of configuration Debug for project FRA262_Studio3 ****
make -j16 all 
arm-none-eabi-gcc "../Core/Src/main.c" -mcpu=cortex-m4 -std=gnu11 -g3 -DDEBUG -DUSE_HAL_DRIVER -DSTM32G474xx -c -I../Core/Inc -I../Drivers/STM32G4xx_HAL_Driver/Inc -I../Drivers/STM32G4xx_HAL_Driver/Inc/Legacy -I../Drivers/CMSIS/Device/ST/STM32G4xx/Include -I../Drivers/CMSIS/Include -O0 -ffunction-sections -fdata-sections -Wall -fstack-usage -fcyclomatic-complexity -MMD -MP -MF"Core/Src/main.d" -MT"Core/Src/main.o" --specs=nano.specs -mfpu=fpv4-sp-d16 -mfloat-abi=hard -mthumb -o "Core/Src/main.o"
../Core/Src/main.c: In function 'main':
../Core/Src/main.c:175:37: warning: passing argument 2 of 'HAL_ADC_Start_DMA' from incompatible pointer type [-Wincompatible-pointer-types]
  175 |   HAL_ADC_Start_DMA(&hadc1, Joystick.XYBuffer, 200);
      |                             ~~~~~~~~^~~~~~~~~
      |                                     |
      |                                     uint16_t * {aka short unsigned int *}
In file included from ../Core/Inc/stm32g4xx_hal_conf.h:228,
                 from ../Drivers/STM32G4xx_HAL_Driver/Inc/stm32g4xx_hal.h:29,
                 from ../Core/Inc/main.h:30,
                 from ../Core/Src/main.c:20:
../Drivers/STM32G4xx_HAL_Driver/Inc/stm32g4xx_hal_adc.h:2242:78: note: expected 'uint32_t *' {aka 'long unsigned int *'} but argument is of type 'uint16_t *' {aka 'short unsigned int *'}
 2242 | HAL_StatusTypeDef       HAL_ADC_Start_DMA(ADC_HandleTypeDef *hadc, uint32_t *pData, uint32_t Length);
      |                                                                    ~~~~~~~~~~^~~~~
arm-none-eabi-gcc -o "FRA262_Studio3.elf" @"objects.list"   -mcpu=cortex-m4 -T"C:\Users\emper\STM32CubeIDE\workspace_1.14.1\FRA262_1DOF_ASRS\FRA262_Studio3\STM32G474RETX_FLASH.ld" --specs=nosys.specs -Wl,-Map="FRA262_Studio3.map" -Wl,--gc-sections -static --specs=nano.specs -mfpu=fpv4-sp-d16 -mfloat-abi=hard -mthumb -Wl,--start-group -lc -lm -Wl,--end-group
Finished building target: FRA262_Studio3.elf
 
arm-none-eabi-size  FRA262_Studio3.elf 
arm-none-eabi-objdump -h -S FRA262_Studio3.elf  > "FRA262_Studio3.list"
   text	   data	    bss	    dec	    hex	filename
  48776	    648	   6088	  55512	   d8d8	FRA262_Studio3.elf
Finished building: default.size.stdout
 
Finished building: FRA262_Studio3.list
 
17:04:44 **** Incremental Build of configuration Debug for project FRA262_Studio3 ****
make -j16 all 
arm-none-eabi-size  FRA262_Studio3.elf 
   text	   data	    bss	    dec	    hex	filename
  48776	    648	   6088	  55512	   d8d8	FRA262_Studio3.elf
Finished building: default.size.stdout
 
17:06:51 **** Incremental Build of configuration Debug for project FRA262_Studio3 ****
make -j16 all 
arm-none-eabi-gcc "../Core/Src/ModeHandler.c" -mcpu=cortex-m4 -std=gnu11 -g3 -DDEBUG -DUSE_HAL_DRIVER -DSTM32G474xx -c -I../Core/Inc -I../Drivers/STM32G4xx_HAL_Driver/Inc -I../Drivers/STM32G4xx_HAL_Driver/Inc/Legacy -I../Drivers/CMSIS/Device/ST/STM32G4xx/Include -I../Drivers/CMSIS/Include -O0 -ffunction-sections -fdata-sections -Wall -fstack-usage -fcyclomatic-complexity -MMD -MP -MF"Core/Src/ModeHandler.d" -MT"Core/Src/ModeHandler.o" --specs=nano.specs -mfpu=fpv4-sp-d16 -mfloat-abi=hard -mthumb -o "Core/Src/ModeHandler.o"
arm-none-eabi-gcc "../Core/Src/main.c" -mcpu=cortex-m4 -std=gnu11 -g3 -DDEBUG -DUSE_HAL_DRIVER -DSTM32G474xx -c -I../Core/Inc -I../Drivers/STM32G4xx_HAL_Driver/Inc -I../Drivers/STM32G4xx_HAL_Driver/Inc/Legacy -I../Drivers/CMSIS/Device/ST/STM32G4xx/Include -I../Drivers/CMSIS/Include -O0 -ffunction-sections -fdata-sections -Wall -fstack-usage -fcyclomatic-complexity -MMD -MP -MF"Core/Src/main.d" -MT"Core/Src/main.o" --specs=nano.specs -mfpu=fpv4-sp-d16 -mfloat-abi=hard -mthumb -o "Core/Src/main.o"
../Core/Src/main.c: In function 'main':
../Core/Src/main.c:175:37: warning: passing argument 2 of 'HAL_ADC_Start_DMA' from incompatible pointer type [-Wincompatible-pointer-types]
  175 |   HAL_ADC_Start_DMA(&hadc1, Joystick.XYBuffer, 200);
      |                             ~~~~~~~~^~~~~~~~~
      |                                     |
      |                                     uint16_t * {aka short unsigned int *}
In file included from ../Core/Inc/stm32g4xx_hal_conf.h:228,
                 from ../Drivers/STM32G4xx_HAL_Driver/Inc/stm32g4xx_hal.h:29,
                 from ../Core/Inc/main.h:30,
                 from ../Core/Src/main.c:20:
../Drivers/STM32G4xx_HAL_Driver/Inc/stm32g4xx_hal_adc.h:2242:78: note: expected 'uint32_t *' {aka 'long unsigned int *'} but argument is of type 'uint16_t *' {aka 'short unsigned int *'}
 2242 | HAL_StatusTypeDef       HAL_ADC_Start_DMA(ADC_HandleTypeDef *hadc, uint32_t *pData, uint32_t Length);
      |                                                                    ~~~~~~~~~~^~~~~
../Core/Src/ModeHandler.c: In function 'SetShelve_mode':
../Core/Src/ModeHandler.c:74:17: warning: implicit declaration of function 'Motor_Control' [-Wimplicit-function-declaration]
   74 |                 Motor_Control(_BACKDRIVE_FACTOR);
      |                 ^~~~~~~~~~~~~
../Core/Src/ModeHandler.c: In function 'Point_mode':
../Core/Src/ModeHandler.c:115:12: warning: implicit declaration of function 'fabs' [-Wimplicit-function-declaration]
  115 |         if(fabs(QEI->LinearPosition - goal) <= 0.05)
      |            ^~~~
../Core/Src/ModeHandler.c:12:1: note: include '<math.h>' or provide a declaration of 'fabs'
   11 | #include "BaseSystem.h"
  +++ |+#include <math.h>
   12 | 
../Core/Src/ModeHandler.c:115:12: warning: incompatible implicit declaration of built-in function 'fabs' [-Wbuiltin-declaration-mismatch]
  115 |         if(fabs(QEI->LinearPosition - goal) <= 0.05)
      |            ^~~~
../Core/Src/ModeHandler.c:115:12: note: include '<math.h>' or provide a declaration of 'fabs'
../Core/Src/ModeHandler.c: In function 'Jog_mode':
../Core/Src/ModeHandler.c:156:28: warning: incompatible implicit declaration of built-in function 'fabs' [-Wbuiltin-declaration-mismatch]
  156 |                         if(fabs(QEI->LinearPosition - SetPosition) <= 0.05)
      |                            ^~~~
../Core/Src/ModeHandler.c:156:28: note: include '<math.h>' or provide a declaration of 'fabs'
arm-none-eabi-gcc -o "FRA262_Studio3.elf" @"objects.list"   -mcpu=cortex-m4 -T"C:\Users\emper\STM32CubeIDE\workspace_1.14.1\FRA262_1DOF_ASRS\FRA262_Studio3\STM32G474RETX_FLASH.ld" --specs=nosys.specs -Wl,-Map="FRA262_Studio3.map" -Wl,--gc-sections -static --specs=nano.specs -mfpu=fpv4-sp-d16 -mfloat-abi=hard -mthumb -Wl,--start-group -lc -lm -Wl,--end-group
Finished building target: FRA262_Studio3.elf
 
arm-none-eabi-size  FRA262_Studio3.elf 
arm-none-eabi-objdump -h -S FRA262_Studio3.elf  > "FRA262_Studio3.list"
   text	   data	    bss	    dec	    hex	filename
  48832	    648	   6088	  55568	   d910	FRA262_Studio3.elf
Finished building: default.size.stdout
 
Finished building: FRA262_Studio3.list
 
17:11:31 **** Incremental Build of configuration Debug for project FRA262_Studio3 ****
make -j16 all 
arm-none-eabi-gcc "../Core/Src/ModeHandler.c" -mcpu=cortex-m4 -std=gnu11 -g3 -DDEBUG -DUSE_HAL_DRIVER -DSTM32G474xx -c -I../Core/Inc -I../Drivers/STM32G4xx_HAL_Driver/Inc -I../Drivers/STM32G4xx_HAL_Driver/Inc/Legacy -I../Drivers/CMSIS/Device/ST/STM32G4xx/Include -I../Drivers/CMSIS/Include -O0 -ffunction-sections -fdata-sections -Wall -fstack-usage -fcyclomatic-complexity -MMD -MP -MF"Core/Src/ModeHandler.d" -MT"Core/Src/ModeHandler.o" --specs=nano.specs -mfpu=fpv4-sp-d16 -mfloat-abi=hard -mthumb -o "Core/Src/ModeHandler.o"
../Core/Src/ModeHandler.c: In function 'SetShelve_mode':
../Core/Src/ModeHandler.c:74:17: warning: implicit declaration of function 'Motor_Control' [-Wimplicit-function-declaration]
   74 |                 Motor_Control(_BACKDRIVE_FACTOR);
      |                 ^~~~~~~~~~~~~
../Core/Src/ModeHandler.c: In function 'Point_mode':
../Core/Src/ModeHandler.c:115:12: warning: implicit declaration of function 'fabs' [-Wimplicit-function-declaration]
  115 |         if(fabs(QEI->LinearPosition - goal) <= 0.05)
      |            ^~~~
../Core/Src/ModeHandler.c:12:1: note: include '<math.h>' or provide a declaration of 'fabs'
   11 | #include "BaseSystem.h"
  +++ |+#include <math.h>
   12 | 
../Core/Src/ModeHandler.c:115:12: warning: incompatible implicit declaration of built-in function 'fabs' [-Wbuiltin-declaration-mismatch]
  115 |         if(fabs(QEI->LinearPosition - goal) <= 0.05)
      |            ^~~~
../Core/Src/ModeHandler.c:115:12: note: include '<math.h>' or provide a declaration of 'fabs'
../Core/Src/ModeHandler.c: In function 'Jog_mode':
../Core/Src/ModeHandler.c:156:28: warning: incompatible implicit declaration of built-in function 'fabs' [-Wbuiltin-declaration-mismatch]
  156 |                         if(fabs(QEI->LinearPosition - SetPosition) <= 0.05)
      |                            ^~~~
../Core/Src/ModeHandler.c:156:28: note: include '<math.h>' or provide a declaration of 'fabs'
arm-none-eabi-gcc -o "FRA262_Studio3.elf" @"objects.list"   -mcpu=cortex-m4 -T"C:\Users\emper\STM32CubeIDE\workspace_1.14.1\FRA262_1DOF_ASRS\FRA262_Studio3\STM32G474RETX_FLASH.ld" --specs=nosys.specs -Wl,-Map="FRA262_Studio3.map" -Wl,--gc-sections -static --specs=nano.specs -mfpu=fpv4-sp-d16 -mfloat-abi=hard -mthumb -Wl,--start-group -lc -lm -Wl,--end-group
Finished building target: FRA262_Studio3.elf
 
arm-none-eabi-size  FRA262_Studio3.elf 
arm-none-eabi-objdump -h -S FRA262_Studio3.elf  > "FRA262_Studio3.list"
   text	   data	    bss	    dec	    hex	filename
  48928	    648	   6088	  55664	   d970	FRA262_Studio3.elf
Finished building: default.size.stdout
 
Finished building: FRA262_Studio3.list
 
17:17:33 **** Incremental Build of configuration Debug for project FRA262_Studio3 ****
make -j16 all 
arm-none-eabi-gcc "../Core/Src/main.c" -mcpu=cortex-m4 -std=gnu11 -g3 -DDEBUG -DUSE_HAL_DRIVER -DSTM32G474xx -c -I../Core/Inc -I../Drivers/STM32G4xx_HAL_Driver/Inc -I../Drivers/STM32G4xx_HAL_Driver/Inc/Legacy -I../Drivers/CMSIS/Device/ST/STM32G4xx/Include -I../Drivers/CMSIS/Include -O0 -ffunction-sections -fdata-sections -Wall -fstack-usage -fcyclomatic-complexity -MMD -MP -MF"Core/Src/main.d" -MT"Core/Src/main.o" --specs=nano.specs -mfpu=fpv4-sp-d16 -mfloat-abi=hard -mthumb -o "Core/Src/main.o"
../Core/Src/main.c: In function 'main':
../Core/Src/main.c:175:37: warning: passing argument 2 of 'HAL_ADC_Start_DMA' from incompatible pointer type [-Wincompatible-pointer-types]
  175 |   HAL_ADC_Start_DMA(&hadc1, Joystick.XYBuffer, 200);
      |                             ~~~~~~~~^~~~~~~~~
      |                                     |
      |                                     uint16_t * {aka short unsigned int *}
In file included from ../Core/Inc/stm32g4xx_hal_conf.h:228,
                 from ../Drivers/STM32G4xx_HAL_Driver/Inc/stm32g4xx_hal.h:29,
                 from ../Core/Inc/main.h:30,
                 from ../Core/Src/main.c:20:
../Drivers/STM32G4xx_HAL_Driver/Inc/stm32g4xx_hal_adc.h:2242:78: note: expected 'uint32_t *' {aka 'long unsigned int *'} but argument is of type 'uint16_t *' {aka 'short unsigned int *'}
 2242 | HAL_StatusTypeDef       HAL_ADC_Start_DMA(ADC_HandleTypeDef *hadc, uint32_t *pData, uint32_t Length);
      |                                                                    ~~~~~~~~~~^~~~~
arm-none-eabi-gcc -o "FRA262_Studio3.elf" @"objects.list"   -mcpu=cortex-m4 -T"C:\Users\emper\STM32CubeIDE\workspace_1.14.1\FRA262_1DOF_ASRS\FRA262_Studio3\STM32G474RETX_FLASH.ld" --specs=nosys.specs -Wl,-Map="FRA262_Studio3.map" -Wl,--gc-sections -static --specs=nano.specs -mfpu=fpv4-sp-d16 -mfloat-abi=hard -mthumb -Wl,--start-group -lc -lm -Wl,--end-group
Finished building target: FRA262_Studio3.elf
 
arm-none-eabi-size  FRA262_Studio3.elf 
arm-none-eabi-objdump -h -S FRA262_Studio3.elf  > "FRA262_Studio3.list"
   text	   data	    bss	    dec	    hex	filename
  48908	    648	   6088	  55644	   d95c	FRA262_Studio3.elf
Finished building: default.size.stdout
 
Finished building: FRA262_Studio3.list
 
18:50:33 **** Incremental Build of configuration Debug for project FRA262_Studio3 ****
make -j16 all 
arm-none-eabi-gcc "../Core/Src/main.c" -mcpu=cortex-m4 -std=gnu11 -g3 -DDEBUG -DUSE_HAL_DRIVER -DSTM32G474xx -c -I../Core/Inc -I../Drivers/STM32G4xx_HAL_Driver/Inc -I../Drivers/STM32G4xx_HAL_Driver/Inc/Legacy -I../Drivers/CMSIS/Device/ST/STM32G4xx/Include -I../Drivers/CMSIS/Include -O0 -ffunction-sections -fdata-sections -Wall -fstack-usage -fcyclomatic-complexity -MMD -MP -MF"Core/Src/main.d" -MT"Core/Src/main.o" --specs=nano.specs -mfpu=fpv4-sp-d16 -mfloat-abi=hard -mthumb -o "Core/Src/main.o"
../Core/Src/main.c: In function 'main':
../Core/Src/main.c:175:37: warning: passing argument 2 of 'HAL_ADC_Start_DMA' from incompatible pointer type [-Wincompatible-pointer-types]
  175 |   HAL_ADC_Start_DMA(&hadc1, Joystick.XYBuffer, 200);
      |                             ~~~~~~~~^~~~~~~~~
      |                                     |
      |                                     uint16_t * {aka short unsigned int *}
In file included from ../Core/Inc/stm32g4xx_hal_conf.h:228,
                 from ../Drivers/STM32G4xx_HAL_Driver/Inc/stm32g4xx_hal.h:29,
                 from ../Core/Inc/main.h:30,
                 from ../Core/Src/main.c:20:
../Drivers/STM32G4xx_HAL_Driver/Inc/stm32g4xx_hal_adc.h:2242:78: note: expected 'uint32_t *' {aka 'long unsigned int *'} but argument is of type 'uint16_t *' {aka 'short unsigned int *'}
 2242 | HAL_StatusTypeDef       HAL_ADC_Start_DMA(ADC_HandleTypeDef *hadc, uint32_t *pData, uint32_t Length);
      |                                                                    ~~~~~~~~~~^~~~~
arm-none-eabi-gcc -o "FRA262_Studio3.elf" @"objects.list"   -mcpu=cortex-m4 -T"C:\Users\emper\STM32CubeIDE\workspace_1.14.1\FRA262_1DOF_ASRS\FRA262_Studio3\STM32G474RETX_FLASH.ld" --specs=nosys.specs -Wl,-Map="FRA262_Studio3.map" -Wl,--gc-sections -static --specs=nano.specs -mfpu=fpv4-sp-d16 -mfloat-abi=hard -mthumb -Wl,--start-group -lc -lm -Wl,--end-group
Finished building target: FRA262_Studio3.elf
 
arm-none-eabi-size  FRA262_Studio3.elf 
arm-none-eabi-objdump -h -S FRA262_Studio3.elf  > "FRA262_Studio3.list"
   text	   data	    bss	    dec	    hex	filename
  48904	    648	   6088	  55640	   d958	FRA262_Studio3.elf
Finished building: default.size.stdout
 
Finished building: FRA262_Studio3.list
 
18:52:00 **** Incremental Build of configuration Debug for project FRA262_Studio3 ****
make -j16 all 
arm-none-eabi-size  FRA262_Studio3.elf 
   text	   data	    bss	    dec	    hex	filename
  48904	    648	   6088	  55640	   d958	FRA262_Studio3.elf
Finished building: default.size.stdout
 
18:29:23 **** Incremental Build of configuration Debug for project FRA262_Studio3 ****
make -j16 all 
arm-none-eabi-gcc "../Core/Src/BaseSystem.c" -mcpu=cortex-m4 -std=gnu11 -g3 -DDEBUG -DUSE_HAL_DRIVER -DSTM32G474xx -c -I../Core/Inc -I../Drivers/STM32G4xx_HAL_Driver/Inc -I../Drivers/STM32G4xx_HAL_Driver/Inc/Legacy -I../Drivers/CMSIS/Device/ST/STM32G4xx/Include -I../Drivers/CMSIS/Include -O0 -ffunction-sections -fdata-sections -Wall -fstack-usage -fcyclomatic-complexity -MMD -MP -MF"Core/Src/BaseSystem.d" -MT"Core/Src/BaseSystem.o" --specs=nano.specs -mfpu=fpv4-sp-d16 -mfloat-abi=hard -mthumb -o "Core/Src/BaseSystem.o"
../Core/Src/BaseSystem.c:12:8: warning: type defaults to 'int' in declaration of 'STATE' [-Wimplicit-int]
   12 | extern STATE;
      |        ^~~~~
../Core/Src/BaseSystem.c: In function 'Routine':
../Core/Src/BaseSystem.c:42:46: warning: implicit declaration of function 'fabs' [-Wimplicit-function-declaration]
   42 |         registerFrame[0x12].U16 = (uint16_t)(fabs(QEI->LinearVelocity * 10)); //Z-axis Actual Speed = 20
      |                                              ^~~~
../Core/Src/BaseSystem.c:8:1: note: include '<math.h>' or provide a declaration of 'fabs'
    7 | #include <BaseSystem.h>
  +++ |+#include <math.h>
    8 | 
../Core/Src/BaseSystem.c:42:46: warning: incompatible implicit declaration of built-in function 'fabs' [-Wbuiltin-declaration-mismatch]
   42 |         registerFrame[0x12].U16 = (uint16_t)(fabs(QEI->LinearVelocity * 10)); //Z-axis Actual Speed = 20
      |                                              ^~~~
../Core/Src/BaseSystem.c:42:46: note: include '<math.h>' or provide a declaration of 'fabs'
../Core/Src/BaseSystem.c:50:25: warning: implicit declaration of function 'SolenoidSuck' [-Wimplicit-function-declaration]
   50 |                         SolenoidSuck(0);
      |                         ^~~~~~~~~~~~
../Core/Src/BaseSystem.c:61:25: warning: implicit declaration of function 'SolenoidPull' [-Wimplicit-function-declaration]
   61 |                         SolenoidPull();
      |                         ^~~~~~~~~~~~
../Core/Src/BaseSystem.c:66:25: warning: implicit declaration of function 'SolenoidPush' [-Wimplicit-function-declaration]
   66 |                         SolenoidPush();
      |                         ^~~~~~~~~~~~
arm-none-eabi-gcc -o "FRA262_Studio3.elf" @"objects.list"   -mcpu=cortex-m4 -T"C:\Users\emper\STM32CubeIDE\workspace_1.14.1\FRA262_1DOF_ASRS\FRA262_Studio3\STM32G474RETX_FLASH.ld" --specs=nosys.specs -Wl,-Map="FRA262_Studio3.map" -Wl,--gc-sections -static --specs=nano.specs -mfpu=fpv4-sp-d16 -mfloat-abi=hard -mthumb -Wl,--start-group -lc -lm -Wl,--end-group
Finished building target: FRA262_Studio3.elf
 
arm-none-eabi-size  FRA262_Studio3.elf 
arm-none-eabi-objdump -h -S FRA262_Studio3.elf  > "FRA262_Studio3.list"
   text	   data	    bss	    dec	    hex	filename
  49088	    648	   6088	  55824	   da10	FRA262_Studio3.elf
Finished building: default.size.stdout
 
Finished building: FRA262_Studio3.list
 
18:32:10 **** Incremental Build of configuration Debug for project FRA262_Studio3 ****
make -j16 all 
arm-none-eabi-size  FRA262_Studio3.elf 
   text	   data	    bss	    dec	    hex	filename
  49088	    648	   6088	  55824	   da10	FRA262_Studio3.elf
Finished building: default.size.stdout
 
18:35:40 **** Incremental Build of configuration Debug for project FRA262_Studio3 ****
make -j16 all 
arm-none-eabi-gcc "../Core/Src/main.c" -mcpu=cortex-m4 -std=gnu11 -g3 -DDEBUG -DUSE_HAL_DRIVER -DSTM32G474xx -c -I../Core/Inc -I../Drivers/STM32G4xx_HAL_Driver/Inc -I../Drivers/STM32G4xx_HAL_Driver/Inc/Legacy -I../Drivers/CMSIS/Device/ST/STM32G4xx/Include -I../Drivers/CMSIS/Include -O0 -ffunction-sections -fdata-sections -Wall -fstack-usage -fcyclomatic-complexity -MMD -MP -MF"Core/Src/main.d" -MT"Core/Src/main.o" --specs=nano.specs -mfpu=fpv4-sp-d16 -mfloat-abi=hard -mthumb -o "Core/Src/main.o"
../Core/Src/main.c: In function 'main':
../Core/Src/main.c:175:37: warning: passing argument 2 of 'HAL_ADC_Start_DMA' from incompatible pointer type [-Wincompatible-pointer-types]
  175 |   HAL_ADC_Start_DMA(&hadc1, Joystick.XYBuffer, 200);
      |                             ~~~~~~~~^~~~~~~~~
      |                                     |
      |                                     uint16_t * {aka short unsigned int *}
In file included from ../Core/Inc/stm32g4xx_hal_conf.h:228,
                 from ../Drivers/STM32G4xx_HAL_Driver/Inc/stm32g4xx_hal.h:29,
                 from ../Core/Inc/main.h:30,
                 from ../Core/Src/main.c:20:
../Drivers/STM32G4xx_HAL_Driver/Inc/stm32g4xx_hal_adc.h:2242:78: note: expected 'uint32_t *' {aka 'long unsigned int *'} but argument is of type 'uint16_t *' {aka 'short unsigned int *'}
 2242 | HAL_StatusTypeDef       HAL_ADC_Start_DMA(ADC_HandleTypeDef *hadc, uint32_t *pData, uint32_t Length);
      |                                                                    ~~~~~~~~~~^~~~~
arm-none-eabi-gcc -o "FRA262_Studio3.elf" @"objects.list"   -mcpu=cortex-m4 -T"C:\Users\emper\STM32CubeIDE\workspace_1.14.1\FRA262_1DOF_ASRS\FRA262_Studio3\STM32G474RETX_FLASH.ld" --specs=nosys.specs -Wl,-Map="FRA262_Studio3.map" -Wl,--gc-sections -static --specs=nano.specs -mfpu=fpv4-sp-d16 -mfloat-abi=hard -mthumb -Wl,--start-group -lc -lm -Wl,--end-group
Finished building target: FRA262_Studio3.elf
 
arm-none-eabi-size  FRA262_Studio3.elf 
arm-none-eabi-objdump -h -S FRA262_Studio3.elf  > "FRA262_Studio3.list"
   text	   data	    bss	    dec	    hex	filename
  49084	    648	   6088	  55820	   da0c	FRA262_Studio3.elf
Finished building: default.size.stdout
 
Finished building: FRA262_Studio3.list
 
19:00:31 **** Incremental Build of configuration Debug for project FRA262_Studio3 ****
make -j16 all 
arm-none-eabi-gcc "../Core/Src/ModeHandler.c" -mcpu=cortex-m4 -std=gnu11 -g3 -DDEBUG -DUSE_HAL_DRIVER -DSTM32G474xx -c -I../Core/Inc -I../Drivers/STM32G4xx_HAL_Driver/Inc -I../Drivers/STM32G4xx_HAL_Driver/Inc/Legacy -I../Drivers/CMSIS/Device/ST/STM32G4xx/Include -I../Drivers/CMSIS/Include -O0 -ffunction-sections -fdata-sections -Wall -fstack-usage -fcyclomatic-complexity -MMD -MP -MF"Core/Src/ModeHandler.d" -MT"Core/Src/ModeHandler.o" --specs=nano.specs -mfpu=fpv4-sp-d16 -mfloat-abi=hard -mthumb -o "Core/Src/ModeHandler.o"
../Core/Src/ModeHandler.c: In function 'SetShelve_mode':
../Core/Src/ModeHandler.c:74:17: warning: implicit declaration of function 'Motor_Control' [-Wimplicit-function-declaration]
   74 |                 Motor_Control(_BACKDRIVE_FACTOR);
      |                 ^~~~~~~~~~~~~
../Core/Src/ModeHandler.c: In function 'Point_mode':
../Core/Src/ModeHandler.c:115:12: warning: implicit declaration of function 'fabs' [-Wimplicit-function-declaration]
  115 |         if(fabs(QEI->LinearPosition - goal) <= 0.05)
      |            ^~~~
../Core/Src/ModeHandler.c:12:1: note: include '<math.h>' or provide a declaration of 'fabs'
   11 | #include "BaseSystem.h"
  +++ |+#include <math.h>
   12 | 
../Core/Src/ModeHandler.c:115:12: warning: incompatible implicit declaration of built-in function 'fabs' [-Wbuiltin-declaration-mismatch]
  115 |         if(fabs(QEI->LinearPosition - goal) <= 0.05)
      |            ^~~~
../Core/Src/ModeHandler.c:115:12: note: include '<math.h>' or provide a declaration of 'fabs'
../Core/Src/ModeHandler.c: In function 'Jog_mode':
../Core/Src/ModeHandler.c:156:28: warning: incompatible implicit declaration of built-in function 'fabs' [-Wbuiltin-declaration-mismatch]
  156 |                         if(fabs(QEI->LinearPosition - SetPosition) <= 0.05)
      |                            ^~~~
../Core/Src/ModeHandler.c:156:28: note: include '<math.h>' or provide a declaration of 'fabs'
arm-none-eabi-gcc -o "FRA262_Studio3.elf" @"objects.list"   -mcpu=cortex-m4 -T"C:\Users\emper\STM32CubeIDE\workspace_1.14.1\FRA262_1DOF_ASRS\FRA262_Studio3\STM32G474RETX_FLASH.ld" --specs=nosys.specs -Wl,-Map="FRA262_Studio3.map" -Wl,--gc-sections -static --specs=nano.specs -mfpu=fpv4-sp-d16 -mfloat-abi=hard -mthumb -Wl,--start-group -lc -lm -Wl,--end-group
Finished building target: FRA262_Studio3.elf
 
arm-none-eabi-size  FRA262_Studio3.elf 
arm-none-eabi-objdump -h -S FRA262_Studio3.elf  > "FRA262_Studio3.list"
   text	   data	    bss	    dec	    hex	filename
  49084	    648	   6088	  55820	   da0c	FRA262_Studio3.elf
Finished building: default.size.stdout
 
Finished building: FRA262_Studio3.list
 
19:01:55 **** Incremental Build of configuration Debug for project FRA262_Studio3 ****
make -j16 all 
arm-none-eabi-gcc "../Core/Src/main.c" -mcpu=cortex-m4 -std=gnu11 -g3 -DDEBUG -DUSE_HAL_DRIVER -DSTM32G474xx -c -I../Core/Inc -I../Drivers/STM32G4xx_HAL_Driver/Inc -I../Drivers/STM32G4xx_HAL_Driver/Inc/Legacy -I../Drivers/CMSIS/Device/ST/STM32G4xx/Include -I../Drivers/CMSIS/Include -O0 -ffunction-sections -fdata-sections -Wall -fstack-usage -fcyclomatic-complexity -MMD -MP -MF"Core/Src/main.d" -MT"Core/Src/main.o" --specs=nano.specs -mfpu=fpv4-sp-d16 -mfloat-abi=hard -mthumb -o "Core/Src/main.o"
../Core/Src/main.c: In function 'main':
../Core/Src/main.c:175:37: warning: passing argument 2 of 'HAL_ADC_Start_DMA' from incompatible pointer type [-Wincompatible-pointer-types]
  175 |   HAL_ADC_Start_DMA(&hadc1, Joystick.XYBuffer, 200);
      |                             ~~~~~~~~^~~~~~~~~
      |                                     |
      |                                     uint16_t * {aka short unsigned int *}
In file included from ../Core/Inc/stm32g4xx_hal_conf.h:228,
                 from ../Drivers/STM32G4xx_HAL_Driver/Inc/stm32g4xx_hal.h:29,
                 from ../Core/Inc/main.h:30,
                 from ../Core/Src/main.c:20:
../Drivers/STM32G4xx_HAL_Driver/Inc/stm32g4xx_hal_adc.h:2242:78: note: expected 'uint32_t *' {aka 'long unsigned int *'} but argument is of type 'uint16_t *' {aka 'short unsigned int *'}
 2242 | HAL_StatusTypeDef       HAL_ADC_Start_DMA(ADC_HandleTypeDef *hadc, uint32_t *pData, uint32_t Length);
      |                                                                    ~~~~~~~~~~^~~~~
arm-none-eabi-gcc -o "FRA262_Studio3.elf" @"objects.list"   -mcpu=cortex-m4 -T"C:\Users\emper\STM32CubeIDE\workspace_1.14.1\FRA262_1DOF_ASRS\FRA262_Studio3\STM32G474RETX_FLASH.ld" --specs=nosys.specs -Wl,-Map="FRA262_Studio3.map" -Wl,--gc-sections -static --specs=nano.specs -mfpu=fpv4-sp-d16 -mfloat-abi=hard -mthumb -Wl,--start-group -lc -lm -Wl,--end-group
Finished building target: FRA262_Studio3.elf
 
arm-none-eabi-size  FRA262_Studio3.elf 
arm-none-eabi-objdump -h -S FRA262_Studio3.elf  > "FRA262_Studio3.list"
   text	   data	    bss	    dec	    hex	filename
  41216	    108	   5816	  47140	   b824	FRA262_Studio3.elf
Finished building: default.size.stdout
 
Finished building: FRA262_Studio3.list
 
19:06:58 **** Incremental Build of configuration Debug for project FRA262_Studio3 ****
make -j16 all 
arm-none-eabi-gcc "../Core/Src/main.c" -mcpu=cortex-m4 -std=gnu11 -g3 -DDEBUG -DUSE_HAL_DRIVER -DSTM32G474xx -c -I../Core/Inc -I../Drivers/STM32G4xx_HAL_Driver/Inc -I../Drivers/STM32G4xx_HAL_Driver/Inc/Legacy -I../Drivers/CMSIS/Device/ST/STM32G4xx/Include -I../Drivers/CMSIS/Include -O0 -ffunction-sections -fdata-sections -Wall -fstack-usage -fcyclomatic-complexity -MMD -MP -MF"Core/Src/main.d" -MT"Core/Src/main.o" --specs=nano.specs -mfpu=fpv4-sp-d16 -mfloat-abi=hard -mthumb -o "Core/Src/main.o"
../Core/Src/main.c: In function 'main':
../Core/Src/main.c:175:37: warning: passing argument 2 of 'HAL_ADC_Start_DMA' from incompatible pointer type [-Wincompatible-pointer-types]
  175 |   HAL_ADC_Start_DMA(&hadc1, Joystick.XYBuffer, 200);
      |                             ~~~~~~~~^~~~~~~~~
      |                                     |
      |                                     uint16_t * {aka short unsigned int *}
In file included from ../Core/Inc/stm32g4xx_hal_conf.h:228,
                 from ../Drivers/STM32G4xx_HAL_Driver/Inc/stm32g4xx_hal.h:29,
                 from ../Core/Inc/main.h:30,
                 from ../Core/Src/main.c:20:
../Drivers/STM32G4xx_HAL_Driver/Inc/stm32g4xx_hal_adc.h:2242:78: note: expected 'uint32_t *' {aka 'long unsigned int *'} but argument is of type 'uint16_t *' {aka 'short unsigned int *'}
 2242 | HAL_StatusTypeDef       HAL_ADC_Start_DMA(ADC_HandleTypeDef *hadc, uint32_t *pData, uint32_t Length);
      |                                                                    ~~~~~~~~~~^~~~~
arm-none-eabi-gcc -o "FRA262_Studio3.elf" @"objects.list"   -mcpu=cortex-m4 -T"C:\Users\emper\STM32CubeIDE\workspace_1.14.1\FRA262_1DOF_ASRS\FRA262_Studio3\STM32G474RETX_FLASH.ld" --specs=nosys.specs -Wl,-Map="FRA262_Studio3.map" -Wl,--gc-sections -static --specs=nano.specs -mfpu=fpv4-sp-d16 -mfloat-abi=hard -mthumb -Wl,--start-group -lc -lm -Wl,--end-group
Finished building target: FRA262_Studio3.elf
 
arm-none-eabi-size  FRA262_Studio3.elf 
arm-none-eabi-objdump -h -S FRA262_Studio3.elf  > "FRA262_Studio3.list"
   text	   data	    bss	    dec	    hex	filename
  49084	    648	   6088	  55820	   da0c	FRA262_Studio3.elf
Finished building: default.size.stdout
 
Finished building: FRA262_Studio3.list
 
19:07:22 **** Incremental Build of configuration Debug for project FRA262_Studio3 ****
make -j16 all 
arm-none-eabi-size  FRA262_Studio3.elf 
   text	   data	    bss	    dec	    hex	filename
  49084	    648	   6088	  55820	   da0c	FRA262_Studio3.elf
Finished building: default.size.stdout
 
19:08:24 **** Incremental Build of configuration Debug for project FRA262_Studio3 ****
make -j16 all 
arm-none-eabi-gcc "../Core/Src/BaseSystem.c" -mcpu=cortex-m4 -std=gnu11 -g3 -DDEBUG -DUSE_HAL_DRIVER -DSTM32G474xx -c -I../Core/Inc -I../Drivers/STM32G4xx_HAL_Driver/Inc -I../Drivers/STM32G4xx_HAL_Driver/Inc/Legacy -I../Drivers/CMSIS/Device/ST/STM32G4xx/Include -I../Drivers/CMSIS/Include -O0 -ffunction-sections -fdata-sections -Wall -fstack-usage -fcyclomatic-complexity -MMD -MP -MF"Core/Src/BaseSystem.d" -MT"Core/Src/BaseSystem.o" --specs=nano.specs -mfpu=fpv4-sp-d16 -mfloat-abi=hard -mthumb -o "Core/Src/BaseSystem.o"
../Core/Src/BaseSystem.c:12:8: warning: type defaults to 'int' in declaration of 'STATE' [-Wimplicit-int]
   12 | extern STATE;
      |        ^~~~~
../Core/Src/BaseSystem.c: In function 'Routine':
../Core/Src/BaseSystem.c:42:46: warning: implicit declaration of function 'fabs' [-Wimplicit-function-declaration]
   42 |         registerFrame[0x12].U16 = (uint16_t)(fabs(QEI->LinearVelocity * 10)); //Z-axis Actual Speed = 20
      |                                              ^~~~
../Core/Src/BaseSystem.c:8:1: note: include '<math.h>' or provide a declaration of 'fabs'
    7 | #include <BaseSystem.h>
  +++ |+#include <math.h>
    8 | 
../Core/Src/BaseSystem.c:42:46: warning: incompatible implicit declaration of built-in function 'fabs' [-Wbuiltin-declaration-mismatch]
   42 |         registerFrame[0x12].U16 = (uint16_t)(fabs(QEI->LinearVelocity * 10)); //Z-axis Actual Speed = 20
      |                                              ^~~~
../Core/Src/BaseSystem.c:42:46: note: include '<math.h>' or provide a declaration of 'fabs'
arm-none-eabi-gcc -o "FRA262_Studio3.elf" @"objects.list"   -mcpu=cortex-m4 -T"C:\Users\emper\STM32CubeIDE\workspace_1.14.1\FRA262_1DOF_ASRS\FRA262_Studio3\STM32G474RETX_FLASH.ld" --specs=nosys.specs -Wl,-Map="FRA262_Studio3.map" -Wl,--gc-sections -static --specs=nano.specs -mfpu=fpv4-sp-d16 -mfloat-abi=hard -mthumb -Wl,--start-group -lc -lm -Wl,--end-group
Finished building target: FRA262_Studio3.elf
 
arm-none-eabi-size  FRA262_Studio3.elf 
arm-none-eabi-objdump -h -S FRA262_Studio3.elf  > "FRA262_Studio3.list"
   text	   data	    bss	    dec	    hex	filename
  48900	    648	   6088	  55636	   d954	FRA262_Studio3.elf
Finished building: default.size.stdout
 
Finished building: FRA262_Studio3.list
 
19:10:44 **** Incremental Build of configuration Debug for project FRA262_Studio3 ****
make -j16 all 
arm-none-eabi-gcc "../Core/Src/main.c" -mcpu=cortex-m4 -std=gnu11 -g3 -DDEBUG -DUSE_HAL_DRIVER -DSTM32G474xx -c -I../Core/Inc -I../Drivers/STM32G4xx_HAL_Driver/Inc -I../Drivers/STM32G4xx_HAL_Driver/Inc/Legacy -I../Drivers/CMSIS/Device/ST/STM32G4xx/Include -I../Drivers/CMSIS/Include -O0 -ffunction-sections -fdata-sections -Wall -fstack-usage -fcyclomatic-complexity -MMD -MP -MF"Core/Src/main.d" -MT"Core/Src/main.o" --specs=nano.specs -mfpu=fpv4-sp-d16 -mfloat-abi=hard -mthumb -o "Core/Src/main.o"
../Core/Src/main.c: In function 'main':
../Core/Src/main.c:175:37: warning: passing argument 2 of 'HAL_ADC_Start_DMA' from incompatible pointer type [-Wincompatible-pointer-types]
  175 |   HAL_ADC_Start_DMA(&hadc1, Joystick.XYBuffer, 200);
      |                             ~~~~~~~~^~~~~~~~~
      |                                     |
      |                                     uint16_t * {aka short unsigned int *}
In file included from ../Core/Inc/stm32g4xx_hal_conf.h:228,
                 from ../Drivers/STM32G4xx_HAL_Driver/Inc/stm32g4xx_hal.h:29,
                 from ../Core/Inc/main.h:30,
                 from ../Core/Src/main.c:20:
../Drivers/STM32G4xx_HAL_Driver/Inc/stm32g4xx_hal_adc.h:2242:78: note: expected 'uint32_t *' {aka 'long unsigned int *'} but argument is of type 'uint16_t *' {aka 'short unsigned int *'}
 2242 | HAL_StatusTypeDef       HAL_ADC_Start_DMA(ADC_HandleTypeDef *hadc, uint32_t *pData, uint32_t Length);
      |                                                                    ~~~~~~~~~~^~~~~
arm-none-eabi-gcc -o "FRA262_Studio3.elf" @"objects.list"   -mcpu=cortex-m4 -T"C:\Users\emper\STM32CubeIDE\workspace_1.14.1\FRA262_1DOF_ASRS\FRA262_Studio3\STM32G474RETX_FLASH.ld" --specs=nosys.specs -Wl,-Map="FRA262_Studio3.map" -Wl,--gc-sections -static --specs=nano.specs -mfpu=fpv4-sp-d16 -mfloat-abi=hard -mthumb -Wl,--start-group -lc -lm -Wl,--end-group
Finished building target: FRA262_Studio3.elf
 
arm-none-eabi-size  FRA262_Studio3.elf 
arm-none-eabi-objdump -h -S FRA262_Studio3.elf  > "FRA262_Studio3.list"
   text	   data	    bss	    dec	    hex	filename
  41376	    108	   5816	  47300	   b8c4	FRA262_Studio3.elf
Finished building: default.size.stdout
 
Finished building: FRA262_Studio3.list
 
19:11:44 **** Incremental Build of configuration Debug for project FRA262_Studio3 ****
make -j16 all 
arm-none-eabi-gcc "../Core/Src/main.c" -mcpu=cortex-m4 -std=gnu11 -g3 -DDEBUG -DUSE_HAL_DRIVER -DSTM32G474xx -c -I../Core/Inc -I../Drivers/STM32G4xx_HAL_Driver/Inc -I../Drivers/STM32G4xx_HAL_Driver/Inc/Legacy -I../Drivers/CMSIS/Device/ST/STM32G4xx/Include -I../Drivers/CMSIS/Include -O0 -ffunction-sections -fdata-sections -Wall -fstack-usage -fcyclomatic-complexity -MMD -MP -MF"Core/Src/main.d" -MT"Core/Src/main.o" --specs=nano.specs -mfpu=fpv4-sp-d16 -mfloat-abi=hard -mthumb -o "Core/Src/main.o"
../Core/Src/main.c: In function 'main':
../Core/Src/main.c:175:37: warning: passing argument 2 of 'HAL_ADC_Start_DMA' from incompatible pointer type [-Wincompatible-pointer-types]
  175 |   HAL_ADC_Start_DMA(&hadc1, Joystick.XYBuffer, 200);
      |                             ~~~~~~~~^~~~~~~~~
      |                                     |
      |                                     uint16_t * {aka short unsigned int *}
In file included from ../Core/Inc/stm32g4xx_hal_conf.h:228,
                 from ../Drivers/STM32G4xx_HAL_Driver/Inc/stm32g4xx_hal.h:29,
                 from ../Core/Inc/main.h:30,
                 from ../Core/Src/main.c:20:
../Drivers/STM32G4xx_HAL_Driver/Inc/stm32g4xx_hal_adc.h:2242:78: note: expected 'uint32_t *' {aka 'long unsigned int *'} but argument is of type 'uint16_t *' {aka 'short unsigned int *'}
 2242 | HAL_StatusTypeDef       HAL_ADC_Start_DMA(ADC_HandleTypeDef *hadc, uint32_t *pData, uint32_t Length);
      |                                                                    ~~~~~~~~~~^~~~~
arm-none-eabi-gcc -o "FRA262_Studio3.elf" @"objects.list"   -mcpu=cortex-m4 -T"C:\Users\emper\STM32CubeIDE\workspace_1.14.1\FRA262_1DOF_ASRS\FRA262_Studio3\STM32G474RETX_FLASH.ld" --specs=nosys.specs -Wl,-Map="FRA262_Studio3.map" -Wl,--gc-sections -static --specs=nano.specs -mfpu=fpv4-sp-d16 -mfloat-abi=hard -mthumb -Wl,--start-group -lc -lm -Wl,--end-group
Finished building target: FRA262_Studio3.elf
 
arm-none-eabi-size  FRA262_Studio3.elf 
arm-none-eabi-objdump -h -S FRA262_Studio3.elf  > "FRA262_Studio3.list"
   text	   data	    bss	    dec	    hex	filename
  48900	    648	   6088	  55636	   d954	FRA262_Studio3.elf
Finished building: default.size.stdout
 
Finished building: FRA262_Studio3.list
 
19:15:36 **** Incremental Build of configuration Debug for project FRA262_Studio3 ****
make -j16 all 
arm-none-eabi-size  FRA262_Studio3.elf 
   text	   data	    bss	    dec	    hex	filename
  48900	    648	   6088	  55636	   d954	FRA262_Studio3.elf
Finished building: default.size.stdout
 
19:39:28 **** Incremental Build of configuration Debug for project FRA262_Studio3 ****
make -j16 all 
arm-none-eabi-gcc "../Core/Src/BaseSystem.c" -mcpu=cortex-m4 -std=gnu11 -g3 -DDEBUG -DUSE_HAL_DRIVER -DSTM32G474xx -c -I../Core/Inc -I../Drivers/STM32G4xx_HAL_Driver/Inc -I../Drivers/STM32G4xx_HAL_Driver/Inc/Legacy -I../Drivers/CMSIS/Device/ST/STM32G4xx/Include -I../Drivers/CMSIS/Include -O0 -ffunction-sections -fdata-sections -Wall -fstack-usage -fcyclomatic-complexity -MMD -MP -MF"Core/Src/BaseSystem.d" -MT"Core/Src/BaseSystem.o" --specs=nano.specs -mfpu=fpv4-sp-d16 -mfloat-abi=hard -mthumb -o "Core/Src/BaseSystem.o"
../Core/Src/BaseSystem.c:12:8: warning: type defaults to 'int' in declaration of 'STATE' [-Wimplicit-int]
   12 | extern STATE;
      |        ^~~~~
../Core/Src/BaseSystem.c: In function 'Routine':
../Core/Src/BaseSystem.c:42:46: warning: implicit declaration of function 'fabs' [-Wimplicit-function-declaration]
   42 |         registerFrame[0x12].U16 = (uint16_t)(fabs(QEI->LinearVelocity * 10)); //Z-axis Actual Speed = 20
[...]
      |                             ~~~~~~~~^~~~~~~~~
      |                                     |
      |                                     uint16_t * {aka short unsigned int *}
In file included from ../Core/Inc/stm32g4xx_hal_conf.h:228,
                 from ../Drivers/STM32G4xx_HAL_Driver/Inc/stm32g4xx_hal.h:29,
                 from ../Core/Inc/main.h:30,
                 from ../Core/Src/main.c:20:
../Drivers/STM32G4xx_HAL_Driver/Inc/stm32g4xx_hal_adc.h:2242:78: note: expected 'uint32_t *' {aka 'long unsigned int *'} but argument is of type 'uint16_t *' {aka 'short unsigned int *'}
 2242 | HAL_StatusTypeDef       HAL_ADC_Start_DMA(ADC_HandleTypeDef *hadc, uint32_t *pData, uint32_t Length);
      |                                                                    ~~~~~~~~~~^~~~~
../Core/Src/main.c:228:25: warning: implicit declaration of function 'Motor_Control' [-Wimplicit-function-declaration]
  228 |                         Motor_Control((int32_t)(PIDv.Command));
      |                         ^~~~~~~~~~~~~
arm-none-eabi-gcc -o "FRA262_Studio3.elf" @"objects.list"   -mcpu=cortex-m4 -T"C:\Users\emper\STM32CubeIDE\workspace_1.14.1\FRA262_1DOF_ASRS\FRA262_Studio3\STM32G474RETX_FLASH.ld" --specs=nosys.specs -Wl,-Map="FRA262_Studio3.map" -Wl,--gc-sections -static --specs=nano.specs -mfpu=fpv4-sp-d16 -mfloat-abi=hard -mthumb -Wl,--start-group -lc -lm -Wl,--end-group
Finished building target: FRA262_Studio3.elf
 
arm-none-eabi-size  FRA262_Studio3.elf 
arm-none-eabi-objdump -h -S FRA262_Studio3.elf  > "FRA262_Studio3.list"
   text	   data	    bss	    dec	    hex	filename
  49168	    648	   6080	  55896	   da58	FRA262_Studio3.elf
Finished building: default.size.stdout
 
Finished building: FRA262_Studio3.list
 
18:39:37 **** Incremental Build of configuration Debug for project FRA262_Studio3 ****
make -j16 all 
arm-none-eabi-gcc "../Core/Src/main.c" -mcpu=cortex-m4 -std=gnu11 -g3 -DDEBUG -DUSE_HAL_DRIVER -DSTM32G474xx -c -I../Core/Inc -I../Drivers/STM32G4xx_HAL_Driver/Inc -I../Drivers/STM32G4xx_HAL_Driver/Inc/Legacy -I../Drivers/CMSIS/Device/ST/STM32G4xx/Include -I../Drivers/CMSIS/Include -O0 -ffunction-sections -fdata-sections -Wall -fstack-usage -fcyclomatic-complexity -MMD -MP -MF"Core/Src/main.d" -MT"Core/Src/main.o" --specs=nano.specs -mfpu=fpv4-sp-d16 -mfloat-abi=hard -mthumb -o "Core/Src/main.o"
../Core/Src/main.c: In function 'main':
../Core/Src/main.c:185:37: warning: passing argument 2 of 'HAL_ADC_Start_DMA' from incompatible pointer type [-Wincompatible-pointer-types]
  185 |   HAL_ADC_Start_DMA(&hadc1, Joystick.XYBuffer, 200);
      |                             ~~~~~~~~^~~~~~~~~
      |                                     |
      |                                     uint16_t * {aka short unsigned int *}
In file included from ../Core/Inc/stm32g4xx_hal_conf.h:228,
                 from ../Drivers/STM32G4xx_HAL_Driver/Inc/stm32g4xx_hal.h:29,
                 from ../Core/Inc/main.h:30,
                 from ../Core/Src/main.c:20:
../Drivers/STM32G4xx_HAL_Driver/Inc/stm32g4xx_hal_adc.h:2242:78: note: expected 'uint32_t *' {aka 'long unsigned int *'} but argument is of type 'uint16_t *' {aka 'short unsigned int *'}
 2242 | HAL_StatusTypeDef       HAL_ADC_Start_DMA(ADC_HandleTypeDef *hadc, uint32_t *pData, uint32_t Length);
      |                                                                    ~~~~~~~~~~^~~~~
../Core/Src/main.c:228:25: warning: implicit declaration of function 'Motor_Control' [-Wimplicit-function-declaration]
  228 |                         Motor_Control((int32_t)(PIDv.Command));
      |                         ^~~~~~~~~~~~~
arm-none-eabi-gcc -o "FRA262_Studio3.elf" @"objects.list"   -mcpu=cortex-m4 -T"C:\Users\emper\STM32CubeIDE\workspace_1.14.1\FRA262_1DOF_ASRS\FRA262_Studio3\STM32G474RETX_FLASH.ld" --specs=nosys.specs -Wl,-Map="FRA262_Studio3.map" -Wl,--gc-sections -static --specs=nano.specs -mfpu=fpv4-sp-d16 -mfloat-abi=hard -mthumb -Wl,--start-group -lc -lm -Wl,--end-group
Finished building target: FRA262_Studio3.elf
 
arm-none-eabi-size  FRA262_Studio3.elf 
arm-none-eabi-objdump -h -S FRA262_Studio3.elf  > "FRA262_Studio3.list"
   text	   data	    bss	    dec	    hex	filename
  49164	    648	   6080	  55892	   da54	FRA262_Studio3.elf
Finished building: default.size.stdout
 
Finished building: FRA262_Studio3.list
 
18:40:41 **** Incremental Build of configuration Debug for project FRA262_Studio3 ****
make -j16 all 
arm-none-eabi-gcc "../Core/Src/BaseSystem.c" -mcpu=cortex-m4 -std=gnu11 -g3 -DDEBUG -DUSE_HAL_DRIVER -DSTM32G474xx -c -I../Core/Inc -I../Drivers/STM32G4xx_HAL_Driver/Inc -I../Drivers/STM32G4xx_HAL_Driver/Inc/Legacy -I../Drivers/CMSIS/Device/ST/STM32G4xx/Include -I../Drivers/CMSIS/Include -O0 -ffunction-sections -fdata-sections -Wall -fstack-usage -fcyclomatic-complexity -MMD -MP -MF"Core/Src/BaseSystem.d" -MT"Core/Src/BaseSystem.o" --specs=nano.specs -mfpu=fpv4-sp-d16 -mfloat-abi=hard -mthumb -o "Core/Src/BaseSystem.o"
arm-none-eabi-gcc "../Core/Src/ModeHandler.c" -mcpu=cortex-m4 -std=gnu11 -g3 -DDEBUG -DUSE_HAL_DRIVER -DSTM32G474xx -c -I../Core/Inc -I../Drivers/STM32G4xx_HAL_Driver/Inc -I../Drivers/STM32G4xx_HAL_Driver/Inc/Legacy -I../Drivers/CMSIS/Device/ST/STM32G4xx/Include -I../Drivers/CMSIS/Include -O0 -ffunction-sections -fdata-sections -Wall -fstack-usage -fcyclomatic-complexity -MMD -MP -MF"Core/Src/ModeHandler.d" -MT"Core/Src/ModeHandler.o" --specs=nano.specs -mfpu=fpv4-sp-d16 -mfloat-abi=hard -mthumb -o "Core/Src/ModeHandler.o"
arm-none-eabi-gcc "../Core/Src/main.c" -mcpu=cortex-m4 -std=gnu11 -g3 -DDEBUG -DUSE_HAL_DRIVER -DSTM32G474xx -c -I../Core/Inc -I../Drivers/STM32G4xx_HAL_Driver/Inc -I../Drivers/STM32G4xx_HAL_Driver/Inc/Legacy -I../Drivers/CMSIS/Device/ST/STM32G4xx/Include -I../Drivers/CMSIS/Include -O0 -ffunction-sections -fdata-sections -Wall -fstack-usage -fcyclomatic-complexity -MMD -MP -MF"Core/Src/main.d" -MT"Core/Src/main.o" --specs=nano.specs -mfpu=fpv4-sp-d16 -mfloat-abi=hard -mthumb -o "Core/Src/main.o"
../Core/Src/BaseSystem.c:12:8: warning: type defaults to 'int' in declaration of 'STATE' [-Wimplicit-int]
   12 | extern STATE;
      |        ^~~~~
../Core/Src/BaseSystem.c:13:8: warning: type defaults to 'int' in declaration of 'test' [-Wimplicit-int]
   13 | extern test;
      |        ^~~~
../Core/Src/BaseSystem.c: In function 'Routine':
../Core/Src/BaseSystem.c:38:46: warning: implicit declaration of function 'fabs' [-Wimplicit-function-declaration]
   38 |         registerFrame[0x12].U16 = (uint16_t)(fabs(QEI->LinearVelocity * 10)); //Z-axis Actual Speed = 20
      |                                              ^~~~
../Core/Src/BaseSystem.c:8:1: note: include '<math.h>' or provide a declaration of 'fabs'
    7 | #include <BaseSystem.h>
  +++ |+#include <math.h>
    8 | 
../Core/Src/BaseSystem.c:38:46: warning: incompatible implicit declaration of built-in function 'fabs' [-Wbuiltin-declaration-mismatch]
   38 |         registerFrame[0x12].U16 = (uint16_t)(fabs(QEI->LinearVelocity * 10)); //Z-axis Actual Speed = 20
      |                                              ^~~~
../Core/Src/BaseSystem.c:38:46: note: include '<math.h>' or provide a declaration of 'fabs'
../Core/Src/ModeHandler.c: In function 'SetShelve_mode':
../Core/Src/ModeHandler.c:73:17: warning: implicit declaration of function 'Motor_Control' [-Wimplicit-function-declaration]
   73 |                 Motor_Control(_BACKDRIVE_FACTOR);
      |                 ^~~~~~~~~~~~~
../Core/Src/ModeHandler.c: In function 'Point_mode':
../Core/Src/ModeHandler.c:114:12: warning: implicit declaration of function 'fabs' [-Wimplicit-function-declaration]
  114 |         if(fabs(QEI->LinearPosition - goal) <= 0.05)
      |            ^~~~
../Core/Src/ModeHandler.c:10:1: note: include '<math.h>' or provide a declaration of 'fabs'
    9 | #include "main.h"
  +++ |+#include <math.h>
   10 | 
../Core/Src/ModeHandler.c:114:12: warning: incompatible implicit declaration of built-in function 'fabs' [-Wbuiltin-declaration-mismatch]
  114 |         if(fabs(QEI->LinearPosition - goal) <= 0.05)
      |            ^~~~
../Core/Src/ModeHandler.c:114:12: note: include '<math.h>' or provide a declaration of 'fabs'
../Core/Src/ModeHandler.c: In function 'Jog_mode':
../Core/Src/ModeHandler.c:155:28: warning: incompatible implicit declaration of built-in function 'fabs' [-Wbuiltin-declaration-mismatch]
  155 |                         if(fabs(QEI->LinearPosition - SetPosition) <= 0.05)
      |                            ^~~~
../Core/Src/ModeHandler.c:155:28: note: include '<math.h>' or provide a declaration of 'fabs'
../Core/Src/main.c: In function 'main':
../Core/Src/main.c:185:37: warning: passing argument 2 of 'HAL_ADC_Start_DMA' from incompatible pointer type [-Wincompatible-pointer-types]
  185 |   HAL_ADC_Start_DMA(&hadc1, Joystick.XYBuffer, 200);
      |                             ~~~~~~~~^~~~~~~~~
      |                                     |
      |                                     uint16_t * {aka short unsigned int *}
In file included from ../Core/Inc/stm32g4xx_hal_conf.h:228,
                 from ../Drivers/STM32G4xx_HAL_Driver/Inc/stm32g4xx_hal.h:29,
                 from ../Core/Inc/main.h:30,
                 from ../Core/Src/main.c:20:
../Drivers/STM32G4xx_HAL_Driver/Inc/stm32g4xx_hal_adc.h:2242:78: note: expected 'uint32_t *' {aka 'long unsigned int *'} but argument is of type 'uint16_t *' {aka 'short unsigned int *'}
 2242 | HAL_StatusTypeDef       HAL_ADC_Start_DMA(ADC_HandleTypeDef *hadc, uint32_t *pData, uint32_t Length);
      |                                                                    ~~~~~~~~~~^~~~~
../Core/Src/main.c:228:25: warning: implicit declaration of function 'Motor_Control' [-Wimplicit-function-declaration]
  228 |                         Motor_Control((int32_t)(PIDv.Command));
      |                         ^~~~~~~~~~~~~
arm-none-eabi-gcc -o "FRA262_Studio3.elf" @"objects.list"   -mcpu=cortex-m4 -T"C:\Users\emper\STM32CubeIDE\workspace_1.14.1\FRA262_1DOF_ASRS\FRA262_Studio3\STM32G474RETX_FLASH.ld" --specs=nosys.specs -Wl,-Map="FRA262_Studio3.map" -Wl,--gc-sections -static --specs=nano.specs -mfpu=fpv4-sp-d16 -mfloat-abi=hard -mthumb -Wl,--start-group -lc -lm -Wl,--end-group
Finished building target: FRA262_Studio3.elf
 
arm-none-eabi-size  FRA262_Studio3.elf 
arm-none-eabi-objdump -h -S FRA262_Studio3.elf  > "FRA262_Studio3.list"
   text	   data	    bss	    dec	    hex	filename
  49164	    648	   6080	  55892	   da54	FRA262_Studio3.elf
Finished building: default.size.stdout
 
Finished building: FRA262_Studio3.list
 
18:41:00 **** Incremental Build of configuration Debug for project FRA262_Studio3 ****
make -j16 all 
arm-none-eabi-gcc "../Core/Src/main.c" -mcpu=cortex-m4 -std=gnu11 -g3 -DDEBUG -DUSE_HAL_DRIVER -DSTM32G474xx -c -I../Core/Inc -I../Drivers/STM32G4xx_HAL_Driver/Inc -I../Drivers/STM32G4xx_HAL_Driver/Inc/Legacy -I../Drivers/CMSIS/Device/ST/STM32G4xx/Include -I../Drivers/CMSIS/Include -O0 -ffunction-sections -fdata-sections -Wall -fstack-usage -fcyclomatic-complexity -MMD -MP -MF"Core/Src/main.d" -MT"Core/Src/main.o" --specs=nano.specs -mfpu=fpv4-sp-d16 -mfloat-abi=hard -mthumb -o "Core/Src/main.o"
../Core/Src/main.c: In function 'main':
../Core/Src/main.c:185:37: warning: passing argument 2 of 'HAL_ADC_Start_DMA' from incompatible pointer type [-Wincompatible-pointer-types]
  185 |   HAL_ADC_Start_DMA(&hadc1, Joystick.XYBuffer, 200);
      |                             ~~~~~~~~^~~~~~~~~
      |                                     |
      |                                     uint16_t * {aka short unsigned int *}
In file included from ../Core/Inc/stm32g4xx_hal_conf.h:228,
                 from ../Drivers/STM32G4xx_HAL_Driver/Inc/stm32g4xx_hal.h:29,
                 from ../Core/Inc/main.h:30,
                 from ../Core/Src/main.c:20:
../Drivers/STM32G4xx_HAL_Driver/Inc/stm32g4xx_hal_adc.h:2242:78: note: expected 'uint32_t *' {aka 'long unsigned int *'} but argument is of type 'uint16_t *' {aka 'short unsigned int *'}
 2242 | HAL_StatusTypeDef       HAL_ADC_Start_DMA(ADC_HandleTypeDef *hadc, uint32_t *pData, uint32_t Length);
      |                                                                    ~~~~~~~~~~^~~~~
../Core/Src/main.c:228:25: warning: implicit declaration of function 'Motor_Control' [-Wimplicit-function-declaration]
  228 |                         Motor_Control((int32_t)(PIDv.Command));
      |                         ^~~~~~~~~~~~~
arm-none-eabi-gcc -o "FRA262_Studio3.elf" @"objects.list"   -mcpu=cortex-m4 -T"C:\Users\emper\STM32CubeIDE\workspace_1.14.1\FRA262_1DOF_ASRS\FRA262_Studio3\STM32G474RETX_FLASH.ld" --specs=nosys.specs -Wl,-Map="FRA262_Studio3.map" -Wl,--gc-sections -static --specs=nano.specs -mfpu=fpv4-sp-d16 -mfloat-abi=hard -mthumb -Wl,--start-group -lc -lm -Wl,--end-group
Finished building target: FRA262_Studio3.elf
 
arm-none-eabi-size  FRA262_Studio3.elf 
arm-none-eabi-objdump -h -S FRA262_Studio3.elf  > "FRA262_Studio3.list"
   text	   data	    bss	    dec	    hex	filename
  49156	    648	   6080	  55884	   da4c	FRA262_Studio3.elf
Finished building: default.size.stdout
 
Finished building: FRA262_Studio3.list
 
18:43:10 **** Incremental Build of configuration Debug for project FRA262_Studio3 ****
make -j16 all 
arm-none-eabi-gcc "../Core/Src/BaseSystem.c" -mcpu=cortex-m4 -std=gnu11 -g3 -DDEBUG -DUSE_HAL_DRIVER -DSTM32G474xx -c -I../Core/Inc -I../Drivers/STM32G4xx_HAL_Driver/Inc -I../Drivers/STM32G4xx_HAL_Driver/Inc/Legacy -I../Drivers/CMSIS/Device/ST/STM32G4xx/Include -I../Drivers/CMSIS/Include -O0 -ffunction-sections -fdata-sections -Wall -fstack-usage -fcyclomatic-complexity -MMD -MP -MF"Core/Src/BaseSystem.d" -MT"Core/Src/BaseSystem.o" --specs=nano.specs -mfpu=fpv4-sp-d16 -mfloat-abi=hard -mthumb -o "Core/Src/BaseSystem.o"
../Core/Src/BaseSystem.c:12:8: warning: type defaults to 'int' in declaration of 'STATE' [-Wimplicit-int]
   12 | extern STATE;
      |        ^~~~~
../Core/Src/BaseSystem.c:13:8: warning: type defaults to 'int' in declaration of 'test' [-Wimplicit-int]
   13 | extern test;
      |        ^~~~
../Core/Src/BaseSystem.c: In function 'Routine':
../Core/Src/BaseSystem.c:38:46: warning: implicit declaration of function 'fabs' [-Wimplicit-function-declaration]
   38 |         registerFrame[0x12].U16 = (uint16_t)(fabs(QEI->LinearVelocity * 10)); //Z-axis Actual Speed = 20
      |                                              ^~~~
../Core/Src/BaseSystem.c:8:1: note: include '<math.h>' or provide a declaration of 'fabs'
    7 | #include <BaseSystem.h>
  +++ |+#include <math.h>
    8 | 
../Core/Src/BaseSystem.c:38:46: warning: incompatible implicit declaration of built-in function 'fabs' [-Wbuiltin-declaration-mismatch]
   38 |         registerFrame[0x12].U16 = (uint16_t)(fabs(QEI->LinearVelocity * 10)); //Z-axis Actual Speed = 20
      |                                              ^~~~
../Core/Src/BaseSystem.c:38:46: note: include '<math.h>' or provide a declaration of 'fabs'
arm-none-eabi-gcc -o "FRA262_Studio3.elf" @"objects.list"   -mcpu=cortex-m4 -T"C:\Users\emper\STM32CubeIDE\workspace_1.14.1\FRA262_1DOF_ASRS\FRA262_Studio3\STM32G474RETX_FLASH.ld" --specs=nosys.specs -Wl,-Map="FRA262_Studio3.map" -Wl,--gc-sections -static --specs=nano.specs -mfpu=fpv4-sp-d16 -mfloat-abi=hard -mthumb -Wl,--start-group -lc -lm -Wl,--end-group
Finished building target: FRA262_Studio3.elf
 
arm-none-eabi-size  FRA262_Studio3.elf 
arm-none-eabi-objdump -h -S FRA262_Studio3.elf  > "FRA262_Studio3.list"
   text	   data	    bss	    dec	    hex	filename
  49164	    648	   6080	  55892	   da54	FRA262_Studio3.elf
Finished building: default.size.stdout
 
Finished building: FRA262_Studio3.list
 
18:50:44 **** Incremental Build of configuration Debug for project FRA262_Studio3 ****
make -j16 all 
arm-none-eabi-gcc "../Core/Src/BaseSystem.c" -mcpu=cortex-m4 -std=gnu11 -g3 -DDEBUG -DUSE_HAL_DRIVER -DSTM32G474xx -c -I../Core/Inc -I../Drivers/STM32G4xx_HAL_Driver/Inc -I../Drivers/STM32G4xx_HAL_Driver/Inc/Legacy -I../Drivers/CMSIS/Device/ST/STM32G4xx/Include -I../Drivers/CMSIS/Include -O0 -ffunction-sections -fdata-sections -Wall -fstack-usage -fcyclomatic-complexity -MMD -MP -MF"Core/Src/BaseSystem.d" -MT"Core/Src/BaseSystem.o" --specs=nano.specs -mfpu=fpv4-sp-d16 -mfloat-abi=hard -mthumb -o "Core/Src/BaseSystem.o"
arm-none-eabi-gcc "../Core/Src/main.c" -mcpu=cortex-m4 -std=gnu11 -g3 -DDEBUG -DUSE_HAL_DRIVER -DSTM32G474xx -c -I../Core/Inc -I../Drivers/STM32G4xx_HAL_Driver/Inc -I../Drivers/STM32G4xx_HAL_Driver/Inc/Legacy -I../Drivers/CMSIS/Device/ST/STM32G4xx/Include -I../Drivers/CMSIS/Include -O0 -ffunction-sections -fdata-sections -Wall -fstack-usage -fcyclomatic-complexity -MMD -MP -MF"Core/Src/main.d" -MT"Core/Src/main.o" --specs=nano.specs -mfpu=fpv4-sp-d16 -mfloat-abi=hard -mthumb -o "Core/Src/main.o"
../Core/Src/BaseSystem.c:12:8: warning: type defaults to 'int' in declaration of 'STATE' [-Wimplicit-int]
   12 | extern STATE;
      |        ^~~~~
../Core/Src/BaseSystem.c:13:8: warning: type defaults to 'int' in declaration of 'test' [-Wimplicit-int]
   13 | extern test;
      |        ^~~~
../Core/Src/BaseSystem.c: In function 'Routine':
../Core/Src/BaseSystem.c:38:46: warning: implicit declaration of function 'fabs' [-Wimplicit-function-declaration]
   38 |         registerFrame[0x12].U16 = (uint16_t)(fabs(QEI->LinearVelocity * 10)); //Z-axis Actual Speed = 20
      |                                              ^~~~
../Core/Src/BaseSystem.c:8:1: note: include '<math.h>' or provide a declaration of 'fabs'
    7 | #include <BaseSystem.h>
  +++ |+#include <math.h>
    8 | 
../Core/Src/BaseSystem.c:38:46: warning: incompatible implicit declaration of built-in function 'fabs' [-Wbuiltin-declaration-mismatch]
   38 |         registerFrame[0x12].U16 = (uint16_t)(fabs(QEI->LinearVelocity * 10)); //Z-axis Actual Speed = 20
      |                                              ^~~~
../Core/Src/BaseSystem.c:38:46: note: include '<math.h>' or provide a declaration of 'fabs'
../Core/Src/main.c: In function 'main':
../Core/Src/main.c:185:37: warning: passing argument 2 of 'HAL_ADC_Start_DMA' from incompatible pointer type [-Wincompatible-pointer-types]
  185 |   HAL_ADC_Start_DMA(&hadc1, Joystick.XYBuffer, 200);
      |                             ~~~~~~~~^~~~~~~~~
      |                                     |
      |                                     uint16_t * {aka short unsigned int *}
In file included from ../Core/Inc/stm32g4xx_hal_conf.h:228,
                 from ../Drivers/STM32G4xx_HAL_Driver/Inc/stm32g4xx_hal.h:29,
                 from ../Core/Inc/main.h:30,
                 from ../Core/Src/main.c:20:
../Drivers/STM32G4xx_HAL_Driver/Inc/stm32g4xx_hal_adc.h:2242:78: note: expected 'uint32_t *' {aka 'long unsigned int *'} but argument is of type 'uint16_t *' {aka 'short unsigned int *'}
 2242 | HAL_StatusTypeDef       HAL_ADC_Start_DMA(ADC_HandleTypeDef *hadc, uint32_t *pData, uint32_t Length);
      |                                                                    ~~~~~~~~~~^~~~~
../Core/Src/main.c:228:25: warning: implicit declaration of function 'Motor_Control' [-Wimplicit-function-declaration]
  228 |                         Motor_Control((int32_t)(PIDv.Command));
      |                         ^~~~~~~~~~~~~
arm-none-eabi-gcc -o "FRA262_Studio3.elf" @"objects.list"   -mcpu=cortex-m4 -T"C:\Users\emper\STM32CubeIDE\workspace_1.14.1\FRA262_1DOF_ASRS\FRA262_Studio3\STM32G474RETX_FLASH.ld" --specs=nosys.specs -Wl,-Map="FRA262_Studio3.map" -Wl,--gc-sections -static --specs=nano.specs -mfpu=fpv4-sp-d16 -mfloat-abi=hard -mthumb -Wl,--start-group -lc -lm -Wl,--end-group
Finished building target: FRA262_Studio3.elf
 
arm-none-eabi-size  FRA262_Studio3.elf 
arm-none-eabi-objdump -h -S FRA262_Studio3.elf  > "FRA262_Studio3.list"
   text	   data	    bss	    dec	    hex	filename
  49160	    648	   6080	  55888	   da50	FRA262_Studio3.elf
Finished building: default.size.stdout
 
Finished building: FRA262_Studio3.list
 
